Archive member included to satisfy reference by file (symbol)

s:/microchip studio/7.0/toolchain/arm/arm-gnu-toolchain/bin/../lib/gcc/arm-none-eabi/6.3.1/../../../../arm-none-eabi/lib/thumb/v7e-m\libm.a(lib_a-w_log.o)
                              src/main.o (log)
s:/microchip studio/7.0/toolchain/arm/arm-gnu-toolchain/bin/../lib/gcc/arm-none-eabi/6.3.1/../../../../arm-none-eabi/lib/thumb/v7e-m\libm.a(lib_a-e_log.o)
                              s:/microchip studio/7.0/toolchain/arm/arm-gnu-toolchain/bin/../lib/gcc/arm-none-eabi/6.3.1/../../../../arm-none-eabi/lib/thumb/v7e-m\libm.a(lib_a-w_log.o) (__ieee754_log)
s:/microchip studio/7.0/toolchain/arm/arm-gnu-toolchain/bin/../lib/gcc/arm-none-eabi/6.3.1/../../../../arm-none-eabi/lib/thumb/v7e-m\libm.a(lib_a-s_lib_ver.o)
                              s:/microchip studio/7.0/toolchain/arm/arm-gnu-toolchain/bin/../lib/gcc/arm-none-eabi/6.3.1/../../../../arm-none-eabi/lib/thumb/v7e-m\libm.a(lib_a-w_log.o) (__fdlib_version)
s:/microchip studio/7.0/toolchain/arm/arm-gnu-toolchain/bin/../lib/gcc/arm-none-eabi/6.3.1/../../../../arm-none-eabi/lib/thumb/v7e-m\libm.a(lib_a-s_matherr.o)
                              s:/microchip studio/7.0/toolchain/arm/arm-gnu-toolchain/bin/../lib/gcc/arm-none-eabi/6.3.1/../../../../arm-none-eabi/lib/thumb/v7e-m\libm.a(lib_a-w_log.o) (matherr)
s:/microchip studio/7.0/toolchain/arm/arm-gnu-toolchain/bin/../lib/gcc/arm-none-eabi/6.3.1/../../../../arm-none-eabi/lib/thumb/v7e-m\libm.a(lib_a-s_nan.o)
                              s:/microchip studio/7.0/toolchain/arm/arm-gnu-toolchain/bin/../lib/gcc/arm-none-eabi/6.3.1/../../../../arm-none-eabi/lib/thumb/v7e-m\libm.a(lib_a-w_log.o) (nan)
s:/microchip studio/7.0/toolchain/arm/arm-gnu-toolchain/bin/../lib/gcc/arm-none-eabi/6.3.1/thumb/v7e-m\libgcc.a(_arm_addsubdf3.o)
                              src/main.o (__aeabi_dsub)
s:/microchip studio/7.0/toolchain/arm/arm-gnu-toolchain/bin/../lib/gcc/arm-none-eabi/6.3.1/thumb/v7e-m\libgcc.a(_arm_muldivdf3.o)
                              src/main.o (__aeabi_dmul)
s:/microchip studio/7.0/toolchain/arm/arm-gnu-toolchain/bin/../lib/gcc/arm-none-eabi/6.3.1/thumb/v7e-m\libgcc.a(_arm_cmpdf2.o)
                              s:/microchip studio/7.0/toolchain/arm/arm-gnu-toolchain/bin/../lib/gcc/arm-none-eabi/6.3.1/../../../../arm-none-eabi/lib/thumb/v7e-m\libm.a(lib_a-w_log.o) (__aeabi_dcmpeq)
s:/microchip studio/7.0/toolchain/arm/arm-gnu-toolchain/bin/../lib/gcc/arm-none-eabi/6.3.1/thumb/v7e-m\libgcc.a(_arm_unorddf2.o)
                              s:/microchip studio/7.0/toolchain/arm/arm-gnu-toolchain/bin/../lib/gcc/arm-none-eabi/6.3.1/../../../../arm-none-eabi/lib/thumb/v7e-m\libm.a(lib_a-w_log.o) (__aeabi_dcmpun)
s:/microchip studio/7.0/toolchain/arm/arm-gnu-toolchain/bin/../lib/gcc/arm-none-eabi/6.3.1/thumb/v7e-m\libgcc.a(_arm_truncdfsf2.o)
                              src/main.o (__aeabi_d2f)
s:/microchip studio/7.0/toolchain/arm/arm-gnu-toolchain/bin/../lib/gcc/arm-none-eabi/6.3.1/thumb/v7e-m\libgcc.a(_arm_addsubsf3.o)
                              src/main.o (__aeabi_fsub)
s:/microchip studio/7.0/toolchain/arm/arm-gnu-toolchain/bin/../lib/gcc/arm-none-eabi/6.3.1/thumb/v7e-m\libgcc.a(_arm_muldivsf3.o)
                              src/main.o (__aeabi_fdiv)
s:/microchip studio/7.0/toolchain/arm/arm-gnu-toolchain/bin/../lib/gcc/arm-none-eabi/6.3.1/thumb/v7e-m\libgcc.a(_arm_cmpsf2.o)
                              src/main.o (__aeabi_fcmplt)
s:/microchip studio/7.0/toolchain/arm/arm-gnu-toolchain/bin/../lib/gcc/arm-none-eabi/6.3.1/../../../../arm-none-eabi/lib/thumb/v7e-m\libc.a(lib_a-errno.o)
                              s:/microchip studio/7.0/toolchain/arm/arm-gnu-toolchain/bin/../lib/gcc/arm-none-eabi/6.3.1/../../../../arm-none-eabi/lib/thumb/v7e-m\libm.a(lib_a-w_log.o) (__errno)
s:/microchip studio/7.0/toolchain/arm/arm-gnu-toolchain/bin/../lib/gcc/arm-none-eabi/6.3.1/../../../../arm-none-eabi/lib/thumb/v7e-m\libc.a(lib_a-exit.o)
                              s:/microchip studio/7.0/toolchain/arm/arm-gnu-toolchain/bin/../lib/gcc/arm-none-eabi/6.3.1/../../../../arm-none-eabi/lib/thumb/v7e-m/crt0.o (exit)
s:/microchip studio/7.0/toolchain/arm/arm-gnu-toolchain/bin/../lib/gcc/arm-none-eabi/6.3.1/../../../../arm-none-eabi/lib/thumb/v7e-m\libc.a(lib_a-impure.o)
                              s:/microchip studio/7.0/toolchain/arm/arm-gnu-toolchain/bin/../lib/gcc/arm-none-eabi/6.3.1/../../../../arm-none-eabi/lib/thumb/v7e-m\libc.a(lib_a-exit.o) (_global_impure_ptr)
s:/microchip studio/7.0/toolchain/arm/arm-gnu-toolchain/bin/../lib/gcc/arm-none-eabi/6.3.1/../../../../arm-none-eabi/lib/thumb/v7e-m\libc.a(lib_a-init.o)
                              s:/microchip studio/7.0/toolchain/arm/arm-gnu-toolchain/bin/../lib/gcc/arm-none-eabi/6.3.1/../../../../arm-none-eabi/lib/thumb/v7e-m/crt0.o (__libc_init_array)
[...]
Memory Configuration

Name             Origin             Length             Attributes
rom              0x00400000         0x00040000         xr
ram              0x20000000         0x00010000         xrw
*default*        0x00000000         0xffffffff

Linker script and memory map

LOAD s:/microchip studio/7.0/toolchain/arm/arm-gnu-toolchain/bin/../lib/gcc/arm-none-eabi/6.3.1/thumb/v7e-m/crti.o
LOAD s:/microchip studio/7.0/toolchain/arm/arm-gnu-toolchain/bin/../lib/gcc/arm-none-eabi/6.3.1/thumb/v7e-m/crtbegin.o
LOAD s:/microchip studio/7.0/toolchain/arm/arm-gnu-toolchain/bin/../lib/gcc/arm-none-eabi/6.3.1/../../../../arm-none-eabi/lib/thumb/v7e-m/crt0.o
LOAD src/ASF/common/services/sleepmgr/sam/sleepmgr.o
LOAD src/ASF/common/services/usb/class/cdc/device/udi_cdc.o
LOAD src/ASF/common/services/usb/class/cdc/device/udi_cdc_desc.o
LOAD src/ASF/common/services/usb/udc/udc.o
LOAD src/ASF/sam/drivers/adc/adc.o
LOAD src/ASF/sam/drivers/matrix/matrix.o
LOAD src/ASF/sam/drivers/pio/pio_handler.o
LOAD src/ASF/sam/drivers/udp/udp_device.o
LOAD src/ASF/sam/drivers/usart/usart.o
LOAD src/ASF/sam/drivers/adc/adc_sam3u.o
LOAD src/ASF/common/services/serial/usart_serial.o
LOAD src/ASF/common/services/clock/sam4s/sysclk.o
LOAD src/ASF/sam/drivers/pio/pio.o
LOAD src/ASF/sam/drivers/pmc/pmc.o
LOAD src/ASF/sam/drivers/pwm/pwm.o
LOAD src/ASF/sam/drivers/tc/tc.o
LOAD src/ASF/sam/drivers/uart/uart.o
LOAD src/ASF/sam/drivers/pmc/sleep.o
LOAD src/ASF/common/boards/user_board/init.o
LOAD src/ASF/common/utils/interrupt/interrupt_sam_nvic.o
LOAD src/ASF/sam/utils/cmsis/sam4s/source/templates/gcc/startup_sam4s.o
LOAD src/ASF/sam/utils/cmsis/sam4s/source/templates/system_sam4s.o
LOAD src/ASF/sam/utils/syscalls/gcc/syscalls.o
LOAD src/main.o
START GROUP
LOAD ../src/ASF/thirdparty/CMSIS/Lib/GCC\libarm_cortexM4l_math.a
LOAD s:/microchip studio/7.0/toolchain/arm/arm-gnu-toolchain/bin/../lib/gcc/arm-none-eabi/6.3.1/../../../../arm-none-eabi/lib/thumb/v7e-m\libm.a
END GROUP
START GROUP
LOAD s:/microchip studio/7.0/toolchain/arm/arm-gnu-toolchain/bin/../lib/gcc/arm-none-eabi/6.3.1/thumb/v7e-m\libgcc.a
LOAD s:/microchip studio/7.0/toolchain/arm/arm-gnu-toolchain/bin/../lib/gcc/arm-none-eabi/6.3.1/../../../../arm-none-eabi/lib/thumb/v7e-m\libc.a
END GROUP
LOAD s:/microchip studio/7.0/toolchain/arm/arm-gnu-toolchain/bin/../lib/gcc/arm-none-eabi/6.3.1/thumb/v7e-m/crtend.o
LOAD s:/microchip studio/7.0/toolchain/arm/arm-gnu-toolchain/bin/../lib/gcc/arm-none-eabi/6.3.1/thumb/v7e-m/crtn.o
                0x00003000                __stack_size__ = DEFINED (__stack_size__)?__stack_size__:0x3000
                0x2000fffc                __ram_end__ = ((ORIGIN (ram) + LENGTH (ram)) - 0x4)

.text           0x00400000     0x8aec
                0x00400000                . = ALIGN (0x4)
                0x00400000                _sfixed = .
 *(.vectors .vectors.*)
 .vectors       0x00400000       0xcc src/ASF/sam/utils/cmsis/sam4s/source/templates/gcc/startup_sam4s.o
                0x00400000                exception_table
 *(.text .text.* .gnu.linkonce.t.*)
 .text          0x004000cc       0x6c s:/microchip studio/7.0/toolchain/arm/arm-gnu-toolchain/bin/../lib/gcc/arm-none-eabi/6.3.1/thumb/v7e-m/crtbegin.o
 .text.udi_cdc_comm_enable
                0x00400138       0x4c src/ASF/common/services/usb/class/cdc/device/udi_cdc.o
                0x00400138                udi_cdc_comm_enable
 .text.udi_cdc_comm_disable
                0x00400184       0x10 src/ASF/common/services/usb/class/cdc/device/udi_cdc.o
                0x00400184                udi_cdc_comm_disable
 .text.udi_cdc_data_disable
                0x00400194       0x1c src/ASF/common/services/usb/class/cdc/device/udi_cdc.o
                0x00400194                udi_cdc_data_disable
 .text.udi_cdc_data_setup
                0x004001b0        0x4 src/ASF/common/services/usb/class/cdc/device/udi_cdc.o
                0x004001b0                udi_cdc_data_setup
 .text.udi_cdc_getsetting
                0x004001b4        0x4 src/ASF/common/services/usb/class/cdc/device/udi_cdc.o
                0x004001b4                udi_cdc_getsetting
 .text.udi_cdc_comm_setup
                0x004001b8       0x84 src/ASF/common/services/usb/class/cdc/device/udi_cdc.o
                0x004001b8                udi_cdc_comm_setup
 .text.udi_cdc_line_coding_received
                0x0040023c        0x2 src/ASF/common/services/usb/class/cdc/device/udi_cdc.o
 *fill*         0x0040023e        0x2 
 .text.udi_cdc_tx_send
                0x00400240      0x148 src/ASF/common/services/usb/class/cdc/device/udi_cdc.o
 .text.udi_cdc_data_sent
                0x00400388       0x38 src/ASF/common/services/usb/class/cdc/device/udi_cdc.o
 .text.udi_cdc_data_sof_notify
                0x004003c0       0x10 src/ASF/common/services/usb/class/cdc/device/udi_cdc.o
                0x004003c0                udi_cdc_data_sof_notify
 .text.udi_cdc_multi_get_nb_received_data
                0x004003d0       0x54 src/ASF/common/services/usb/class/cdc/device/udi_cdc.o
                0x004003d0                udi_cdc_multi_get_nb_received_data
 .text.udi_cdc_multi_is_rx_ready
                0x00400424       0x14 src/ASF/common/services/usb/class/cdc/device/udi_cdc.o
                0x00400424                udi_cdc_multi_is_rx_ready
 .text.udi_cdc_rx_start
                0x00400438       0xb8 src/ASF/common/services/usb/class/cdc/device/udi_cdc.o
 .text.udi_cdc_data_enable
                0x004004f0       0x94 src/ASF/common/services/usb/class/cdc/device/udi_cdc.o
                0x004004f0                udi_cdc_data_enable
 .text.udi_cdc_data_received
                0x00400584       0x5c src/ASF/common/services/usb/class/cdc/device/udi_cdc.o
 .text.udi_cdc_is_rx_ready
                0x004005e0       0x10 src/ASF/common/services/usb/class/cdc/device/udi_cdc.o
                0x004005e0                udi_cdc_is_rx_ready
 .text.udi_cdc_multi_getc
                0x004005f0       0xbc src/ASF/common/services/usb/class/cdc/device/udi_cdc.o
                0x004005f0                udi_cdc_multi_getc
 .text.udi_cdc_getc
                0x004006ac       0x10 src/ASF/common/services/usb/class/cdc/device/udi_cdc.o
                0x004006ac                udi_cdc_getc
 .text.udi_cdc_multi_get_free_tx_buffer
                0x004006bc       0x7c src/ASF/common/services/usb/class/cdc/device/udi_cdc.o
                0x004006bc                udi_cdc_multi_get_free_tx_buffer
 .text.udi_cdc_get_free_tx_buffer
                0x00400738       0x10 src/ASF/common/services/usb/class/cdc/device/udi_cdc.o
                0x00400738                udi_cdc_get_free_tx_buffer
 .text.udi_cdc_multi_is_tx_ready
                0x00400748       0x14 src/ASF/common/services/usb/class/cdc/device/udi_cdc.o
                0x00400748                udi_cdc_multi_is_tx_ready
 .text.udi_cdc_is_tx_ready
                0x0040075c       0x10 src/ASF/common/services/usb/class/cdc/device/udi_cdc.o
                0x0040075c                udi_cdc_is_tx_ready
 .text.udi_cdc_multi_putc
                0x0040076c       0x9c src/ASF/common/services/usb/class/cdc/device/udi_cdc.o
                0x0040076c                udi_cdc_multi_putc
 .text.udi_cdc_putc
                0x00400808       0x10 src/ASF/common/services/usb/class/cdc/device/udi_cdc.o
                0x00400808                udi_cdc_putc
 .text.udc_next_desc_in_iface
                0x00400818       0x48 src/ASF/common/services/usb/udc/udc.o
 .text.udc_valid_address
                0x00400860       0x18 src/ASF/common/services/usb/udc/udc.o
 .text.udc_update_iface_desc
                0x00400878       0x74 src/ASF/common/services/usb/udc/udc.o
 .text.udc_iface_disable
                0x004008ec       0x6c src/ASF/common/services/usb/udc/udc.o
 .text.udc_iface_enable
                0x00400958       0x5c src/ASF/common/services/usb/udc/udc.o
 .text.udc_start
                0x004009b4        0xc src/ASF/common/services/usb/udc/udc.o
                0x004009b4                udc_start
 .text.udc_reset
                0x004009c0       0x48 src/ASF/common/services/usb/udc/udc.o
                0x004009c0                udc_reset
 .text.udc_sof_notify
                0x00400a08       0x40 src/ASF/common/services/usb/udc/udc.o
                0x00400a08                udc_sof_notify
 .text.udc_process_setup
                0x00400a48      0x410 src/ASF/common/services/usb/udc/udc.o
                0x00400a48                udc_process_setup
 .text.adc_init
                0x00400e58       0x34 src/ASF/sam/drivers/adc/adc.o
                0x00400e58                adc_init
 .text.adc_configure_trigger
                0x00400e8c        0xe src/ASF/sam/drivers/adc/adc.o
                0x00400e8c                adc_configure_trigger
 .text.adc_configure_timing
                0x00400e9a       0x1c src/ASF/sam/drivers/adc/adc.o
                0x00400e9a                adc_configure_timing
 .text.adc_enable_channel
                0x00400eb6        0xa src/ASF/sam/drivers/adc/adc.o
                0x00400eb6                adc_enable_channel
 .text.adc_get_status
                0x00400ec0        0x4 src/ASF/sam/drivers/adc/adc.o
                0x00400ec0                adc_get_status
 .text.pio_handler_process
                0x00400ec4       0x68 src/ASF/sam/drivers/pio/pio_handler.o
                0x00400ec4                pio_handler_process
 .text.PIOA_Handler
                0x00400f2c       0x14 src/ASF/sam/drivers/pio/pio_handler.o
                0x00400f2c                PIOA_Handler
 .text.PIOB_Handler
                0x00400f40       0x14 src/ASF/sam/drivers/pio/pio_handler.o
                0x00400f40                PIOB_Handler
 .text.udd_sleep_mode
                0x00400f54       0xa4 src/ASF/sam/drivers/udp/udp_device.o
 .text.udd_ctrl_init
                0x00400ff8       0x18 src/ASF/sam/drivers/udp/udp_device.o
 .text.udd_ctrl_stall_data
                0x00401010       0x38 src/ASF/sam/drivers/udp/udp_device.o
 .text.udd_ctrl_send_zlp_in
                0x00401048       0x38 src/ASF/sam/drivers/udp/udp_device.o
 .text.udd_ctrl_endofrequest
                0x00401080       0x10 src/ASF/sam/drivers/udp/udp_device.o
 .text.udd_ctrl_in_sent
                0x00401090      0x1b8 src/ASF/sam/drivers/udp/udp_device.o
 .text.udd_ep_finish_job
                0x00401248       0x40 src/ASF/sam/drivers/udp/udp_device.o
 .text.udd_ep_ack_out_received
                0x00401288       0xd4 src/ASF/sam/drivers/udp/udp_device.o
 .text.udd_ep_in_sent
                0x0040135c      0x1b4 src/ASF/sam/drivers/udp/udp_device.o
 .text.UDP_Handler
                0x00401510      0x908 src/ASF/sam/drivers/udp/udp_device.o
                0x00401510                UDP_Handler
 .text.udd_attach
                0x00401e18       0x7c src/ASF/sam/drivers/udp/udp_device.o
                0x00401e18                udd_attach
 .text.udd_enable
                0x00401e94       0xdc src/ASF/sam/drivers/udp/udp_device.o
                0x00401e94                udd_enable
 .text.udd_is_high_speed
                0x00401f70        0x4 src/ASF/sam/drivers/udp/udp_device.o
                0x00401f70                udd_is_high_speed
 .text.udd_set_address
                0x00401f74       0x3c src/ASF/sam/drivers/udp/udp_device.o
                0x00401f74                udd_set_address
 .text.udd_getaddress
                0x00401fb0       0x1c src/ASF/sam/drivers/udp/udp_device.o
                0x00401fb0                udd_getaddress
 .text.udd_get_frame_number
                0x00401fcc       0x10 src/ASF/sam/drivers/udp/udp_device.o
                0x00401fcc                udd_get_frame_number
 .text.udd_get_micro_frame_number
                0x00401fdc        0x4 src/ASF/sam/drivers/udp/udp_device.o
                0x00401fdc                udd_get_micro_frame_number
 .text.udd_set_setup_payload
                0x00401fe0        0xc src/ASF/sam/drivers/udp/udp_device.o
                0x00401fe0                udd_set_setup_payload
 .text.udd_ep_alloc
                0x00401fec       0xf8 src/ASF/sam/drivers/udp/udp_device.o
                0x00401fec                udd_ep_alloc
 .text.udd_ep_free
                0x004020e4       0x58 src/ASF/sam/drivers/udp/udp_device.o
                0x004020e4                udd_ep_free
 .text.udd_ep_is_halted
                0x0040213c       0x40 src/ASF/sam/drivers/udp/udp_device.o
                0x0040213c                udd_ep_is_halted
 .text.udd_ep_set_halt
                0x0040217c       0xe0 src/ASF/sam/drivers/udp/udp_device.o
                0x0040217c                udd_ep_set_halt
 .text.udd_ep_clear_halt
                0x0040225c       0xd8 src/ASF/sam/drivers/udp/udp_device.o
                0x0040225c                udd_ep_clear_halt
 .text.udd_ep_run
                0x00402334      0x17c src/ASF/sam/drivers/udp/udp_device.o
                0x00402334                udd_ep_run
 .text.udd_ep_abort
                0x004024b0      0x164 src/ASF/sam/drivers/udp/udp_device.o
                0x004024b0                udd_ep_abort
 .text.sysclk_enable_usb
                0x00402614       0x50 src/ASF/common/services/clock/sam4s/sysclk.o
                0x00402614                sysclk_enable_usb
 .text.sysclk_init
                0x00402664       0x64 src/ASF/common/services/clock/sam4s/sysclk.o
                0x00402664                sysclk_init
 .text.pio_set_peripheral
                0x004026c8       0x90 src/ASF/sam/drivers/pio/pio.o
                0x004026c8                pio_set_peripheral
 .text.pio_set_output
                0x00402758       0x26 src/ASF/sam/drivers/pio/pio.o
                0x00402758                pio_set_output
 .text.pio_get_interrupt_status
                0x0040277e        0x4 src/ASF/sam/drivers/pio/pio.o
                0x0040277e                pio_get_interrupt_status
 .text.pio_get_interrupt_mask
                0x00402782        0x4 src/ASF/sam/drivers/pio/pio.o
                0x00402782                pio_get_interrupt_mask
 *fill*         0x00402786        0x2 
 .text.pmc_switch_mck_to_pllack
                0x00402788       0x64 src/ASF/sam/drivers/pmc/pmc.o
                0x00402788                pmc_switch_mck_to_pllack
 .text.pmc_switch_mainck_to_fastrc
                0x004027ec       0x4c src/ASF/sam/drivers/pmc/pmc.o
                0x004027ec                pmc_switch_mainck_to_fastrc
 .text.pmc_osc_is_ready_mainck
                0x00402838       0x10 src/ASF/sam/drivers/pmc/pmc.o
                0x00402838                pmc_osc_is_ready_mainck
 .text.pmc_disable_pllack
                0x00402848       0x10 src/ASF/sam/drivers/pmc/pmc.o
                0x00402848                pmc_disable_pllack
 .text.pmc_is_locked_pllack
                0x00402858       0x10 src/ASF/sam/drivers/pmc/pmc.o
                0x00402858                pmc_is_locked_pllack
 .text.pmc_disable_pllbck
                0x00402868        0xc src/ASF/sam/drivers/pmc/pmc.o
                0x00402868                pmc_disable_pllbck
 .text.pmc_is_locked_pllbck
                0x00402874       0x10 src/ASF/sam/drivers/pmc/pmc.o
                0x00402874                pmc_is_locked_pllbck
 .text.pmc_enable_periph_clk
                0x00402884       0x54 src/ASF/sam/drivers/pmc/pmc.o
                0x00402884                pmc_enable_periph_clk
 .text.pmc_disable_periph_clk
                0x004028d8       0x54 src/ASF/sam/drivers/pmc/pmc.o
                0x004028d8                pmc_disable_periph_clk
 .text.pmc_switch_udpck_to_pllbck
                0x0040292c       0x14 src/ASF/sam/drivers/pmc/pmc.o
                0x0040292c                pmc_switch_udpck_to_pllbck
 .text.pmc_enable_udpck
                0x00402940        0xc src/ASF/sam/drivers/pmc/pmc.o
                0x00402940                pmc_enable_udpck
 .text.pmc_set_fast_startup_input
                0x0040294c       0x14 src/ASF/sam/drivers/pmc/pmc.o
                0x0040294c                pmc_set_fast_startup_input
 .text.pwm_clocks_generate
                0x00402960       0x54 src/ASF/sam/drivers/pwm/pwm.o
 .text.pwm_init
                0x004029b4       0x44 src/ASF/sam/drivers/pwm/pwm.o
                0x004029b4                pwm_init
 .text.pwm_channel_init
                0x004029f8       0xe6 src/ASF/sam/drivers/pwm/pwm.o
                0x004029f8                pwm_channel_init
 .text.pwm_channel_enable
                0x00402ade        0xa src/ASF/sam/drivers/pwm/pwm.o
                0x00402ade                pwm_channel_enable
 .text.pwm_channel_disable
                0x00402ae8        0xa src/ASF/sam/drivers/pwm/pwm.o
                0x00402ae8                pwm_channel_disable
 .text.tc_init  0x00402af2       0x18 src/ASF/sam/drivers/tc/tc.o
                0x00402af2                tc_init
 .text.tc_start
                0x00402b0a        0x8 src/ASF/sam/drivers/tc/tc.o
                0x00402b0a                tc_start
 .text.tc_write_rc
                0x00402b12        0x8 src/ASF/sam/drivers/tc/tc.o
                0x00402b12                tc_write_rc
 .text.tc_enable_interrupt
                0x00402b1a        0x8 src/ASF/sam/drivers/tc/tc.o
                0x00402b1a                tc_enable_interrupt
 .text.tc_get_status
                0x00402b22        0x8 src/ASF/sam/drivers/tc/tc.o
                0x00402b22                tc_get_status
 *fill*         0x00402b2a        0x2 
 .text.pmc_is_wakeup_clocks_restored
                0x00402b2c       0x10 src/ASF/sam/drivers/pmc/sleep.o
                0x00402b2c                pmc_is_wakeup_clocks_restored
 .text.board_init
                0x00402b3c      0x128 src/ASF/common/boards/user_board/init.o
                0x00402b3c                board_init
 .text.Dummy_Handler
                0x00402c64        0x2 src/ASF/sam/utils/cmsis/sam4s/source/templates/gcc/startup_sam4s.o
                0x00402c64                DebugMon_Handler
                0x00402c64                HardFault_Handler
                0x00402c64                TC2_Handler
                0x00402c64                SPI_Handler
                0x00402c64                SysTick_Handler
                0x00402c64                TWI1_Handler
                0x00402c64                PendSV_Handler
                0x00402c64                NMI_Handler
                0x00402c64                ADC_Handler
                0x00402c64                CRCCU_Handler
                0x00402c64                USART0_Handler
                0x00402c64                RTT_Handler
                0x00402c64                RTC_Handler
                0x00402c64                UsageFault_Handler
                0x00402c64                WDT_Handler
                0x00402c64                UART1_Handler
                0x00402c64                Dummy_Handler
                0x00402c64                TWI0_Handler
                0x00402c64                SSC_Handler
                0x00402c64                EFC0_Handler
                0x00402c64                ACC_Handler
                0x00402c64                PMC_Handler
                0x00402c64                PWM_Handler
                0x00402c64                MemManage_Handler
                0x00402c64                SUPC_Handler
                0x00402c64                SVC_Handler
                0x00402c64                UART0_Handler
                0x00402c64                BusFault_Handler
                0x00402c64                RSTC_Handler
                0x00402c64                TC0_Handler
 *fill*         0x00402c66        0x2 
 .text.Reset_Handler
                0x00402c68       0xac src/ASF/sam/utils/cmsis/sam4s/source/templates/gcc/startup_sam4s.o
                0x00402c68                Reset_Handler
 .text.SystemCoreClockUpdate
                0x00402d14      0x110 src/ASF/sam/utils/cmsis/sam4s/source/templates/system_sam4s.o
                0x00402d14                SystemCoreClockUpdate
 .text.system_init_flash
                0x00402e24       0x74 src/ASF/sam/utils/cmsis/sam4s/source/templates/system_sam4s.o
                0x00402e24                system_init_flash
 .text._sbrk    0x00402e98       0x38 src/ASF/sam/utils/syscalls/gcc/syscalls.o
                0x00402e98                _sbrk
 .text.calculateCellVoltage
                0x00402ed0       0x38 src/main.o
                0x00402ed0                calculateCellVoltage
 .text.calculateCellCurrent
                0x00402f08       0x64 src/main.o
                0x00402f08                calculateCellCurrent
 *fill*         0x00402f6c        0x4 
 .text.calculateTemp
                0x00402f70       0xd8 src/main.o
                0x00402f70                calculateTemp
 .text.getADCData
                0x00403048       0x44 src/main.o
                0x00403048                getADCData
 .text.TC1_Handler
                0x0040308c       0xe8 src/main.o
                0x0040308c                TC1_Handler
 .text.initPWM  0x00403174       0x8c src/main.o
                0x00403174                initPWM
 .text.checkForDischargeCurrent
                0x00403200       0x38 src/main.o
                0x00403200                checkForDischargeCurrent
 .text.updatePWM
                0x00403238       0x38 src/main.o
                0x00403238                updatePWM
 .text.LoadFeedback
                0x00403270      0x104 src/main.o
                0x00403270                LoadFeedback
 .text.main     0x00403374       0x34 src/main.o
                0x00403374                main
 .text.log      0x004033a8       0xf8 s:/microchip studio/7.0/toolchain/arm/arm-gnu-toolchain/bin/../lib/gcc/arm-none-eabi/6.3.1/../../../../arm-none-eabi/lib/thumb/v7e-m\libm.a(lib_a-w_log.o)
                0x004033a8                log
 .text.__ieee754_log
                0x004034a0      0x3e8 s:/microchip studio/7.0/toolchain/arm/arm-gnu-toolchain/bin/../lib/gcc/arm-none-eabi/6.3.1/../../../../arm-none-eabi/lib/thumb/v7e-m\libm.a(lib_a-e_log.o)
                0x004034a0                __ieee754_log
 .text.matherr  0x00403888        0x4 s:/microchip studio/7.0/toolchain/arm/arm-gnu-toolchain/bin/../lib/gcc/arm-none-eabi/6.3.1/../../../../arm-none-eabi/lib/thumb/v7e-m\libm.a(lib_a-s_matherr.o)
                0x00403888                matherr
 .text.nan      0x0040388c        0xc s:/microchip studio/7.0/toolchain/arm/arm-gnu-toolchain/bin/../lib/gcc/arm-none-eabi/6.3.1/../../../../arm-none-eabi/lib/thumb/v7e-m\libm.a(lib_a-s_nan.o)
                0x0040388c                nan
 .text          0x00403898      0x370 s:/microchip studio/7.0/toolchain/arm/arm-gnu-toolchain/bin/../lib/gcc/arm-none-eabi/6.3.1/thumb/v7e-m\libgcc.a(_arm_addsubdf3.o)
                0x00403898                __aeabi_drsub
                0x004038a0                __aeabi_dsub
                0x004038a0                __subdf3
                0x004038a4                __aeabi_dadd
                0x004038a4                __adddf3
                0x00403b1c                __floatunsidf
                0x00403b1c                __aeabi_ui2d
                0x00403b3c                __floatsidf
                0x00403b3c                __aeabi_i2d
                0x00403b60                __aeabi_f2d
                0x00403b60                __extendsfdf2
                0x00403b9c                __floatundidf
                0x00403b9c                __aeabi_ul2d
                0x00403bac                __floatdidf
                0x00403bac                __aeabi_l2d
 .text          0x00403c08      0x424 s:/microchip studio/7.0/toolchain/arm/arm-gnu-toolchain/bin/../lib/gcc/arm-none-eabi/6.3.1/thumb/v7e-m\libgcc.a(_arm_muldivdf3.o)
                0x00403c08                __aeabi_dmul
                0x00403c08                __muldf3
                0x00403e5c                __divdf3
                0x00403e5c                __aeabi_ddiv
 .text          0x0040402c      0x110 s:/microchip studio/7.0/toolchain/arm/arm-gnu-toolchain/bin/../lib/gcc/arm-none-eabi/6.3.1/thumb/v7e-m\libgcc.a(_arm_cmpdf2.o)
                0x0040402c                __gtdf2
                0x0040402c                __gedf2
                0x00404034                __ltdf2
                0x00404034                __ledf2
                0x0040403c                __nedf2
                0x0040403c                __eqdf2
                0x0040403c                __cmpdf2
                0x004040b8                __aeabi_cdrcmple
                0x004040c8                __aeabi_cdcmpeq
                0x004040c8                __aeabi_cdcmple
                0x004040d8                __aeabi_dcmpeq
                0x004040ec                __aeabi_dcmplt
                0x00404100                __aeabi_dcmple
                0x00404114                __aeabi_dcmpge
                0x00404128                __aeabi_dcmpgt
 .text          0x0040413c       0x2c s:/microchip studio/7.0/toolchain/arm/arm-gnu-toolchain/bin/../lib/gcc/arm-none-eabi/6.3.1/thumb/v7e-m\libgcc.a(_arm_unorddf2.o)
                0x0040413c                __unorddf2
                0x0040413c                __aeabi_dcmpun
 .text          0x00404168       0xa0 s:/microchip studio/7.0/toolchain/arm/arm-gnu-toolchain/bin/../lib/gcc/arm-none-eabi/6.3.1/thumb/v7e-m\libgcc.a(_arm_truncdfsf2.o)
                0x00404168                __truncdfsf2
                0x00404168                __aeabi_d2f
 .text          0x00404208      0x21c s:/microchip studio/7.0/toolchain/arm/arm-gnu-toolchain/bin/../lib/gcc/arm-none-eabi/6.3.1/thumb/v7e-m\libgcc.a(_arm_addsubsf3.o)
                0x00404208                __aeabi_frsub
                0x00404210                __subsf3
                0x00404210                __aeabi_fsub
                0x00404214                __aeabi_fadd
                0x00404214                __addsf3
                0x00404374                __aeabi_ui2f
                0x00404374                __floatunsisf
                0x0040437c                __aeabi_i2f
                0x0040437c                __floatsisf
                0x00404398                __aeabi_ul2f
                0x00404398                __floatundisf
                0x004043a8                __aeabi_l2f
                0x004043a8                __floatdisf
 .text          0x00404424      0x2a0 s:/microchip studio/7.0/toolchain/arm/arm-gnu-toolchain/bin/../lib/gcc/arm-none-eabi/6.3.1/thumb/v7e-m\libgcc.a(_arm_muldivsf3.o)
                0x00404424                __mulsf3
                0x00404424                __aeabi_fmul
                0x0040458c                __aeabi_fdiv
                0x0040458c                __divsf3
 .text          0x004046c4       0xec s:/microchip studio/7.0/toolchain/arm/arm-gnu-toolchain/bin/../lib/gcc/arm-none-eabi/6.3.1/thumb/v7e-m\libgcc.a(_arm_cmpsf2.o)
                0x004046c4                __gesf2
                0x004046c4                __gtsf2
                0x004046cc                __lesf2
                0x004046cc                __ltsf2
                0x004046d4                __nesf2
                0x004046d4                __eqsf2
                0x004046d4                __cmpsf2
                0x00404734                __aeabi_cfrcmple
                0x0040473c                __aeabi_cfcmpeq
                0x0040473c                __aeabi_cfcmple
                0x0040474c                __aeabi_fcmpeq
                0x00404760                __aeabi_fcmplt
                0x00404774                __aeabi_fcmple
                0x00404788                __aeabi_fcmpge
                0x0040479c                __aeabi_fcmpgt
 .text.__errno  0x004047b0        0xc s:/microchip studio/7.0/toolchain/arm/arm-gnu-toolchain/bin/../lib/gcc/arm-none-eabi/6.3.1/../../../../arm-none-eabi/lib/thumb/v7e-m\libc.a(lib_a-errno.o)
                0x004047b0                __errno
 .text.__libc_init_array
                0x004047bc       0x50 s:/microchip studio/7.0/toolchain/arm/arm-gnu-toolchain/bin/../lib/gcc/arm-none-eabi/6.3.1/../../../../arm-none-eabi/lib/thumb/v7e-m\libc.a(lib_a-init.o)
                0x004047bc                __libc_init_array
 .text          0x0040480c      0x134 s:/microchip studio/7.0/toolchain/arm/arm-gnu-toolchain/bin/../lib/gcc/arm-none-eabi/6.3.1/../../../../arm-none-eabi/lib/thumb/v7e-m\libc.a(lib_a-memcpy.o)
                0x0040480c                memcpy
 .text.memset   0x00404940       0x9c s:/microchip studio/7.0/toolchain/arm/arm-gnu-toolchain/bin/../lib/gcc/arm-none-eabi/6.3.1/../../../../arm-none-eabi/lib/thumb/v7e-m\libc.a(lib_a-memset.o)
                0x00404940                memset
 .text.sprintf  0x004049dc       0x4c s:/microchip studio/7.0/toolchain/arm/arm-gnu-toolchain/bin/../lib/gcc/arm-none-eabi/6.3.1/../../../../arm-none-eabi/lib/thumb/v7e-m\libc.a(lib_a-sprintf.o)
                0x004049dc                sprintf
 *fill*         0x00404a28       0x18 
 .text          0x00404a40       0xdc s:/microchip studio/7.0/toolchain/arm/arm-gnu-toolchain/bin/../lib/gcc/arm-none-eabi/6.3.1/../../../../arm-none-eabi/lib/thumb/v7e-m\libc.a(lib_a-strlen.o)
                0x00404a40                strlen
 .text._svfprintf_r
                0x00404b1c     0x145c s:/microchip studio/7.0/toolchain/arm/arm-gnu-toolchain/bin/../lib/gcc/arm-none-eabi/6.3.1/../../../../arm-none-eabi/lib/thumb/v7e-m\libc.a(lib_a-svfprintf.o)
                0x00404b1c                _svfprintf_r
 .text.startup.register_fini
                0x00405f78       0x14 s:/microchip studio/7.0/toolchain/arm/arm-gnu-toolchain/bin/../lib/gcc/arm-none-eabi/6.3.1/../../../../arm-none-eabi/lib/thumb/v7e-m\libc.a(lib_a-__call_atexit.o)
 .text.atexit   0x00405f8c        0xc s:/microchip studio/7.0/toolchain/arm/arm-gnu-toolchain/bin/../lib/gcc/arm-none-eabi/6.3.1/../../../../arm-none-eabi/lib/thumb/v7e-m\libc.a(lib_a-atexit.o)
                0x00405f8c                atexit
 .text.quorem   0x00405f98      0x128 s:/microchip studio/7.0/toolchain/arm/arm-gnu-toolchain/bin/../lib/gcc/arm-none-eabi/6.3.1/../../../../arm-none-eabi/lib/thumb/v7e-m\libc.a(lib_a-dtoa.o)
 .text._dtoa_r  0x004060c0      0xe54 s:/microchip studio/7.0/toolchain/arm/arm-gnu-toolchain/bin/../lib/gcc/arm-none-eabi/6.3.1/../../../../arm-none-eabi/lib/thumb/v7e-m\libc.a(lib_a-dtoa.o)
                0x004060c0                _dtoa_r
 .text.__libc_fini_array
                0x00406f14       0x34 s:/microchip studio/7.0/toolchain/arm/arm-gnu-toolchain/bin/../lib/gcc/arm-none-eabi/6.3.1/../../../../arm-none-eabi/lib/thumb/v7e-m\libc.a(lib_a-fini.o)
                0x00406f14                __libc_fini_array
 .text._malloc_trim_r
                0x00406f48       0xa0 s:/microchip studio/7.0/toolchain/arm/arm-gnu-toolchain/bin/../lib/gcc/arm-none-eabi/6.3.1/../../../../arm-none-eabi/lib/thumb/v7e-m\libc.a(lib_a-freer.o)
                0x00406f48                _malloc_trim_r
 .text._free_r  0x00406fe8      0x1cc s:/microchip studio/7.0/toolchain/arm/arm-gnu-toolchain/bin/../lib/gcc/arm-none-eabi/6.3.1/../../../../arm-none-eabi/lib/thumb/v7e-m\libc.a(lib_a-freer.o)
                0x00406fe8                _free_r
 .text._localeconv_r
                0x004071b4       0x1c s:/microchip studio/7.0/toolchain/arm/arm-gnu-toolchain/bin/../lib/gcc/arm-none-eabi/6.3.1/../../../../arm-none-eabi/lib/thumb/v7e-m\libc.a(lib_a-localeconv.o)
                0x004071b4                _localeconv_r
 .text.__retarget_lock_acquire_recursive
                0x004071d0        0x4 s:/microchip studio/7.0/toolchain/arm/arm-gnu-toolchain/bin/../lib/gcc/arm-none-eabi/6.3.1/../../../../arm-none-eabi/lib/thumb/v7e-m\libc.a(lib_a-lock.o)
                0x004071d0                __retarget_lock_acquire_recursive
 .text.__retarget_lock_release_recursive
                0x004071d4        0x4 s:/microchip studio/7.0/toolchain/arm/arm-gnu-toolchain/bin/../lib/gcc/arm-none-eabi/6.3.1/../../../../arm-none-eabi/lib/thumb/v7e-m\libc.a(lib_a-lock.o)
                0x004071d4                __retarget_lock_release_recursive
 .text._malloc_r
                0x004071d8      0x560 s:/microchip studio/7.0/toolchain/arm/arm-gnu-toolchain/bin/../lib/gcc/arm-none-eabi/6.3.1/../../../../arm-none-eabi/lib/thumb/v7e-m\libc.a(lib_a-mallocr.o)
                0x004071d8                _malloc_r
 .text.__ascii_mbtowc
                0x00407738       0x2c s:/microchip studio/7.0/toolchain/arm/arm-gnu-toolchain/bin/../lib/gcc/arm-none-eabi/6.3.1/../../../../arm-none-eabi/lib/thumb/v7e-m\libc.a(lib_a-mbtowc_r.o)
                0x00407738                __ascii_mbtowc
 *fill*         0x00407764        0xc 
 .text          0x00407770       0xa0 s:/microchip studio/7.0/toolchain/arm/arm-gnu-toolchain/bin/../lib/gcc/arm-none-eabi/6.3.1/../../../../arm-none-eabi/lib/thumb/v7e-m\libc.a(lib_a-memchr.o)
                0x00407770                memchr
 .text.memmove  0x00407810       0xc8 s:/microchip studio/7.0/toolchain/arm/arm-gnu-toolchain/bin/../lib/gcc/arm-none-eabi/6.3.1/../../../../arm-none-eabi/lib/thumb/v7e-m\libc.a(lib_a-memmove.o)
                0x00407810                memmove
 .text.__malloc_lock
                0x004078d8        0xc s:/microchip studio/7.0/toolchain/arm/arm-gnu-toolchain/bin/../lib/gcc/arm-none-eabi/6.3.1/../../../../arm-none-eabi/lib/thumb/v7e-m\libc.a(lib_a-mlock.o)
                0x004078d8                __malloc_lock
 .text.__malloc_unlock
                0x004078e4        0xc s:/microchip studio/7.0/toolchain/arm/arm-gnu-toolchain/bin/../lib/gcc/arm-none-eabi/6.3.1/../../../../arm-none-eabi/lib/thumb/v7e-m\libc.a(lib_a-mlock.o)
                0x004078e4                __malloc_unlock
 .text._Balloc  0x004078f0       0x4c s:/microchip studio/7.0/toolchain/arm/arm-gnu-toolchain/bin/../lib/gcc/arm-none-eabi/6.3.1/../../../../arm-none-eabi/lib/thumb/v7e-m\libc.a(lib_a-mprec.o)
                0x004078f0                _Balloc
 .text._Bfree   0x0040793c       0x14 s:/microchip studio/7.0/toolchain/arm/arm-gnu-toolchain/bin/../lib/gcc/arm-none-eabi/6.3.1/../../../../arm-none-eabi/lib/thumb/v7e-m\libc.a(lib_a-mprec.o)
                0x0040793c                _Bfree
 .text.__multadd
                0x00407950       0x80 s:/microchip studio/7.0/toolchain/arm/arm-gnu-toolchain/bin/../lib/gcc/arm-none-eabi/6.3.1/../../../../arm-none-eabi/lib/thumb/v7e-m\libc.a(lib_a-mprec.o)
                0x00407950                __multadd
 .text.__hi0bits
                0x004079d0       0x40 s:/microchip studio/7.0/toolchain/arm/arm-gnu-toolchain/bin/../lib/gcc/arm-none-eabi/6.3.1/../../../../arm-none-eabi/lib/thumb/v7e-m\libc.a(lib_a-mprec.o)
                0x004079d0                __hi0bits
 .text.__lo0bits
                0x00407a10       0x60 s:/microchip studio/7.0/toolchain/arm/arm-gnu-toolchain/bin/../lib/gcc/arm-none-eabi/6.3.1/../../../../arm-none-eabi/lib/thumb/v7e-m\libc.a(lib_a-mprec.o)
                0x00407a10                __lo0bits
 .text.__i2b    0x00407a70       0x14 s:/microchip studio/7.0/toolchain/arm/arm-gnu-toolchain/bin/../lib/gcc/arm-none-eabi/6.3.1/../../../../arm-none-eabi/lib/thumb/v7e-m\libc.a(lib_a-mprec.o)
                0x00407a70                __i2b
 .text.__multiply
                0x00407a84      0x124 s:/microchip studio/7.0/toolchain/arm/arm-gnu-toolchain/bin/../lib/gcc/arm-none-eabi/6.3.1/../../../../arm-none-eabi/lib/thumb/v7e-m\libc.a(lib_a-mprec.o)
                0x00407a84                __multiply
 .text.__pow5mult
                0x00407ba8       0xa0 s:/microchip studio/7.0/toolchain/arm/arm-gnu-toolchain/bin/../lib/gcc/arm-none-eabi/6.3.1/../../../../arm-none-eabi/lib/thumb/v7e-m\libc.a(lib_a-mprec.o)
                0x00407ba8                __pow5mult
 .text.__lshift
                0x00407c48       0xa4 s:/microchip studio/7.0/toolchain/arm/arm-gnu-toolchain/bin/../lib/gcc/arm-none-eabi/6.3.1/../../../../arm-none-eabi/lib/thumb/v7e-m\libc.a(lib_a-mprec.o)
                0x00407c48                __lshift
 .text.__mcmp   0x00407cec       0x38 s:/microchip studio/7.0/toolchain/arm/arm-gnu-toolchain/bin/../lib/gcc/arm-none-eabi/6.3.1/../../../../arm-none-eabi/lib/thumb/v7e-m\libc.a(lib_a-mprec.o)
                0x00407cec                __mcmp
 .text.__mdiff  0x00407d24      0x108 s:/microchip studio/7.0/toolchain/arm/arm-gnu-toolchain/bin/../lib/gcc/arm-none-eabi/6.3.1/../../../../arm-none-eabi/lib/thumb/v7e-m\libc.a(lib_a-mprec.o)
                0x00407d24                __mdiff
 .text.__d2b    0x00407e2c       0xb8 s:/microchip studio/7.0/toolchain/arm/arm-gnu-toolchain/bin/../lib/gcc/arm-none-eabi/6.3.1/../../../../arm-none-eabi/lib/thumb/v7e-m\libc.a(lib_a-mprec.o)
                0x00407e2c                __d2b
 .text._realloc_r
                0x00407ee4      0x34c s:/microchip studio/7.0/toolchain/arm/arm-gnu-toolchain/bin/../lib/gcc/arm-none-eabi/6.3.1/../../../../arm-none-eabi/lib/thumb/v7e-m\libc.a(lib_a-reallocr.o)
                0x00407ee4                _realloc_r
 .text._sbrk_r  0x00408230       0x24 s:/microchip studio/7.0/toolchain/arm/arm-gnu-toolchain/bin/../lib/gcc/arm-none-eabi/6.3.1/../../../../arm-none-eabi/lib/thumb/v7e-m\libc.a(lib_a-sbrkr.o)
                0x00408230                _sbrk_r
 .text.__ssprint_r
                0x00408254       0xfc s:/microchip studio/7.0/toolchain/arm/arm-gnu-toolchain/bin/../lib/gcc/arm-none-eabi/6.3.1/../../../../arm-none-eabi/lib/thumb/v7e-m\libc.a(lib_a-svfiprintf.o)
                0x00408254                __ssprint_r
 .text.__ascii_wctomb
                0x00408350       0x1c s:/microchip studio/7.0/toolchain/arm/arm-gnu-toolchain/bin/../lib/gcc/arm-none-eabi/6.3.1/../../../../arm-none-eabi/lib/thumb/v7e-m\libc.a(lib_a-wctomb_r.o)
                0x00408350                __ascii_wctomb
 .text.__register_exitproc
                0x0040836c       0xc4 s:/microchip studio/7.0/toolchain/arm/arm-gnu-toolchain/bin/../lib/gcc/arm-none-eabi/6.3.1/../../../../arm-none-eabi/lib/thumb/v7e-m\libc.a(lib_a-__atexit.o)
                0x0040836c                __register_exitproc
 .text._calloc_r
                0x00408430       0x60 s:/microchip studio/7.0/toolchain/arm/arm-gnu-toolchain/bin/../lib/gcc/arm-none-eabi/6.3.1/../../../../arm-none-eabi/lib/thumb/v7e-m\libc.a(lib_a-callocr.o)
                0x00408430                _calloc_r
 .text          0x00408490       0x50 s:/microchip studio/7.0/toolchain/arm/arm-gnu-toolchain/bin/../lib/gcc/arm-none-eabi/6.3.1/thumb/v7e-m\libgcc.a(_arm_fixdfsi.o)
                0x00408490                __aeabi_d2iz
                0x00408490                __fixdfsi
 .text          0x004084e0       0x30 s:/microchip studio/7.0/toolchain/arm/arm-gnu-toolchain/bin/../lib/gcc/arm-none-eabi/6.3.1/thumb/v7e-m\libgcc.a(_aeabi_uldivmod.o)
                0x004084e0                __aeabi_uldivmod
 .text          0x00408510      0x2dc s:/microchip studio/7.0/toolchain/arm/arm-gnu-toolchain/bin/../lib/gcc/arm-none-eabi/6.3.1/thumb/v7e-m\libgcc.a(_udivmoddi4.o)
                0x00408510                __udivmoddi4
 .text          0x004087ec        0x4 s:/microchip studio/7.0/toolchain/arm/arm-gnu-toolchain/bin/../lib/gcc/arm-none-eabi/6.3.1/thumb/v7e-m\libgcc.a(_dvmd_tls.o)
                0x004087ec                __aeabi_idiv0
                0x004087ec                __aeabi_ldiv0
 *(.glue_7t)
 .glue_7t       0x004087f0        0x0 linker stubs
 *(.glue_7)
 .glue_7        0x004087f0        0x0 linker stubs
 *(.rodata .rodata* .gnu.linkonce.r.*)
 .rodata        0x004087f0       0x2c src/ASF/sam/drivers/pwm/pwm.o
 .rodata        0x0040881c        0xc src/main.o
 .rodata.TC1_Handler.str1.4
                0x00408828        0xe src/main.o
 *fill*         0x00408836        0x2 
 .rodata.log.str1.4
                0x00408838        0x4 s:/microchip studio/7.0/toolchain/arm/arm-gnu-toolchain/bin/../lib/gcc/arm-none-eabi/6.3.1/../../../../arm-none-eabi/lib/thumb/v7e-m\libm.a(lib_a-w_log.o)
                                  0x5 (size before relaxing)
 .rodata._global_impure_ptr
                0x0040883c        0x4 s:/microchip studio/7.0/toolchain/arm/arm-gnu-toolchain/bin/../lib/gcc/arm-none-eabi/6.3.1/../../../../arm-none-eabi/lib/thumb/v7e-m\libc.a(lib_a-impure.o)
                0x0040883c                _global_impure_ptr
 .rodata._svfprintf_r.str1.4
                0x00408840       0x42 s:/microchip studio/7.0/toolchain/arm/arm-gnu-toolchain/bin/../lib/gcc/arm-none-eabi/6.3.1/../../../../arm-none-eabi/lib/thumb/v7e-m\libc.a(lib_a-svfprintf.o)
 *fill*         0x00408882        0x2 
 .rodata.blanks.7223
                0x00408884       0x10 s:/microchip studio/7.0/toolchain/arm/arm-gnu-toolchain/bin/../lib/gcc/arm-none-eabi/6.3.1/../../../../arm-none-eabi/lib/thumb/v7e-m\libc.a(lib_a-svfprintf.o)
 .rodata.zeroes.7224
                0x00408894       0x10 s:/microchip studio/7.0/toolchain/arm/arm-gnu-toolchain/bin/../lib/gcc/arm-none-eabi/6.3.1/../../../../arm-none-eabi/lib/thumb/v7e-m\libc.a(lib_a-svfprintf.o)
 .rodata._dtoa_r.str1.4
                0x004088a4       0x10 s:/microchip studio/7.0/toolchain/arm/arm-gnu-toolchain/bin/../lib/gcc/arm-none-eabi/6.3.1/../../../../arm-none-eabi/lib/thumb/v7e-m\libc.a(lib_a-dtoa.o)
                                 0x12 (size before relaxing)
 .rodata._setlocale_r.str1.4
                0x004088b4        0xa s:/microchip studio/7.0/toolchain/arm/arm-gnu-toolchain/bin/../lib/gcc/arm-none-eabi/6.3.1/../../../../arm-none-eabi/lib/thumb/v7e-m\libc.a(lib_a-locale.o)
                                  0xd (size before relaxing)
 *fill*         0x004088be        0x2 
 .rodata.str1.4
                0x004088c0        0x4 s:/microchip studio/7.0/toolchain/arm/arm-gnu-toolchain/bin/../lib/gcc/arm-none-eabi/6.3.1/../../../../arm-none-eabi/lib/thumb/v7e-m\libc.a(lib_a-locale.o)
                                  0x2 (size before relaxing)
 *fill*         0x004088c4        0x4 
 .rodata.__mprec_bigtens
                0x004088c8       0x28 s:/microchip studio/7.0/toolchain/arm/arm-gnu-toolchain/bin/../lib/gcc/arm-none-eabi/6.3.1/../../../../arm-none-eabi/lib/thumb/v7e-m\libc.a(lib_a-mprec.o)
                0x004088c8                __mprec_bigtens
 .rodata.__mprec_tens
                0x004088f0       0xc8 s:/microchip studio/7.0/toolchain/arm/arm-gnu-toolchain/bin/../lib/gcc/arm-none-eabi/6.3.1/../../../../arm-none-eabi/lib/thumb/v7e-m\libc.a(lib_a-mprec.o)
                0x004088f0                __mprec_tens
 .rodata.p05.6055
                0x004089b8        0xc s:/microchip studio/7.0/toolchain/arm/arm-gnu-toolchain/bin/../lib/gcc/arm-none-eabi/6.3.1/../../../../arm-none-eabi/lib/thumb/v7e-m\libc.a(lib_a-mprec.o)
 .rodata._ctype_
                0x004089c4      0x101 s:/microchip studio/7.0/toolchain/arm/arm-gnu-toolchain/bin/../lib/gcc/arm-none-eabi/6.3.1/../../../../arm-none-eabi/lib/thumb/v7e-m\libc.a(lib_a-ctype_.o)
                0x004089c4                _ctype_
 *(.ARM.extab* .gnu.linkonce.armextab.*)
                0x00408ac8                . = ALIGN (0x4)
 *fill*         0x00408ac5        0x3 
 *(.init)
 .init          0x00408ac8        0x4 s:/microchip studio/7.0/toolchain/arm/arm-gnu-toolchain/bin/../lib/gcc/arm-none-eabi/6.3.1/thumb/v7e-m/crti.o
                0x00408ac8                _init
 .init          0x00408acc        0x8 s:/microchip studio/7.0/toolchain/arm/arm-gnu-toolchain/bin/../lib/gcc/arm-none-eabi/6.3.1/thumb/v7e-m/crtn.o
                0x00408ad4                . = ALIGN (0x4)
                0x00408ad4                __preinit_array_start = .
 *(.preinit_array)
                0x00408ad4                __preinit_array_end = .
                0x00408ad4                . = ALIGN (0x4)
                0x00408ad4                __init_array_start = .
 *(SORT(.init_array.*))
 .init_array.00000
                0x00408ad4        0x4 s:/microchip studio/7.0/toolchain/arm/arm-gnu-toolchain/bin/../lib/gcc/arm-none-eabi/6.3.1/../../../../arm-none-eabi/lib/thumb/v7e-m\libc.a(lib_a-__call_atexit.o)
 *(.init_array)
 .init_array    0x00408ad8        0x4 s:/microchip studio/7.0/toolchain/arm/arm-gnu-toolchain/bin/../lib/gcc/arm-none-eabi/6.3.1/thumb/v7e-m/crtbegin.o
                0x00408adc                __init_array_end = .
                0x00408adc                . = ALIGN (0x4)
 *crtbegin.o(.ctors)
 *(EXCLUDE_FILE(*crtend.o) .ctors)
 *(SORT(.ctors.*))
 *crtend.o(.ctors)
                0x00408adc                . = ALIGN (0x4)
 *(.fini)
 .fini          0x00408adc        0x4 s:/microchip studio/7.0/toolchain/arm/arm-gnu-toolchain/bin/../lib/gcc/arm-none-eabi/6.3.1/thumb/v7e-m/crti.o
                0x00408adc                _fini
 .fini          0x00408ae0        0x8 s:/microchip studio/7.0/toolchain/arm/arm-gnu-toolchain/bin/../lib/gcc/arm-none-eabi/6.3.1/thumb/v7e-m/crtn.o
                0x00408ae8                . = ALIGN (0x4)
                0x00408ae8                __fini_array_start = .
 *(.fini_array)
 .fini_array    0x00408ae8        0x4 s:/microchip studio/7.0/toolchain/arm/arm-gnu-toolchain/bin/../lib/gcc/arm-none-eabi/6.3.1/thumb/v7e-m/crtbegin.o
 *(SORT(.fini_array.*))
                0x00408aec                __fini_array_end = .
 *crtbegin.o(.dtors)
 *(EXCLUDE_FILE(*crtend.o) .dtors)
 *(SORT(.dtors.*))
 *crtend.o(.dtors)
                0x00408aec                . = ALIGN (0x4)
                0x00408aec                _efixed = .
                [!provide]                PROVIDE (__exidx_start, .)

.vfp11_veneer   0x00408aec        0x0
 .vfp11_veneer  0x00408aec        0x0 linker stubs

.v4_bx          0x00408aec        0x0
 .v4_bx         0x00408aec        0x0 linker stubs

.iplt           0x00408aec        0x0
 .iplt          0x00408aec        0x0 s:/microchip studio/7.0/toolchain/arm/arm-gnu-toolchain/bin/../lib/gcc/arm-none-eabi/6.3.1/thumb/v7e-m/crtbegin.o

.ARM.exidx      0x00408aec        0x8
 *(.ARM.exidx* .gnu.linkonce.armexidx.*)
 .ARM.exidx     0x00408aec        0x8 s:/microchip studio/7.0/toolchain/arm/arm-gnu-toolchain/bin/../lib/gcc/arm-none-eabi/6.3.1/thumb/v7e-m\libgcc.a(_udivmoddi4.o)
                [!provide]                PROVIDE (__exidx_end, .)

.eh_frame       0x00408af4        0x0
 .eh_frame      0x00408af4        0x0 s:/microchip studio/7.0/toolchain/arm/arm-gnu-toolchain/bin/../lib/gcc/arm-none-eabi/6.3.1/thumb/v7e-m/crtbegin.o

.rel.dyn        0x00408af4        0x0
 .rel.iplt      0x00408af4        0x0 s:/microchip studio/7.0/toolchain/arm/arm-gnu-toolchain/bin/../lib/gcc/arm-none-eabi/6.3.1/thumb/v7e-m/crtbegin.o

.jcr            0x00408af4        0x0
 .jcr           0x00408af4        0x0 s:/microchip studio/7.0/toolchain/arm/arm-gnu-toolchain/bin/../lib/gcc/arm-none-eabi/6.3.1/thumb/v7e-m/crtbegin.o

.igot.plt       0x00408af4        0x0
 .igot.plt      0x00408af4        0x0 s:/microchip studio/7.0/toolchain/arm/arm-gnu-toolchain/bin/../lib/gcc/arm-none-eabi/6.3.1/thumb/v7e-m/crtbegin.o
                0x00408af4                . = ALIGN (0x4)
                0x00408af4                _etext = .

.relocate       0x20000000      0xa60 load address 0x00408af4
                0x20000000                . = ALIGN (0x4)
                0x20000000                _srelocate = .
 *(.ramfunc .ramfunc.*)
 *(.data .data.*)
 .data.udi_api_cdc_comm
                0x20000000       0x14 src/ASF/common/services/usb/class/cdc/device/udi_cdc.o
                0x20000000                udi_api_cdc_comm
 .data.udi_api_cdc_data
                0x20000014       0x14 src/ASF/common/services/usb/class/cdc/device/udi_cdc.o
                0x20000014                udi_api_cdc_data
 .data.udc_config
                0x20000028        0xc src/ASF/common/services/usb/class/cdc/device/udi_cdc_desc.o
                0x20000028                udc_config
 .data.udc_config_fs
                0x20000034        0x8 src/ASF/common/services/usb/class/cdc/device/udi_cdc_desc.o
                0x20000034                udc_config_fs
 .data.udc_desc_fs
                0x2000003c       0x43 src/ASF/common/services/usb/class/cdc/device/udi_cdc_desc.o
                0x2000003c                udc_desc_fs
 *fill*         0x2000007f        0x1 
 .data.udc_device_desc
                0x20000080       0x12 src/ASF/common/services/usb/class/cdc/device/udi_cdc_desc.o
                0x20000080                udc_device_desc
 *fill*         0x20000092        0x2 
 .data.udi_apis
                0x20000094        0x8 src/ASF/common/services/usb/class/cdc/device/udi_cdc_desc.o
                0x20000094                udi_apis
 .data.udc_string_desc_languageid
                0x2000009c        0x4 src/ASF/common/services/usb/udc/udc.o
 .data.g_interrupt_enabled
                0x200000a0        0x1 src/ASF/common/utils/interrupt/interrupt_sam_nvic.o
                0x200000a0                g_interrupt_enabled
 *fill*         0x200000a1        0x3 
 .data.SystemCoreClock
                0x200000a4        0x4 src/ASF/sam/utils/cmsis/sam4s/source/templates/system_sam4s.o
                0x200000a4                SystemCoreClock
 .data.endOfDischarge
                0x200000a8        0x4 src/main.o
                0x200000a8                endOfDischarge
 .data.__fdlib_version
                0x200000ac        0x1 s:/microchip studio/7.0/toolchain/arm/arm-gnu-toolchain/bin/../lib/gcc/arm-none-eabi/6.3.1/../../../../arm-none-eabi/lib/thumb/v7e-m\libm.a(lib_a-s_lib_ver.o)
                0x200000ac                __fdlib_version
 *fill*         0x200000ad        0x3 
 .data._impure_ptr
                0x200000b0        0x4 s:/microchip studio/7.0/toolchain/arm/arm-gnu-toolchain/bin/../lib/gcc/arm-none-eabi/6.3.1/../../../../arm-none-eabi/lib/thumb/v7e-m\libc.a(lib_a-impure.o)
                0x200000b0                _impure_ptr
 *fill*         0x200000b4        0x4 
 .data.impure_data
                0x200000b8      0x428 s:/microchip studio/7.0/toolchain/arm/arm-gnu-toolchain/bin/../lib/gcc/arm-none-eabi/6.3.1/../../../../arm-none-eabi/lib/thumb/v7e-m\libc.a(lib_a-impure.o)
 .data.__atexit_recursive_mutex
                0x200004e0        0x4 s:/microchip studio/7.0/toolchain/arm/arm-gnu-toolchain/bin/../lib/gcc/arm-none-eabi/6.3.1/../../../../arm-none-eabi/lib/thumb/v7e-m\libc.a(lib_a-__call_atexit.o)
                0x200004e0                __atexit_recursive_mutex
 .data.__global_locale
                0x200004e4      0x16c s:/microchip studio/7.0/toolchain/arm/arm-gnu-toolchain/bin/../lib/gcc/arm-none-eabi/6.3.1/../../../../arm-none-eabi/lib/thumb/v7e-m\libc.a(lib_a-locale.o)
                0x200004e4                __global_locale
 .data.__malloc_av_
                0x20000650      0x408 s:/microchip studio/7.0/toolchain/arm/arm-gnu-toolchain/bin/../lib/gcc/arm-none-eabi/6.3.1/../../../../arm-none-eabi/lib/thumb/v7e-m\libc.a(lib_a-mallocr.o)
                0x20000650                __malloc_av_
 .data.__malloc_sbrk_base
                0x20000a58        0x4 s:/microchip studio/7.0/toolchain/arm/arm-gnu-toolchain/bin/../lib/gcc/arm-none-eabi/6.3.1/../../../../arm-none-eabi/lib/thumb/v7e-m\libc.a(lib_a-mallocr.o)
                0x20000a58                __malloc_sbrk_base
 .data.__malloc_trim_threshold
                0x20000a5c        0x4 s:/microchip studio/7.0/toolchain/arm/arm-gnu-toolchain/bin/../lib/gcc/arm-none-eabi/6.3.1/../../../../arm-none-eabi/lib/thumb/v7e-m\libc.a(lib_a-mallocr.o)
                0x20000a5c                __malloc_trim_threshold
                0x20000a60                . = ALIGN (0x4)
                0x20000a60                _erelocate = .

.bss            0x20000a60      0x2f8 load address 0x00409554
                0x20000a60                . = ALIGN (0x4)
                0x20000a60                _sbss = .
                0x20000a60                _szero = .
 *(.bss .bss.*)
 .bss           0x20000a60       0x1c s:/microchip studio/7.0/toolchain/arm/arm-gnu-toolchain/bin/../lib/gcc/arm-none-eabi/6.3.1/thumb/v7e-m/crtbegin.o
 .bss.sof_zlp_counter.8010
                0x20000a7c        0x2 src/ASF/common/services/usb/class/cdc/device/udi_cdc.o
 .bss.udi_cdc_data_running
                0x20000a7e        0x1 src/ASF/common/services/usb/class/cdc/device/udi_cdc.o
 *fill*         0x20000a7f        0x1 
 .bss.udi_cdc_line_coding
                0x20000a80        0x7 src/ASF/common/services/usb/class/cdc/device/udi_cdc.o
 .bss.udi_cdc_nb_comm_enabled
                0x20000a87        0x1 src/ASF/common/services/usb/class/cdc/device/udi_cdc.o
 .bss.udi_cdc_nb_data_enabled
                0x20000a88        0x1 src/ASF/common/services/usb/class/cdc/device/udi_cdc.o
 *fill*         0x20000a89        0x3 
 .bss.udi_cdc_rx_buf
                0x20000a8c       0x80 src/ASF/common/services/usb/class/cdc/device/udi_cdc.o
 .bss.udi_cdc_rx_buf_nb
                0x20000b0c        0x4 src/ASF/common/services/usb/class/cdc/device/udi_cdc.o
 .bss.udi_cdc_rx_buf_sel
                0x20000b10        0x1 src/ASF/common/services/usb/class/cdc/device/udi_cdc.o
 *fill*         0x20000b11        0x3 
 .bss.udi_cdc_rx_pos
                0x20000b14        0x2 src/ASF/common/services/usb/class/cdc/device/udi_cdc.o
 *fill*         0x20000b16        0x2 
 .bss.udi_cdc_rx_trans_ongoing
                0x20000b18        0x1 src/ASF/common/services/usb/class/cdc/device/udi_cdc.o
 *fill*         0x20000b19        0x3 
 .bss.udi_cdc_state
                0x20000b1c        0x2 src/ASF/common/services/usb/class/cdc/device/udi_cdc.o
 *fill*         0x20000b1e        0x2 
 .bss.udi_cdc_tx_both_buf_to_send
                0x20000b20        0x1 src/ASF/common/services/usb/class/cdc/device/udi_cdc.o
 *fill*         0x20000b21        0x3 
 .bss.udi_cdc_tx_buf
                0x20000b24       0x80 src/ASF/common/services/usb/class/cdc/device/udi_cdc.o
 .bss.udi_cdc_tx_buf_nb
                0x20000ba4        0x4 src/ASF/common/services/usb/class/cdc/device/udi_cdc.o
 .bss.udi_cdc_tx_buf_sel
                0x20000ba8        0x1 src/ASF/common/services/usb/class/cdc/device/udi_cdc.o
 *fill*         0x20000ba9        0x3 
 .bss.udi_cdc_tx_sof_num
                0x20000bac        0x2 src/ASF/common/services/usb/class/cdc/device/udi_cdc.o
 *fill*         0x20000bae        0x2 
 .bss.udi_cdc_tx_trans_ongoing
                0x20000bb0        0x1 src/ASF/common/services/usb/class/cdc/device/udi_cdc.o
 *fill*         0x20000bb1        0x3 
 .bss.uid_cdc_state_msg
                0x20000bb4        0xa src/ASF/common/services/usb/class/cdc/device/udi_cdc.o
 .bss.udc_device_status
                0x20000bbe        0x2 src/ASF/common/services/usb/udc/udc.o
 .bss.udc_ep_status.7655
                0x20000bc0        0x2 src/ASF/common/services/usb/udc/udc.o
 *fill*         0x20000bc2        0x2 
 .bss.udc_iface_setting
                0x20000bc4        0x1 src/ASF/common/services/usb/udc/udc.o
 *fill*         0x20000bc5        0x3 
 .bss.udc_num_configuration
                0x20000bc8        0x1 src/ASF/common/services/usb/udc/udc.o
 *fill*         0x20000bc9        0x3 
 .bss.udc_ptr_conf
                0x20000bcc        0x4 src/ASF/common/services/usb/udc/udc.o
 .bss.udc_ptr_iface
                0x20000bd0        0x4 src/ASF/common/services/usb/udc/udc.o
 .bss.gs_interrupt_sources
                0x20000bd4       0x70 src/ASF/sam/drivers/pio/pio_handler.o
 .bss.pio_capture_handler
                0x20000c44        0x4 src/ASF/sam/drivers/pio/pio_handler.o
 .bss.b_shortpacket.8717
                0x20000c48        0x1 src/ASF/sam/drivers/udp/udp_device.o
 .bss.udd_b_idle
                0x20000c49        0x1 src/ASF/sam/drivers/udp/udp_device.o
 .bss.udd_ctrl_payload_nb_trans
                0x20000c4a        0x2 src/ASF/sam/drivers/udp/udp_device.o
 .bss.udd_ctrl_prev_payload_nb_trans
                0x20000c4c        0x2 src/ASF/sam/drivers/udp/udp_device.o
 .bss.udd_ep_control_state
                0x20000c4e        0x1 src/ASF/sam/drivers/udp/udp_device.o
 *fill*         0x20000c4f        0x1 
 .bss.udd_ep_job
                0x20000c50       0x3c src/ASF/sam/drivers/udp/udp_device.o
 .bss.b_is_sleep_clock_used
                0x20000c8c        0x1 src/ASF/sam/drivers/pmc/sleep.o
 *fill*         0x20000c8d        0x3 
 .bss.heap.5297
                0x20000c90        0x4 src/ASF/sam/utils/syscalls/gcc/syscalls.o
 .bss.PWMDuty   0x20000c94        0x4 src/main.o
                0x20000c94                PWMDuty
 .bss.dischargeCurrent
                0x20000c98        0x4 src/main.o
                0x20000c98                dischargeCurrent
 .bss.protectionActive
                0x20000c9c        0x1 src/main.o
                0x20000c9c                protectionActive
 .bss.updateLoop
                0x20000c9d        0x1 src/main.o
                0x20000c9d                updateLoop
 *fill*         0x20000c9e        0x2 
 .bss.__malloc_current_mallinfo
                0x20000ca0       0x28 s:/microchip studio/7.0/toolchain/arm/arm-gnu-toolchain/bin/../lib/gcc/arm-none-eabi/6.3.1/../../../../arm-none-eabi/lib/thumb/v7e-m\libc.a(lib_a-mallocr.o)
                0x20000ca0                __malloc_current_mallinfo
 .bss.__malloc_max_sbrked_mem
                0x20000cc8        0x4 s:/microchip studio/7.0/toolchain/arm/arm-gnu-toolchain/bin/../lib/gcc/arm-none-eabi/6.3.1/../../../../arm-none-eabi/lib/thumb/v7e-m\libc.a(lib_a-mallocr.o)
                0x20000cc8                __malloc_max_sbrked_mem
 .bss.__malloc_max_total_mem
                0x20000ccc        0x4 s:/microchip studio/7.0/toolchain/arm/arm-gnu-toolchain/bin/../lib/gcc/arm-none-eabi/6.3.1/../../../../arm-none-eabi/lib/thumb/v7e-m\libc.a(lib_a-mallocr.o)
                0x20000ccc                __malloc_max_total_mem
 .bss.__malloc_top_pad
                0x20000cd0        0x4 s:/microchip studio/7.0/toolchain/arm/arm-gnu-toolchain/bin/../lib/gcc/arm-none-eabi/6.3.1/../../../../arm-none-eabi/lib/thumb/v7e-m\libc.a(lib_a-mallocr.o)
                0x20000cd0                __malloc_top_pad
 *(COMMON)
 COMMON         0x20000cd4        0x6 src/ASF/common/services/sleepmgr/sam/sleepmgr.o
                0x20000cd4                sleepmgr_locks
 *fill*         0x20000cda        0x2 
 COMMON         0x20000cdc       0x18 src/ASF/sam/drivers/udp/udp_device.o
                0x20000cdc                udd_g_ctrlreq
 COMMON         0x20000cf4        0x4 src/ASF/sam/drivers/pio/pio.o
                0x20000cf4                pio_capture_enable_flag
 COMMON         0x20000cf8       0x38 src/main.o
                0x20000cf8                current
                0x20000cfc                cellV
                0x20000d00                tempBatt
                0x20000d04                tempFet
                0x20000d08                Load
 COMMON         0x20000d30       0x21 s:/microchip studio/7.0/toolchain/arm/arm-gnu-toolchain/bin/../lib/gcc/arm-none-eabi/6.3.1/../../../../arm-none-eabi/lib/thumb/v7e-m\libc.a(lib_a-lock.o)
                0x20000d30                __lock___atexit_recursive_mutex
                0x20000d34                __lock___arc4random_mutex
                0x20000d38                __lock___env_recursive_mutex
                0x20000d3c                __lock___sinit_recursive_mutex
                0x20000d40                __lock___malloc_recursive_mutex
                0x20000d44                __lock___at_quick_exit_mutex
                0x20000d48                __lock___dd_hash_mutex
                0x20000d4c                __lock___tz_mutex
                0x20000d50                __lock___sfp_recursive_mutex
 *fill*         0x20000d51        0x3 
 COMMON         0x20000d54        0x4 s:/microchip studio/7.0/toolchain/arm/arm-gnu-toolchain/bin/../lib/gcc/arm-none-eabi/6.3.1/../../../../arm-none-eabi/lib/thumb/v7e-m\libc.a(lib_a-reent.o)
                0x20000d54                errno
                0x20000d58                . = ALIGN (0x4)
                0x20000d58                _ebss = .
                0x20000d58                _ezero = .

.stack          0x20000d58     0x3000 load address 0x0040984c
                0x20000d58                . = ALIGN (0x8)
                0x20000d58                _sstack = .
                0x20003d58                . = (. + __stack_size__)
 *fill*         0x20000d58     0x3000 
                0x20003d58                . = ALIGN (0x8)
                0x20003d58                _estack = .
                0x20003d58                . = ALIGN (0x4)
                0x20003d58                _end = .
OUTPUT(Batery Characterization.elf elf32-littlearm)

.ARM.attributes
                0x00000000       0x2a
 .ARM.attributes
                0x00000000       0x1e s:/microchip studio/7.0/toolchain/arm/arm-gnu-toolchain/bin/../lib/gcc/arm-none-eabi/6.3.1/thumb/v7e-m/crti.o
 .ARM.attributes
                0x0000001e       0x2e s:/microchip studio/7.0/toolchain/arm/arm-gnu-toolchain/bin/../lib/gcc/arm-none-eabi/6.3.1/thumb/v7e-m/crtbegin.o
 .ARM.attributes
                0x0000004c       0x33 src/ASF/common/services/sleepmgr/sam/sleepmgr.o
 .ARM.attributes
                0x0000007f       0x33 src/ASF/common/services/usb/class/cdc/device/udi_cdc.o
 .ARM.attributes
                0x000000b2       0x33 src/ASF/common/services/usb/class/cdc/device/udi_cdc_desc.o
 .ARM.attributes
                0x000000e5       0x33 src/ASF/common/services/usb/udc/udc.o
 .ARM.attributes
                0x00000118       0x33 src/ASF/sam/drivers/adc/adc.o
 .ARM.attributes
                0x0000014b       0x33 src/ASF/sam/drivers/pio/pio_handler.o
 .ARM.attributes
                0x0000017e       0x33 src/ASF/sam/drivers/udp/udp_device.o
 .ARM.attributes
                0x000001b1       0x33 src/ASF/common/services/clock/sam4s/sysclk.o
 .ARM.attributes
                0x000001e4       0x33 src/ASF/sam/drivers/pio/pio.o
 .ARM.attributes
                0x00000217       0x33 src/ASF/sam/drivers/pmc/pmc.o
 .ARM.attributes
                0x0000024a       0x33 src/ASF/sam/drivers/pwm/pwm.o
 .ARM.attributes
                0x0000027d       0x33 src/ASF/sam/drivers/tc/tc.o
 .ARM.attributes
                0x000002b0       0x33 src/ASF/sam/drivers/pmc/sleep.o
 .ARM.attributes
                0x000002e3       0x33 src/ASF/common/boards/user_board/init.o
 .ARM.attributes
                0x00000316       0x33 src/ASF/common/utils/interrupt/interrupt_sam_nvic.o
 .ARM.attributes
                0x00000349       0x33 src/ASF/sam/utils/cmsis/sam4s/source/templates/gcc/startup_sam4s.o
 .ARM.attributes
                0x0000037c       0x33 src/ASF/sam/utils/cmsis/sam4s/source/templates/system_sam4s.o
 .ARM.attributes
                0x000003af       0x33 src/ASF/sam/utils/syscalls/gcc/syscalls.o
 .ARM.attributes
                0x000003e2       0x33 src/main.o
 .ARM.attributes
                0x00000415       0x2e s:/microchip studio/7.0/toolchain/arm/arm-gnu-toolchain/bin/../lib/gcc/arm-none-eabi/6.3.1/../../../../arm-none-eabi/lib/thumb/v7e-m\libm.a(lib_a-w_log.o)
 .ARM.attributes
                0x00000443       0x2e s:/microchip studio/7.0/toolchain/arm/arm-gnu-toolchain/bin/../lib/gcc/arm-none-eabi/6.3.1/../../../../arm-none-eabi/lib/thumb/v7e-m\libm.a(lib_a-e_log.o)
 .ARM.attributes
                0x00000471       0x2e s:/microchip studio/7.0/toolchain/arm/arm-gnu-toolchain/bin/../lib/gcc/arm-none-eabi/6.3.1/../../../../arm-none-eabi/lib/thumb/v7e-m\libm.a(lib_a-s_lib_ver.o)
 .ARM.attributes
                0x0000049f       0x2e s:/microchip studio/7.0/toolchain/arm/arm-gnu-toolchain/bin/../lib/gcc/arm-none-eabi/6.3.1/../../../../arm-none-eabi/lib/thumb/v7e-m\libm.a(lib_a-s_matherr.o)
 .ARM.attributes
                0x000004cd       0x2e s:/microchip studio/7.0/toolchain/arm/arm-gnu-toolchain/bin/../lib/gcc/arm-none-eabi/6.3.1/../../../../arm-none-eabi/lib/thumb/v7e-m\libm.a(lib_a-s_nan.o)
 .ARM.attributes
                0x000004fb       0x1e s:/microchip studio/7.0/toolchain/arm/arm-gnu-toolchain/bin/../lib/gcc/arm-none-eabi/6.3.1/thumb/v7e-m\libgcc.a(_arm_addsubdf3.o)
 .ARM.attributes
                0x00000519       0x1e s:/microchip studio/7.0/toolchain/arm/arm-gnu-toolchain/bin/../lib/gcc/arm-none-eabi/6.3.1/thumb/v7e-m\libgcc.a(_arm_muldivdf3.o)
 .ARM.attributes
                0x00000537       0x1e s:/microchip studio/7.0/toolchain/arm/arm-gnu-toolchain/bin/../lib/gcc/arm-none-eabi/6.3.1/thumb/v7e-m\libgcc.a(_arm_cmpdf2.o)
 .ARM.attributes
                0x00000555       0x1e s:/microchip studio/7.0/toolchain/arm/arm-gnu-toolchain/bin/../lib/gcc/arm-none-eabi/6.3.1/thumb/v7e-m\libgcc.a(_arm_unorddf2.o)
 .ARM.attributes
                0x00000573       0x1e s:/microchip studio/7.0/toolchain/arm/arm-gnu-toolchain/bin/../lib/gcc/arm-none-eabi/6.3.1/thumb/v7e-m\libgcc.a(_arm_truncdfsf2.o)
 .ARM.attributes
                0x00000591       0x1e s:/microchip studio/7.0/toolchain/arm/arm-gnu-toolchain/bin/../lib/gcc/arm-none-eabi/6.3.1/thumb/v7e-m\libgcc.a(_arm_addsubsf3.o)
 .ARM.attributes
                0x000005af       0x1e s:/microchip studio/7.0/toolchain/arm/arm-gnu-toolchain/bin/../lib/gcc/arm-none-eabi/6.3.1/thumb/v7e-m\libgcc.a(_arm_muldivsf3.o)
 .ARM.attributes
                0x000005cd       0x1e s:/microchip studio/7.0/toolchain/arm/arm-gnu-toolchain/bin/../lib/gcc/arm-none-eabi/6.3.1/thumb/v7e-m\libgcc.a(_arm_cmpsf2.o)
 .ARM.attributes
                0x000005eb       0x2e s:/microchip studio/7.0/toolchain/arm/arm-gnu-toolchain/bin/../lib/gcc/arm-none-eabi/6.3.1/../../../../arm-none-eabi/lib/thumb/v7e-m\libc.a(lib_a-errno.o)
 .ARM.attributes
                0x00000619       0x2e s:/microchip studio/7.0/toolchain/arm/arm-gnu-toolchain/bin/../lib/gcc/arm-none-eabi/6.3.1/../../../../arm-none-eabi/lib/thumb/v7e-m\libc.a(lib_a-impure.o)
 .ARM.attributes
                0x00000647       0x2e s:/microchip studio/7.0/toolchain/arm/arm-gnu-toolchain/bin/../lib/gcc/arm-none-eabi/6.3.1/../../../../arm-none-eabi/lib/thumb/v7e-m\libc.a(lib_a-init.o)
 .ARM.attributes
                0x00000675       0x1c s:/microchip studio/7.0/toolchain/arm/arm-gnu-toolchain/bin/../lib/gcc/arm-none-eabi/6.3.1/../../../../arm-none-eabi/lib/thumb/v7e-m\libc.a(lib_a-memcpy.o)
 .ARM.attributes
                0x00000691       0x2e s:/microchip studio/7.0/toolchain/arm/arm-gnu-toolchain/bin/../lib/gcc/arm-none-eabi/6.3.1/../../../../arm-none-eabi/lib/thumb/v7e-m\libc.a(lib_a-memset.o)
 .ARM.attributes
                0x000006bf       0x2e s:/microchip studio/7.0/toolchain/arm/arm-gnu-toolchain/bin/../lib/gcc/arm-none-eabi/6.3.1/../../../../arm-none-eabi/lib/thumb/v7e-m\libc.a(lib_a-sprintf.o)
 .ARM.attributes
                0x000006ed       0x1c s:/microchip studio/7.0/toolchain/arm/arm-gnu-toolchain/bin/../lib/gcc/arm-none-eabi/6.3.1/../../../../arm-none-eabi/lib/thumb/v7e-m\libc.a(lib_a-strlen.o)
 .ARM.attributes
                0x00000709       0x2e s:/microchip studio/7.0/toolchain/arm/arm-gnu-toolchain/bin/../lib/gcc/arm-none-eabi/6.3.1/../../../../arm-none-eabi/lib/thumb/v7e-m\libc.a(lib_a-svfprintf.o)
 .ARM.attributes
                0x00000737       0x2e s:/microchip studio/7.0/toolchain/arm/arm-gnu-toolchain/bin/../lib/gcc/arm-none-eabi/6.3.1/../../../../arm-none-eabi/lib/thumb/v7e-m\libc.a(lib_a-__call_atexit.o)
 .ARM.attributes
                0x00000765       0x2e s:/microchip studio/7.0/toolchain/arm/arm-gnu-toolchain/bin/../lib/gcc/arm-none-eabi/6.3.1/../../../../arm-none-eabi/lib/thumb/v7e-m\libc.a(lib_a-atexit.o)
 .ARM.attributes
                0x00000793       0x2e s:/microchip studio/7.0/toolchain/arm/arm-gnu-toolchain/bin/../lib/gcc/arm-none-eabi/6.3.1/../../../../arm-none-eabi/lib/thumb/v7e-m\libc.a(lib_a-dtoa.o)
 .ARM.attributes
                0x000007c1       0x2e s:/microchip studio/7.0/toolchain/arm/arm-gnu-toolchain/bin/../lib/gcc/arm-none-eabi/6.3.1/../../../../arm-none-eabi/lib/thumb/v7e-m\libc.a(lib_a-fini.o)
 .ARM.attributes
                0x000007ef       0x2e s:/microchip studio/7.0/toolchain/arm/arm-gnu-toolchain/bin/../lib/gcc/arm-none-eabi/6.3.1/../../../../arm-none-eabi/lib/thumb/v7e-m\libc.a(lib_a-freer.o)
 .ARM.attributes
                0x0000081d       0x2e s:/microchip studio/7.0/toolchain/arm/arm-gnu-toolchain/bin/../lib/gcc/arm-none-eabi/6.3.1/../../../../arm-none-eabi/lib/thumb/v7e-m\libc.a(lib_a-locale.o)
 .ARM.attributes
                0x0000084b       0x2e s:/microchip studio/7.0/toolchain/arm/arm-gnu-toolchain/bin/../lib/gcc/arm-none-eabi/6.3.1/../../../../arm-none-eabi/lib/thumb/v7e-m\libc.a(lib_a-localeconv.o)
 .ARM.attributes
                0x00000879       0x2e s:/microchip studio/7.0/toolchain/arm/arm-gnu-toolchain/bin/../lib/gcc/arm-none-eabi/6.3.1/../../../../arm-none-eabi/lib/thumb/v7e-m\libc.a(lib_a-lock.o)
 .ARM.attributes
                0x000008a7       0x2e s:/microchip studio/7.0/toolchain/arm/arm-gnu-toolchain/bin/../lib/gcc/arm-none-eabi/6.3.1/../../../../arm-none-eabi/lib/thumb/v7e-m\libc.a(lib_a-mallocr.o)
 .ARM.attributes
                0x000008d5       0x2e s:/microchip studio/7.0/toolchain/arm/arm-gnu-toolchain/bin/../lib/gcc/arm-none-eabi/6.3.1/../../../../arm-none-eabi/lib/thumb/v7e-m\libc.a(lib_a-mbtowc_r.o)
 .ARM.attributes
                0x00000903       0x1c s:/microchip studio/7.0/toolchain/arm/arm-gnu-toolchain/bin/../lib/gcc/arm-none-eabi/6.3.1/../../../../arm-none-eabi/lib/thumb/v7e-m\libc.a(lib_a-memchr.o)
 .ARM.attributes
                0x0000091f       0x2e s:/microchip studio/7.0/toolchain/arm/arm-gnu-toolchain/bin/../lib/gcc/arm-none-eabi/6.3.1/../../../../arm-none-eabi/lib/thumb/v7e-m\libc.a(lib_a-memmove.o)
 .ARM.attributes
                0x0000094d       0x2e s:/microchip studio/7.0/toolchain/arm/arm-gnu-toolchain/bin/../lib/gcc/arm-none-eabi/6.3.1/../../../../arm-none-eabi/lib/thumb/v7e-m\libc.a(lib_a-mlock.o)
 .ARM.attributes
                0x0000097b       0x2e s:/microchip studio/7.0/toolchain/arm/arm-gnu-toolchain/bin/../lib/gcc/arm-none-eabi/6.3.1/../../../../arm-none-eabi/lib/thumb/v7e-m\libc.a(lib_a-mprec.o)
 .ARM.attributes
                0x000009a9       0x2e s:/microchip studio/7.0/toolchain/arm/arm-gnu-toolchain/bin/../lib/gcc/arm-none-eabi/6.3.1/../../../../arm-none-eabi/lib/thumb/v7e-m\libc.a(lib_a-reallocr.o)
 .ARM.attributes
                0x000009d7       0x2e s:/microchip studio/7.0/toolchain/arm/arm-gnu-toolchain/bin/../lib/gcc/arm-none-eabi/6.3.1/../../../../arm-none-eabi/lib/thumb/v7e-m\libc.a(lib_a-sbrkr.o)
 .ARM.attributes
                0x00000a05       0x2e s:/microchip studio/7.0/toolchain/arm/arm-gnu-toolchain/bin/../lib/gcc/arm-none-eabi/6.3.1/../../../../arm-none-eabi/lib/thumb/v7e-m\libc.a(lib_a-svfiprintf.o)
 .ARM.attributes
                0x00000a33       0x2e s:/microchip studio/7.0/toolchain/arm/arm-gnu-toolchain/bin/../lib/gcc/arm-none-eabi/6.3.1/../../../../arm-none-eabi/lib/thumb/v7e-m\libc.a(lib_a-wctomb_r.o)
 .ARM.attributes
                0x00000a61       0x2e s:/microchip studio/7.0/toolchain/arm/arm-gnu-toolchain/bin/../lib/gcc/arm-none-eabi/6.3.1/../../../../arm-none-eabi/lib/thumb/v7e-m\libc.a(lib_a-__atexit.o)
 .ARM.attributes
                0x00000a8f       0x2e s:/microchip studio/7.0/toolchain/arm/arm-gnu-toolchain/bin/../lib/gcc/arm-none-eabi/6.3.1/../../../../arm-none-eabi/lib/thumb/v7e-m\libc.a(lib_a-callocr.o)
 .ARM.attributes
                0x00000abd       0x2e s:/microchip studio/7.0/toolchain/arm/arm-gnu-toolchain/bin/../lib/gcc/arm-none-eabi/6.3.1/../../../../arm-none-eabi/lib/thumb/v7e-m\libc.a(lib_a-ctype_.o)
 .ARM.attributes
                0x00000aeb       0x2e s:/microchip studio/7.0/toolchain/arm/arm-gnu-toolchain/bin/../lib/gcc/arm-none-eabi/6.3.1/../../../../arm-none-eabi/lib/thumb/v7e-m\libc.a(lib_a-reent.o)
 .ARM.attributes
                0x00000b19       0x1e s:/microchip studio/7.0/toolchain/arm/arm-gnu-toolchain/bin/../lib/gcc/arm-none-eabi/6.3.1/thumb/v7e-m\libgcc.a(_arm_fixdfsi.o)
 .ARM.attributes
                0x00000b37       0x1e s:/microchip studio/7.0/toolchain/arm/arm-gnu-toolchain/bin/../lib/gcc/arm-none-eabi/6.3.1/thumb/v7e-m\libgcc.a(_aeabi_uldivmod.o)
 .ARM.attributes
                0x00000b55       0x2e s:/microchip studio/7.0/toolchain/arm/arm-gnu-toolchain/bin/../lib/gcc/arm-none-eabi/6.3.1/thumb/v7e-m\libgcc.a(_udivmoddi4.o)
 .ARM.attributes
                0x00000b83       0x1e s:/microchip studio/7.0/toolchain/arm/arm-gnu-toolchain/bin/../lib/gcc/arm-none-eabi/6.3.1/thumb/v7e-m\libgcc.a(_dvmd_tls.o)
 .ARM.attributes
                0x00000ba1       0x1e s:/microchip studio/7.0/toolchain/arm/arm-gnu-toolchain/bin/../lib/gcc/arm-none-eabi/6.3.1/thumb/v7e-m/crtn.o

.comment        0x00000000       0x59
 .comment       0x00000000       0x59 src/ASF/common/services/sleepmgr/sam/sleepmgr.o
                                 0x5a (size before relaxing)
 .comment       0x00000059       0x5a src/ASF/common/services/usb/class/cdc/device/udi_cdc.o
 .comment       0x00000059       0x5a src/ASF/common/services/usb/class/cdc/device/udi_cdc_desc.o
 .comment       0x00000059       0x5a src/ASF/common/services/usb/udc/udc.o
 .comment       0x00000059       0x5a src/ASF/sam/drivers/adc/adc.o
 .comment       0x00000059       0x5a src/ASF/sam/drivers/pio/pio_handler.o
 .comment       0x00000059       0x5a src/ASF/sam/drivers/udp/udp_device.o
 .comment       0x00000059       0x5a src/ASF/common/services/clock/sam4s/sysclk.o
 .comment       0x00000059       0x5a src/ASF/sam/drivers/pio/pio.o
 .comment       0x00000059       0x5a src/ASF/sam/drivers/pmc/pmc.o
 .comment       0x00000059       0x5a src/ASF/sam/drivers/pwm/pwm.o
 .comment       0x00000059       0x5a src/ASF/sam/drivers/tc/tc.o
 .comment       0x00000059       0x5a src/ASF/sam/drivers/pmc/sleep.o
 .comment       0x00000059       0x5a src/ASF/common/boards/user_board/init.o
 .comment       0x00000059       0x5a src/ASF/common/utils/interrupt/interrupt_sam_nvic.o
 .comment       0x00000059       0x5a src/ASF/sam/utils/cmsis/sam4s/source/templates/gcc/startup_sam4s.o
 .comment       0x00000059       0x5a src/ASF/sam/utils/cmsis/sam4s/source/templates/system_sam4s.o
 .comment       0x00000059       0x5a src/ASF/sam/utils/syscalls/gcc/syscalls.o
 .comment       0x00000059       0x5a src/main.o

.debug_info     0x00000000    0x1c64a
 .debug_info    0x00000000      0xa8e src/ASF/common/services/sleepmgr/sam/sleepmgr.o
 .debug_info    0x00000a8e     0x290e src/ASF/common/services/usb/class/cdc/device/udi_cdc.o
 .debug_info    0x0000339c     0x124a src/ASF/common/services/usb/class/cdc/device/udi_cdc_desc.o
 .debug_info    0x000045e6     0x1a0f src/ASF/common/services/usb/udc/udc.o
 .debug_info    0x00005ff5     0x1b44 src/ASF/sam/drivers/adc/adc.o
 .debug_info    0x00007b39     0x18b7 src/ASF/sam/drivers/pio/pio_handler.o
 .debug_info    0x000093f0     0x359a src/ASF/sam/drivers/udp/udp_device.o
 .debug_info    0x0000c98a     0x12b8 src/ASF/common/services/clock/sam4s/sysclk.o
 .debug_info    0x0000dc42     0x221d src/ASF/sam/drivers/pio/pio.o
 .debug_info    0x0000fe5f     0x19bc src/ASF/sam/drivers/pmc/pmc.o
 .debug_info    0x0001181b     0x1e61 src/ASF/sam/drivers/pwm/pwm.o
 .debug_info    0x0001367c     0x123c src/ASF/sam/drivers/tc/tc.o
 .debug_info    0x000148b8     0x1357 src/ASF/sam/drivers/pmc/sleep.o
 .debug_info    0x00015c0f     0x1eb6 src/ASF/common/boards/user_board/init.o
 .debug_info    0x00017ac5      0xaff src/ASF/common/utils/interrupt/interrupt_sam_nvic.o
 .debug_info    0x000185c4      0x6d2 src/ASF/sam/utils/cmsis/sam4s/source/templates/gcc/startup_sam4s.o
 .debug_info    0x00018c96      0x458 src/ASF/sam/utils/cmsis/sam4s/source/templates/system_sam4s.o
 .debug_info    0x000190ee      0xdb0 src/ASF/sam/utils/syscalls/gcc/syscalls.o
 .debug_info    0x00019e9e     0x27ac src/main.o

.debug_abbrev   0x00000000     0x3995
 .debug_abbrev  0x00000000      0x1b2 src/ASF/common/services/sleepmgr/sam/sleepmgr.o
 .debug_abbrev  0x000001b2      0x4b4 src/ASF/common/services/usb/class/cdc/device/udi_cdc.o
 .debug_abbrev  0x00000666      0x1c7 src/ASF/common/services/usb/class/cdc/device/udi_cdc_desc.o
 .debug_abbrev  0x0000082d      0x41d src/ASF/common/services/usb/udc/udc.o
 .debug_abbrev  0x00000c4a      0x337 src/ASF/sam/drivers/adc/adc.o
 .debug_abbrev  0x00000f81      0x37f src/ASF/sam/drivers/pio/pio_handler.o
 .debug_abbrev  0x00001300      0x5e5 src/ASF/sam/drivers/udp/udp_device.o
 .debug_abbrev  0x000018e5      0x333 src/ASF/common/services/clock/sam4s/sysclk.o
 .debug_abbrev  0x00001c18      0x3ff src/ASF/sam/drivers/pio/pio.o
 .debug_abbrev  0x00002017      0x315 src/ASF/sam/drivers/pmc/pmc.o
 .debug_abbrev  0x0000232c      0x324 src/ASF/sam/drivers/pwm/pwm.o
 .debug_abbrev  0x00002650      0x293 src/ASF/sam/drivers/tc/tc.o
 .debug_abbrev  0x000028e3      0x32d src/ASF/sam/drivers/pmc/sleep.o
 .debug_abbrev  0x00002c10      0x2db src/ASF/common/boards/user_board/init.o
 .debug_abbrev  0x00002eeb      0x221 src/ASF/common/utils/interrupt/interrupt_sam_nvic.o
 .debug_abbrev  0x0000310c      0x15e src/ASF/sam/utils/cmsis/sam4s/source/templates/gcc/startup_sam4s.o
 .debug_abbrev  0x0000326a      0x102 src/ASF/sam/utils/cmsis/sam4s/source/templates/system_sam4s.o
 .debug_abbrev  0x0000336c      0x264 src/ASF/sam/utils/syscalls/gcc/syscalls.o
 .debug_abbrev  0x000035d0      0x3c5 src/main.o

.debug_aranges  0x00000000      0xca0
 .debug_aranges
                0x00000000       0x18 src/ASF/common/services/sleepmgr/sam/sleepmgr.o
 .debug_aranges
                0x00000018      0x170 src/ASF/common/services/usb/class/cdc/device/udi_cdc.o
 .debug_aranges
                0x00000188       0x18 src/ASF/common/services/usb/class/cdc/device/udi_cdc_desc.o
 .debug_aranges
                0x000001a0       0x70 src/ASF/common/services/usb/udc/udc.o
 .debug_aranges
                0x00000210      0x188 src/ASF/sam/drivers/adc/adc.o
 .debug_aranges
                0x00000398       0x50 src/ASF/sam/drivers/pio/pio_handler.o
 .debug_aranges
                0x000003e8      0x108 src/ASF/sam/drivers/udp/udp_device.o
 .debug_aranges
                0x000004f0       0x40 src/ASF/common/services/clock/sam4s/sysclk.o
 .debug_aranges
                0x00000530      0x1a8 src/ASF/sam/drivers/pio/pio.o
 .debug_aranges
                0x000006d8      0x208 src/ASF/sam/drivers/pmc/pmc.o
 .debug_aranges
                0x000008e0      0x158 src/ASF/sam/drivers/pwm/pwm.o
 .debug_aranges
                0x00000a38       0xd0 src/ASF/sam/drivers/tc/tc.o
 .debug_aranges
                0x00000b08       0x30 src/ASF/sam/drivers/pmc/sleep.o
 .debug_aranges
                0x00000b38       0x20 src/ASF/common/boards/user_board/init.o
 .debug_aranges
                0x00000b58       0x28 src/ASF/common/utils/interrupt/interrupt_sam_nvic.o
 .debug_aranges
                0x00000b80       0x28 src/ASF/sam/utils/cmsis/sam4s/source/templates/gcc/startup_sam4s.o
 .debug_aranges
                0x00000ba8       0x30 src/ASF/sam/utils/cmsis/sam4s/source/templates/system_sam4s.o
 .debug_aranges
                0x00000bd8       0x60 src/ASF/sam/utils/syscalls/gcc/syscalls.o
 .debug_aranges
                0x00000c38       0x68 src/main.o

.debug_macro    0x00000000    0x14b22
 .debug_macro   0x00000000      0x4e7 src/ASF/common/services/sleepmgr/sam/sleepmgr.o
 .debug_macro   0x000004e7      0x8ce src/ASF/common/services/sleepmgr/sam/sleepmgr.o
 .debug_macro   0x00000db5      0x16d src/ASF/common/services/sleepmgr/sam/sleepmgr.o
 .debug_macro   0x00000f22      0x71d src/ASF/common/services/sleepmgr/sam/sleepmgr.o
 .debug_macro   0x0000163f       0x76 src/ASF/common/services/sleepmgr/sam/sleepmgr.o
 .debug_macro   0x000016b5       0x16 src/ASF/common/services/sleepmgr/sam/sleepmgr.o
 .debug_macro   0x000016cb      0x6da src/ASF/common/services/sleepmgr/sam/sleepmgr.o
 .debug_macro   0x00001da5       0x22 src/ASF/common/services/sleepmgr/sam/sleepmgr.o
 .debug_macro   0x00001dc7       0x87 src/ASF/common/services/sleepmgr/sam/sleepmgr.o
 .debug_macro   0x00001e4e       0x51 src/ASF/common/services/sleepmgr/sam/sleepmgr.o
 .debug_macro   0x00001e9f       0xef src/ASF/common/services/sleepmgr/sam/sleepmgr.o
 .debug_macro   0x00001f8e       0x6a src/ASF/common/services/sleepmgr/sam/sleepmgr.o
 .debug_macro   0x00001ff8      0x1df src/ASF/common/services/sleepmgr/sam/sleepmgr.o
 .debug_macro   0x000021d7       0x27 src/ASF/common/services/sleepmgr/sam/sleepmgr.o
 .debug_macro   0x000021fe       0x1c src/ASF/common/services/sleepmgr/sam/sleepmgr.o
 .debug_macro   0x0000221a       0x22 src/ASF/common/services/sleepmgr/sam/sleepmgr.o
 .debug_macro   0x0000223c       0xdf src/ASF/common/services/sleepmgr/sam/sleepmgr.o
 .debug_macro   0x0000231b     0x102d src/ASF/common/services/sleepmgr/sam/sleepmgr.o
 .debug_macro   0x00003348      0x11f src/ASF/common/services/sleepmgr/sam/sleepmgr.o
 .debug_macro   0x00003467      0x154 src/ASF/common/services/sleepmgr/sam/sleepmgr.o
 .debug_macro   0x000035bb      0xaa5 src/ASF/common/services/sleepmgr/sam/sleepmgr.o
 .debug_macro   0x00004060      0x1b4 src/ASF/common/services/sleepmgr/sam/sleepmgr.o
 .debug_macro   0x00004214       0xac src/ASF/common/services/sleepmgr/sam/sleepmgr.o
 .debug_macro   0x000042c0      0x106 src/ASF/common/services/sleepmgr/sam/sleepmgr.o
 .debug_macro   0x000043c6       0x1c src/ASF/common/services/sleepmgr/sam/sleepmgr.o
 .debug_macro   0x000043e2      0x2c9 src/ASF/common/services/sleepmgr/sam/sleepmgr.o
 .debug_macro   0x000046ab       0xbe src/ASF/common/services/sleepmgr/sam/sleepmgr.o
 .debug_macro   0x00004769     0x2807 src/ASF/common/services/sleepmgr/sam/sleepmgr.o
 .debug_macro   0x00006f70      0x76e src/ASF/common/services/sleepmgr/sam/sleepmgr.o
 .debug_macro   0x000076de      0xa84 src/ASF/common/services/sleepmgr/sam/sleepmgr.o
 .debug_macro   0x00008162       0x9a src/ASF/common/services/sleepmgr/sam/sleepmgr.o
 .debug_macro   0x000081fc      0x3cf src/ASF/common/services/sleepmgr/sam/sleepmgr.o
 .debug_macro   0x000085cb       0x64 src/ASF/common/services/sleepmgr/sam/sleepmgr.o
 .debug_macro   0x0000862f      0x37c src/ASF/common/services/sleepmgr/sam/sleepmgr.o
 .debug_macro   0x000089ab      0x61b src/ASF/common/services/sleepmgr/sam/sleepmgr.o
 .debug_macro   0x00008fc6      0x686 src/ASF/common/services/sleepmgr/sam/sleepmgr.o
 .debug_macro   0x0000964c      0x595 src/ASF/common/services/sleepmgr/sam/sleepmgr.o
 .debug_macro   0x00009be1      0x344 src/ASF/common/services/sleepmgr/sam/sleepmgr.o
 .debug_macro   0x00009f25      0x283 src/ASF/common/services/sleepmgr/sam/sleepmgr.o
 .debug_macro   0x0000a1a8      0x2cd src/ASF/common/services/sleepmgr/sam/sleepmgr.o
 .debug_macro   0x0000a475      0x6cf src/ASF/common/services/sleepmgr/sam/sleepmgr.o
 .debug_macro   0x0000ab44       0x76 src/ASF/common/services/sleepmgr/sam/sleepmgr.o
 .debug_macro   0x0000abba       0xb2 src/ASF/common/services/sleepmgr/sam/sleepmgr.o
 .debug_macro   0x0000ac6c       0x88 src/ASF/common/services/sleepmgr/sam/sleepmgr.o
 .debug_macro   0x0000acf4      0x100 src/ASF/common/services/sleepmgr/sam/sleepmgr.o
 .debug_macro   0x0000adf4       0x88 src/ASF/common/services/sleepmgr/sam/sleepmgr.o
 .debug_macro   0x0000ae7c       0x88 src/ASF/common/services/sleepmgr/sam/sleepmgr.o
 .debug_macro   0x0000af04      0x2cd src/ASF/common/services/sleepmgr/sam/sleepmgr.o
 .debug_macro   0x0000b1d1       0xb2 src/ASF/common/services/sleepmgr/sam/sleepmgr.o
 .debug_macro   0x0000b283       0x52 src/ASF/common/services/sleepmgr/sam/sleepmgr.o
 .debug_macro   0x0000b2d5       0xac src/ASF/common/services/sleepmgr/sam/sleepmgr.o
 .debug_macro   0x0000b381       0x40 src/ASF/common/services/sleepmgr/sam/sleepmgr.o
 .debug_macro   0x0000b3c1       0x64 src/ASF/common/services/sleepmgr/sam/sleepmgr.o
 .debug_macro   0x0000b425       0x4c src/ASF/common/services/sleepmgr/sam/sleepmgr.o
 .debug_macro   0x0000b471       0xa6 src/ASF/common/services/sleepmgr/sam/sleepmgr.o
 .debug_macro   0x0000b517       0x7c src/ASF/common/services/sleepmgr/sam/sleepmgr.o
 .debug_macro   0x0000b593       0x16 src/ASF/common/services/sleepmgr/sam/sleepmgr.o
 .debug_macro   0x0000b5a9       0x7c src/ASF/common/services/sleepmgr/sam/sleepmgr.o
 .debug_macro   0x0000b625       0x22 src/ASF/common/services/sleepmgr/sam/sleepmgr.o
 .debug_macro   0x0000b647      0x18b src/ASF/common/services/sleepmgr/sam/sleepmgr.o
 .debug_macro   0x0000b7d2      0x15b src/ASF/common/services/sleepmgr/sam/sleepmgr.o
 .debug_macro   0x0000b92d       0x1c src/ASF/common/services/sleepmgr/sam/sleepmgr.o
 .debug_macro   0x0000b949       0x2e src/ASF/common/services/sleepmgr/sam/sleepmgr.o
 .debug_macro   0x0000b977       0x22 src/ASF/common/services/sleepmgr/sam/sleepmgr.o
 .debug_macro   0x0000b999       0x1c src/ASF/common/services/sleepmgr/sam/sleepmgr.o
 .debug_macro   0x0000b9b5       0x52 src/ASF/common/services/sleepmgr/sam/sleepmgr.o
 .debug_macro   0x0000ba07       0x10 src/ASF/common/services/sleepmgr/sam/sleepmgr.o
 .debug_macro   0x0000ba17      0x1a8 src/ASF/common/services/sleepmgr/sam/sleepmgr.o
 .debug_macro   0x0000bbbf      0x4d1 src/ASF/common/services/sleepmgr/sam/sleepmgr.o
 .debug_macro   0x0000c090      0x107 src/ASF/common/services/sleepmgr/sam/sleepmgr.o
 .debug_macro   0x0000c197       0x58 src/ASF/common/services/sleepmgr/sam/sleepmgr.o
 .debug_macro   0x0000c1ef       0x35 src/ASF/common/services/sleepmgr/sam/sleepmgr.o
 .debug_macro   0x0000c224       0x9c src/ASF/common/services/sleepmgr/sam/sleepmgr.o
 .debug_macro   0x0000c2c0       0x16 src/ASF/common/services/sleepmgr/sam/sleepmgr.o
 .debug_macro   0x0000c2d6       0x35 src/ASF/common/services/sleepmgr/sam/sleepmgr.o
 .debug_macro   0x0000c30b      0x34d src/ASF/common/services/sleepmgr/sam/sleepmgr.o
 .debug_macro   0x0000c658       0x10 src/ASF/common/services/sleepmgr/sam/sleepmgr.o
 .debug_macro   0x0000c668       0x58 src/ASF/common/services/sleepmgr/sam/sleepmgr.o
 .debug_macro   0x0000c6c0       0x1f src/ASF/common/services/sleepmgr/sam/sleepmgr.o
 .debug_macro   0x0000c6df       0x43 src/ASF/common/services/sleepmgr/sam/sleepmgr.o
 .debug_macro   0x0000c722       0x20 src/ASF/common/services/sleepmgr/sam/sleepmgr.o
 .debug_macro   0x0000c742      0x187 src/ASF/common/services/sleepmgr/sam/sleepmgr.o
 .debug_macro   0x0000c8c9       0x10 src/ASF/common/services/sleepmgr/sam/sleepmgr.o
 .debug_macro   0x0000c8d9       0x1c src/ASF/common/services/sleepmgr/sam/sleepmgr.o
 .debug_macro   0x0000c8f5       0x52 src/ASF/common/services/sleepmgr/sam/sleepmgr.o
 .debug_macro   0x0000c947       0x40 src/ASF/common/services/sleepmgr/sam/sleepmgr.o
 .debug_macro   0x0000c987       0x10 src/ASF/common/services/sleepmgr/sam/sleepmgr.o
 .debug_macro   0x0000c997       0x40 src/ASF/common/services/sleepmgr/sam/sleepmgr.o
 .debug_macro   0x0000c9d7       0xd7 src/ASF/common/services/sleepmgr/sam/sleepmgr.o
 .debug_macro   0x0000caae       0x16 src/ASF/common/services/sleepmgr/sam/sleepmgr.o
 .debug_macro   0x0000cac4      0x18b src/ASF/common/services/sleepmgr/sam/sleepmgr.o
 .debug_macro   0x0000cc4f       0x22 src/ASF/common/services/sleepmgr/sam/sleepmgr.o
 .debug_macro   0x0000cc71       0x16 src/ASF/common/services/sleepmgr/sam/sleepmgr.o
 .debug_macro   0x0000cc87       0x16 src/ASF/common/services/sleepmgr/sam/sleepmgr.o
 .debug_macro   0x0000cc9d       0x29 src/ASF/common/services/sleepmgr/sam/sleepmgr.o
 .debug_macro   0x0000ccc6       0x73 src/ASF/common/services/sleepmgr/sam/sleepmgr.o
 .debug_macro   0x0000cd39       0x3e src/ASF/common/services/sleepmgr/sam/sleepmgr.o
 .debug_macro   0x0000cd77      0x3ca src/ASF/common/services/sleepmgr/sam/sleepmgr.o
 .debug_macro   0x0000d141       0x10 src/ASF/common/services/sleepmgr/sam/sleepmgr.o
 .debug_macro   0x0000d151       0x34 src/ASF/common/services/sleepmgr/sam/sleepmgr.o
 .debug_macro   0x0000d185      0x5f6 src/ASF/common/services/usb/class/cdc/device/udi_cdc.o
 .debug_macro   0x0000d77b       0x7b src/ASF/common/services/usb/class/cdc/device/udi_cdc.o
 .debug_macro   0x0000d7f6      0x21e src/ASF/common/services/usb/class/cdc/device/udi_cdc.o
 .debug_macro   0x0000da14       0x99 src/ASF/common/services/usb/class/cdc/device/udi_cdc.o
 .debug_macro   0x0000daad      0x241 src/ASF/common/services/usb/class/cdc/device/udi_cdc.o
 .debug_macro   0x0000dcee      0x162 src/ASF/common/services/usb/class/cdc/device/udi_cdc.o
 .debug_macro   0x0000de50       0x16 src/ASF/common/services/usb/class/cdc/device/udi_cdc.o
 .debug_macro   0x0000de66       0x1c src/ASF/common/services/usb/class/cdc/device/udi_cdc.o
 .debug_macro   0x0000de82      0x190 src/ASF/common/services/usb/class/cdc/device/udi_cdc.o
 .debug_macro   0x0000e012       0x16 src/ASF/common/services/usb/class/cdc/device/udi_cdc.o
 .debug_macro   0x0000e028      0x55e src/ASF/common/services/usb/class/cdc/device/udi_cdc_desc.o
 .debug_macro   0x0000e586      0x54a src/ASF/common/services/usb/udc/udc.o
 .debug_macro   0x0000ead0      0x4da src/ASF/sam/drivers/adc/adc.o
 .debug_macro   0x0000efaa       0x1c src/ASF/sam/drivers/adc/adc.o
 .debug_macro   0x0000efc6      0x4e0 src/ASF/sam/drivers/pio/pio_handler.o
 .debug_macro   0x0000f4a6       0x8e src/ASF/sam/drivers/pio/pio_handler.o
 .debug_macro   0x0000f534      0x64b src/ASF/sam/drivers/udp/udp_device.o
 .debug_macro   0x0000fb7f       0x46 src/ASF/sam/drivers/udp/udp_device.o
 .debug_macro   0x0000fbc5      0x2df src/ASF/sam/drivers/udp/udp_device.o
 .debug_macro   0x0000fea4       0x8e src/ASF/sam/drivers/udp/udp_device.o
 .debug_macro   0x0000ff32       0x58 src/ASF/sam/drivers/udp/udp_device.o
 .debug_macro   0x0000ff8a       0x82 src/ASF/sam/drivers/udp/udp_device.o
 .debug_macro   0x0001000c       0x46 src/ASF/sam/drivers/udp/udp_device.o
 .debug_macro   0x00010052       0x90 src/ASF/sam/drivers/udp/udp_device.o
 .debug_macro   0x000100e2       0x88 src/ASF/sam/drivers/udp/udp_device.o
 .debug_macro   0x0001016a       0x94 src/ASF/sam/drivers/udp/udp_device.o
 .debug_macro   0x000101fe      0x3f2 src/ASF/sam/drivers/udp/udp_device.o
 .debug_macro   0x000105f0      0x53b src/ASF/common/services/clock/sam4s/sysclk.o
 .debug_macro   0x00010b2b      0x2d9 src/ASF/common/services/clock/sam4s/sysclk.o
 .debug_macro   0x00010e04      0x4d6 src/ASF/sam/drivers/pio/pio.o
 .debug_macro   0x000112da      0x4d6 src/ASF/sam/drivers/pmc/pmc.o
 .debug_macro   0x000117b0       0x52 src/ASF/sam/drivers/pmc/pmc.o
 .debug_macro   0x00011802      0x4dd src/ASF/sam/drivers/pwm/pwm.o
 .debug_macro   0x00011cdf      0x4d6 src/ASF/sam/drivers/tc/tc.o
 .debug_macro   0x000121b5       0x52 src/ASF/sam/drivers/tc/tc.o
 .debug_macro   0x00012207       0x8d src/ASF/sam/drivers/tc/tc.o
 .debug_macro   0x00012294       0x16 src/ASF/sam/drivers/tc/tc.o
 .debug_macro   0x000122aa       0x57 src/ASF/sam/drivers/tc/tc.o
 .debug_macro   0x00012301       0x1c src/ASF/sam/drivers/tc/tc.o
 .debug_macro   0x0001231d      0x4f6 src/ASF/sam/drivers/pmc/sleep.o
 .debug_macro   0x00012813      0x695 src/ASF/common/boards/user_board/init.o
 .debug_macro   0x00012ea8       0x82 src/ASF/common/boards/user_board/init.o
 .debug_macro   0x00012f2a       0x10 src/ASF/common/boards/user_board/init.o
 .debug_macro   0x00012f3a       0x81 src/ASF/common/boards/user_board/init.o
 .debug_macro   0x00012fbb      0x4c1 src/ASF/common/utils/interrupt/interrupt_sam_nvic.o
 .debug_macro   0x0001347c      0x2c2 src/ASF/sam/utils/cmsis/sam4s/source/templates/gcc/startup_sam4s.o
 .debug_macro   0x0001373e      0x2ca src/ASF/sam/utils/cmsis/sam4s/source/templates/system_sam4s.o
 .debug_macro   0x00013a08      0x1d6 src/ASF/sam/utils/syscalls/gcc/syscalls.o
 .debug_macro   0x00013bde       0x97 src/ASF/sam/utils/syscalls/gcc/syscalls.o
 .debug_macro   0x00013c75      0x353 src/ASF/sam/utils/syscalls/gcc/syscalls.o
 .debug_macro   0x00013fc8       0xf6 src/ASF/sam/utils/syscalls/gcc/syscalls.o
 .debug_macro   0x000140be       0x4c src/ASF/sam/utils/syscalls/gcc/syscalls.o
 .debug_macro   0x0001410a       0x16 src/ASF/sam/utils/syscalls/gcc/syscalls.o
 .debug_macro   0x00014120       0x10 src/ASF/sam/utils/syscalls/gcc/syscalls.o
 .debug_macro   0x00014130       0x10 src/ASF/sam/utils/syscalls/gcc/syscalls.o
 .debug_macro   0x00014140       0x35 src/ASF/sam/utils/syscalls/gcc/syscalls.o
 .debug_macro   0x00014175      0x122 src/ASF/sam/utils/syscalls/gcc/syscalls.o
 .debug_macro   0x00014297      0x6aa src/main.o
 .debug_macro   0x00014941      0x1e1 src/main.o

.debug_line     0x00000000     0xe6c2
 .debug_line    0x00000000      0x9fc src/ASF/common/services/sleepmgr/sam/sleepmgr.o
 .debug_line    0x000009fc     0x115c src/ASF/common/services/usb/class/cdc/device/udi_cdc.o
 .debug_line    0x00001b58      0xa7e src/ASF/common/services/usb/class/cdc/device/udi_cdc_desc.o
 .debug_line    0x000025d6      0xc9b src/ASF/common/services/usb/udc/udc.o
 .debug_line    0x00003271      0xd5a src/ASF/sam/drivers/adc/adc.o
 .debug_line    0x00003fcb      0xa59 src/ASF/sam/drivers/pio/pio_handler.o
 .debug_line    0x00004a24     0x163b src/ASF/sam/drivers/udp/udp_device.o
 .debug_line    0x0000605f      0xb23 src/ASF/common/services/clock/sam4s/sysclk.o
 .debug_line    0x00006b82      0xe43 src/ASF/sam/drivers/pio/pio.o
 .debug_line    0x000079c5      0xf2a src/ASF/sam/drivers/pmc/pmc.o
 .debug_line    0x000088ef      0xd00 src/ASF/sam/drivers/pwm/pwm.o
 .debug_line    0x000095ef      0xb32 src/ASF/sam/drivers/tc/tc.o
 .debug_line    0x0000a121      0xb0e src/ASF/sam/drivers/pmc/sleep.o
 .debug_line    0x0000ac2f      0xe74 src/ASF/common/boards/user_board/init.o
 .debug_line    0x0000baa3      0x9a9 src/ASF/common/utils/interrupt/interrupt_sam_nvic.o
 .debug_line    0x0000c44c      0x767 src/ASF/sam/utils/cmsis/sam4s/source/templates/gcc/startup_sam4s.o
 .debug_line    0x0000cbb3      0x798 src/ASF/sam/utils/cmsis/sam4s/source/templates/system_sam4s.o
 .debug_line    0x0000d34b      0x3cb src/ASF/sam/utils/syscalls/gcc/syscalls.o
 .debug_line    0x0000d716      0xfac src/main.o

.debug_str      0x00000000    0x53e44
 .debug_str     0x00000000    0x4561c src/ASF/common/services/sleepmgr/sam/sleepmgr.o
                              0x459bd (size before relaxing)
 .debug_str     0x0004561c     0x47e1 src/ASF/common/services/usb/class/cdc/device/udi_cdc.o
                              0x4a071 (size before relaxing)
 .debug_str     0x00049dfd      0x44c src/ASF/common/services/usb/class/cdc/device/udi_cdc_desc.o
                              0x496e2 (size before relaxing)
 .debug_str     0x0004a249      0x743 src/ASF/common/services/usb/udc/udc.o
                              0x48719 (size before relaxing)
 .debug_str     0x0004a98c      0xa84 src/ASF/sam/drivers/adc/adc.o
                              0x4631a (size before relaxing)
 .debug_str     0x0004b410      0xa27 src/ASF/sam/drivers/pio/pio_handler.o
                              0x46328 (size before relaxing)
 .debug_str     0x0004be37     0x49fa src/ASF/sam/drivers/udp/udp_device.o
                              0x4d26d (size before relaxing)
 .debug_str     0x00050831      0x3f0 src/ASF/common/services/clock/sam4s/sysclk.o
                              0x47121 (size before relaxing)