Archive member included to satisfy reference by file (symbol)

s:/atmel studio/7.0/toolchain/arm/arm-gnu-toolchain/bin/../lib/gcc/arm-none-eabi/6.3.1/../../../../arm-none-eabi/lib/thumb/v7e-m\libm.a(lib_a-w_log.o)
                              src/main.o (log)
s:/atmel studio/7.0/toolchain/arm/arm-gnu-toolchain/bin/../lib/gcc/arm-none-eabi/6.3.1/../../../../arm-none-eabi/lib/thumb/v7e-m\libm.a(lib_a-e_log.o)
                              s:/atmel studio/7.0/toolchain/arm/arm-gnu-toolchain/bin/../lib/gcc/arm-none-eabi/6.3.1/../../../../arm-none-eabi/lib/thumb/v7e-m\libm.a(lib_a-w_log.o) (__ieee754_log)
s:/atmel studio/7.0/toolchain/arm/arm-gnu-toolchain/bin/../lib/gcc/arm-none-eabi/6.3.1/../../../../arm-none-eabi/lib/thumb/v7e-m\libm.a(lib_a-s_lib_ver.o)
                              s:/atmel studio/7.0/toolchain/arm/arm-gnu-toolchain/bin/../lib/gcc/arm-none-eabi/6.3.1/../../../../arm-none-eabi/lib/thumb/v7e-m\libm.a(lib_a-w_log.o) (__fdlib_version)
s:/atmel studio/7.0/toolchain/arm/arm-gnu-toolchain/bin/../lib/gcc/arm-none-eabi/6.3.1/../../../../arm-none-eabi/lib/thumb/v7e-m\libm.a(lib_a-s_matherr.o)
                              s:/atmel studio/7.0/toolchain/arm/arm-gnu-toolchain/bin/../lib/gcc/arm-none-eabi/6.3.1/../../../../arm-none-eabi/lib/thumb/v7e-m\libm.a(lib_a-w_log.o) (matherr)
s:/atmel studio/7.0/toolchain/arm/arm-gnu-toolchain/bin/../lib/gcc/arm-none-eabi/6.3.1/../../../../arm-none-eabi/lib/thumb/v7e-m\libm.a(lib_a-s_nan.o)
                              s:/atmel studio/7.0/toolchain/arm/arm-gnu-toolchain/bin/../lib/gcc/arm-none-eabi/6.3.1/../../../../arm-none-eabi/lib/thumb/v7e-m\libm.a(lib_a-w_log.o) (nan)
s:/atmel studio/7.0/toolchain/arm/arm-gnu-toolchain/bin/../lib/gcc/arm-none-eabi/6.3.1/thumb/v7e-m\libgcc.a(_arm_addsubdf3.o)
                              src/main.o (__aeabi_dsub)
s:/atmel studio/7.0/toolchain/arm/arm-gnu-toolchain/bin/../lib/gcc/arm-none-eabi/6.3.1/thumb/v7e-m\libgcc.a(_arm_muldivdf3.o)
                              src/main.o (__aeabi_dmul)
s:/atmel studio/7.0/toolchain/arm/arm-gnu-toolchain/bin/../lib/gcc/arm-none-eabi/6.3.1/thumb/v7e-m\libgcc.a(_arm_cmpdf2.o)
                              s:/atmel studio/7.0/toolchain/arm/arm-gnu-toolchain/bin/../lib/gcc/arm-none-eabi/6.3.1/../../../../arm-none-eabi/lib/thumb/v7e-m\libm.a(lib_a-w_log.o) (__aeabi_dcmpeq)
s:/atmel studio/7.0/toolchain/arm/arm-gnu-toolchain/bin/../lib/gcc/arm-none-eabi/6.3.1/thumb/v7e-m\libgcc.a(_arm_unorddf2.o)
                              s:/atmel studio/7.0/toolchain/arm/arm-gnu-toolchain/bin/../lib/gcc/arm-none-eabi/6.3.1/../../../../arm-none-eabi/lib/thumb/v7e-m\libm.a(lib_a-w_log.o) (__aeabi_dcmpun)
s:/atmel studio/7.0/toolchain/arm/arm-gnu-toolchain/bin/../lib/gcc/arm-none-eabi/6.3.1/thumb/v7e-m\libgcc.a(_arm_truncdfsf2.o)
                              src/main.o (__aeabi_d2f)
s:/atmel studio/7.0/toolchain/arm/arm-gnu-toolchain/bin/../lib/gcc/arm-none-eabi/6.3.1/../../../../arm-none-eabi/lib/thumb/v7e-m\libc.a(lib_a-errno.o)
                              s:/atmel studio/7.0/toolchain/arm/arm-gnu-toolchain/bin/../lib/gcc/arm-none-eabi/6.3.1/../../../../arm-none-eabi/lib/thumb/v7e-m\libm.a(lib_a-w_log.o) (__errno)
s:/atmel studio/7.0/toolchain/arm/arm-gnu-toolchain/bin/../lib/gcc/arm-none-eabi/6.3.1/../../../../arm-none-eabi/lib/thumb/v7e-m\libc.a(lib_a-exit.o)
                              s:/atmel studio/7.0/toolchain/arm/arm-gnu-toolchain/bin/../lib/gcc/arm-none-eabi/6.3.1/../../../../arm-none-eabi/lib/thumb/v7e-m/crt0.o (exit)
s:/atmel studio/7.0/toolchain/arm/arm-gnu-toolchain/bin/../lib/gcc/arm-none-eabi/6.3.1/../../../../arm-none-eabi/lib/thumb/v7e-m\libc.a(lib_a-impure.o)
                              s:/atmel studio/7.0/toolchain/arm/arm-gnu-toolchain/bin/../lib/gcc/arm-none-eabi/6.3.1/../../../../arm-none-eabi/lib/thumb/v7e-m\libc.a(lib_a-exit.o) (_global_impure_ptr)
s:/atmel studio/7.0/toolchain/arm/arm-gnu-toolchain/bin/../lib/gcc/arm-none-eabi/6.3.1/../../../../arm-none-eabi/lib/thumb/v7e-m\libc.a(lib_a-init.o)
                              s:/atmel studio/7.0/toolchain/arm/arm-gnu-toolchain/bin/../lib/gcc/arm-none-eabi/6.3.1/../../../../arm-none-eabi/lib/thumb/v7e-m/crt0.o (__libc_init_array)
s:/atmel studio/7.0/toolchain/arm/arm-gnu-toolchain/bin/../lib/gcc/arm-none-eabi/6.3.1/../../../../arm-none-eabi/lib/thumb/v7e-m\libc.a(lib_a-iprintf.o)
                              src/ASF/sam/drivers/adc/adc.o (iprintf)
s:/atmel studio/7.0/toolchain/arm/arm-gnu-toolchain/bin/../lib/gcc/arm-none-eabi/6.3.1/../../../../arm-none-eabi/lib/thumb/v7e-m\libc.a(lib_a-memset.o)
                              s:/atmel studio/7.0/toolchain/arm/arm-gnu-toolchain/bin/../lib/gcc/arm-none-eabi/6.3.1/../../../../arm-none-eabi/lib/thumb/v7e-m/crt0.o (memset)
s:/atmel studio/7.0/toolchain/arm/arm-gnu-toolchain/bin/../lib/gcc/arm-none-eabi/6.3.1/../../../../arm-none-eabi/lib/thumb/v7e-m\libc.a(lib_a-puts.o)
                              src/ASF/sam/drivers/adc/adc.o (puts)
[...]
Memory Configuration

Name             Origin             Length             Attributes
rom              0x00400000         0x00040000         xr
ram              0x20000000         0x00010000         xrw
*default*        0x00000000         0xffffffff

Linker script and memory map

LOAD s:/atmel studio/7.0/toolchain/arm/arm-gnu-toolchain/bin/../lib/gcc/arm-none-eabi/6.3.1/thumb/v7e-m/crti.o
LOAD s:/atmel studio/7.0/toolchain/arm/arm-gnu-toolchain/bin/../lib/gcc/arm-none-eabi/6.3.1/thumb/v7e-m/crtbegin.o
LOAD s:/atmel studio/7.0/toolchain/arm/arm-gnu-toolchain/bin/../lib/gcc/arm-none-eabi/6.3.1/../../../../arm-none-eabi/lib/thumb/v7e-m/crt0.o
LOAD src/ASF/sam/drivers/adc/adc.o
LOAD src/ASF/sam/drivers/pio/pio_handler.o
LOAD src/ASF/sam/drivers/usart/usart.o
LOAD src/ASF/sam/drivers/adc/adc_sam3u.o
LOAD src/ASF/common/services/serial/usart_serial.o
LOAD src/ASF/common/services/clock/sam4s/sysclk.o
LOAD src/ASF/sam/drivers/pio/pio.o
LOAD src/ASF/sam/drivers/pmc/pmc.o
LOAD src/ASF/sam/drivers/pwm/pwm.o
LOAD src/ASF/sam/drivers/tc/tc.o
LOAD src/ASF/sam/drivers/uart/uart.o
LOAD src/ASF/sam/drivers/pmc/sleep.o
LOAD src/ASF/common/boards/user_board/init.o
LOAD src/ASF/common/utils/interrupt/interrupt_sam_nvic.o
LOAD src/ASF/sam/utils/cmsis/sam4s/source/templates/gcc/startup_sam4s.o
LOAD src/ASF/sam/utils/cmsis/sam4s/source/templates/system_sam4s.o
LOAD src/ASF/sam/utils/syscalls/gcc/syscalls.o
LOAD src/main.o
START GROUP
LOAD ../src/ASF/thirdparty/CMSIS/Lib/GCC\libarm_cortexM4l_math.a
LOAD s:/atmel studio/7.0/toolchain/arm/arm-gnu-toolchain/bin/../lib/gcc/arm-none-eabi/6.3.1/../../../../arm-none-eabi/lib/thumb/v7e-m\libm.a
END GROUP
START GROUP
LOAD s:/atmel studio/7.0/toolchain/arm/arm-gnu-toolchain/bin/../lib/gcc/arm-none-eabi/6.3.1/thumb/v7e-m\libgcc.a
LOAD s:/atmel studio/7.0/toolchain/arm/arm-gnu-toolchain/bin/../lib/gcc/arm-none-eabi/6.3.1/../../../../arm-none-eabi/lib/thumb/v7e-m\libc.a
END GROUP
LOAD s:/atmel studio/7.0/toolchain/arm/arm-gnu-toolchain/bin/../lib/gcc/arm-none-eabi/6.3.1/thumb/v7e-m/crtend.o
LOAD s:/atmel studio/7.0/toolchain/arm/arm-gnu-toolchain/bin/../lib/gcc/arm-none-eabi/6.3.1/thumb/v7e-m/crtn.o
                0x00003000                __stack_size__ = DEFINED (__stack_size__)?__stack_size__:0x3000
                0x2000fffc                __ram_end__ = ((ORIGIN (ram) + LENGTH (ram)) - 0x4)

.text           0x00400000     0x189c
                0x00400000                . = ALIGN (0x4)
                0x00400000                _sfixed = .
 *(.vectors .vectors.*)
 .vectors       0x00400000       0xcc src/ASF/sam/utils/cmsis/sam4s/source/templates/gcc/startup_sam4s.o
                0x00400000                exception_table
 *(.text .text.* .gnu.linkonce.t.*)
 .text          0x004000cc       0x6c s:/atmel studio/7.0/toolchain/arm/arm-gnu-toolchain/bin/../lib/gcc/arm-none-eabi/6.3.1/thumb/v7e-m/crtbegin.o
 .text.adc_init
                0x00400138       0x34 src/ASF/sam/drivers/adc/adc.o
                0x00400138                adc_init
 .text.adc_configure_trigger
                0x0040016c        0xe src/ASF/sam/drivers/adc/adc.o
                0x0040016c                adc_configure_trigger
 .text.adc_configure_timing
                0x0040017a       0x1c src/ASF/sam/drivers/adc/adc.o
                0x0040017a                adc_configure_timing
 .text.adc_enable_channel
                0x00400196        0xa src/ASF/sam/drivers/adc/adc.o
                0x00400196                adc_enable_channel
 .text.adc_get_status
                0x004001a0        0x4 src/ASF/sam/drivers/adc/adc.o
                0x004001a0                adc_get_status
 .text.pio_handler_process
                0x004001a4       0x68 src/ASF/sam/drivers/pio/pio_handler.o
                0x004001a4                pio_handler_process
 .text.PIOA_Handler
                0x0040020c       0x14 src/ASF/sam/drivers/pio/pio_handler.o
                0x0040020c                PIOA_Handler
 .text.PIOB_Handler
                0x00400220       0x14 src/ASF/sam/drivers/pio/pio_handler.o
                0x00400220                PIOB_Handler
 .text.sysclk_init
                0x00400234       0x64 src/ASF/common/services/clock/sam4s/sysclk.o
                0x00400234                sysclk_init
 .text.pio_set_output
                0x00400298       0x26 src/ASF/sam/drivers/pio/pio.o
                0x00400298                pio_set_output
 .text.pio_get_interrupt_status
                0x004002be        0x4 src/ASF/sam/drivers/pio/pio.o
                0x004002be                pio_get_interrupt_status
 .text.pio_get_interrupt_mask
                0x004002c2        0x4 src/ASF/sam/drivers/pio/pio.o
                0x004002c2                pio_get_interrupt_mask
 *fill*         0x004002c6        0x2 
 .text.pmc_switch_mck_to_pllack
                0x004002c8       0x64 src/ASF/sam/drivers/pmc/pmc.o
                0x004002c8                pmc_switch_mck_to_pllack
 .text.pmc_switch_mainck_to_fastrc
                0x0040032c       0x4c src/ASF/sam/drivers/pmc/pmc.o
                0x0040032c                pmc_switch_mainck_to_fastrc
 .text.pmc_osc_is_ready_mainck
                0x00400378       0x10 src/ASF/sam/drivers/pmc/pmc.o
                0x00400378                pmc_osc_is_ready_mainck
 .text.pmc_disable_pllack
                0x00400388       0x10 src/ASF/sam/drivers/pmc/pmc.o
                0x00400388                pmc_disable_pllack
 .text.pmc_is_locked_pllack
                0x00400398       0x10 src/ASF/sam/drivers/pmc/pmc.o
                0x00400398                pmc_is_locked_pllack
 .text.pmc_enable_periph_clk
                0x004003a8       0x54 src/ASF/sam/drivers/pmc/pmc.o
                0x004003a8                pmc_enable_periph_clk
 .text.board_init
                0x004003fc       0xbc src/ASF/common/boards/user_board/init.o
                0x004003fc                board_init
 .text.Dummy_Handler
                0x004004b8        0x2 src/ASF/sam/utils/cmsis/sam4s/source/templates/gcc/startup_sam4s.o
                0x004004b8                DebugMon_Handler
                0x004004b8                HardFault_Handler
                0x004004b8                TC2_Handler
                0x004004b8                SPI_Handler
                0x004004b8                SysTick_Handler
                0x004004b8                TWI1_Handler
                0x004004b8                PendSV_Handler
                0x004004b8                NMI_Handler
                0x004004b8                ADC_Handler
                0x004004b8                CRCCU_Handler
                0x004004b8                USART0_Handler
                0x004004b8                RTT_Handler
                0x004004b8                RTC_Handler
                0x004004b8                UsageFault_Handler
                0x004004b8                WDT_Handler
                0x004004b8                TC1_Handler
                0x004004b8                UART1_Handler
                0x004004b8                Dummy_Handler
                0x004004b8                TWI0_Handler
                0x004004b8                SSC_Handler
                0x004004b8                EFC0_Handler
                0x004004b8                ACC_Handler
                0x004004b8                PMC_Handler
                0x004004b8                PWM_Handler
                0x004004b8                MemManage_Handler
                0x004004b8                SUPC_Handler
                0x004004b8                SVC_Handler
                0x004004b8                UART0_Handler
                0x004004b8                UDP_Handler
                0x004004b8                BusFault_Handler
                0x004004b8                RSTC_Handler
                0x004004b8                TC0_Handler
 *fill*         0x004004ba        0x2 
 .text.Reset_Handler
                0x004004bc       0xac src/ASF/sam/utils/cmsis/sam4s/source/templates/gcc/startup_sam4s.o
                0x004004bc                Reset_Handler
 .text.SystemCoreClockUpdate
                0x00400568      0x110 src/ASF/sam/utils/cmsis/sam4s/source/templates/system_sam4s.o
                0x00400568                SystemCoreClockUpdate
 .text.system_init_flash
                0x00400678       0x74 src/ASF/sam/utils/cmsis/sam4s/source/templates/system_sam4s.o
                0x00400678                system_init_flash
 *fill*         0x004006ec        0x4 
 .text.calculateCellVoltage
                0x004006f0       0x38 src/main.o
                0x004006f0                calculateCellVoltage
 .text.calculateCellCurrent
                0x00400728       0x2c src/main.o
                0x00400728                calculateCellCurrent
 *fill*         0x00400754        0x4 
 .text.calculateTemp
                0x00400758       0xd8 src/main.o
                0x00400758                calculateTemp
 .text.getADCData
                0x00400830       0x44 src/main.o
                0x00400830                getADCData
 .text.main     0x00400874       0x1c src/main.o
                0x00400874                main
 .text.log      0x00400890       0xf8 s:/atmel studio/7.0/toolchain/arm/arm-gnu-toolchain/bin/../lib/gcc/arm-none-eabi/6.3.1/../../../../arm-none-eabi/lib/thumb/v7e-m\libm.a(lib_a-w_log.o)
                0x00400890                log
 .text.__ieee754_log
                0x00400988      0x3e8 s:/atmel studio/7.0/toolchain/arm/arm-gnu-toolchain/bin/../lib/gcc/arm-none-eabi/6.3.1/../../../../arm-none-eabi/lib/thumb/v7e-m\libm.a(lib_a-e_log.o)
                0x00400988                __ieee754_log
 .text.matherr  0x00400d70        0x4 s:/atmel studio/7.0/toolchain/arm/arm-gnu-toolchain/bin/../lib/gcc/arm-none-eabi/6.3.1/../../../../arm-none-eabi/lib/thumb/v7e-m\libm.a(lib_a-s_matherr.o)
                0x00400d70                matherr
 .text.nan      0x00400d74        0xc s:/atmel studio/7.0/toolchain/arm/arm-gnu-toolchain/bin/../lib/gcc/arm-none-eabi/6.3.1/../../../../arm-none-eabi/lib/thumb/v7e-m\libm.a(lib_a-s_nan.o)
                0x00400d74                nan
 .text          0x00400d80      0x370 s:/atmel studio/7.0/toolchain/arm/arm-gnu-toolchain/bin/../lib/gcc/arm-none-eabi/6.3.1/thumb/v7e-m\libgcc.a(_arm_addsubdf3.o)
                0x00400d80                __aeabi_drsub
                0x00400d88                __aeabi_dsub
                0x00400d88                __subdf3
                0x00400d8c                __aeabi_dadd
                0x00400d8c                __adddf3
                0x00401004                __floatunsidf
                0x00401004                __aeabi_ui2d
                0x00401024                __floatsidf
                0x00401024                __aeabi_i2d
                0x00401048                __aeabi_f2d
                0x00401048                __extendsfdf2
                0x00401084                __floatundidf
                0x00401084                __aeabi_ul2d
                0x00401094                __floatdidf
                0x00401094                __aeabi_l2d
 .text          0x004010f0      0x424 s:/atmel studio/7.0/toolchain/arm/arm-gnu-toolchain/bin/../lib/gcc/arm-none-eabi/6.3.1/thumb/v7e-m\libgcc.a(_arm_muldivdf3.o)
                0x004010f0                __aeabi_dmul
                0x004010f0                __muldf3
                0x00401344                __divdf3
                0x00401344                __aeabi_ddiv
 .text          0x00401514      0x110 s:/atmel studio/7.0/toolchain/arm/arm-gnu-toolchain/bin/../lib/gcc/arm-none-eabi/6.3.1/thumb/v7e-m\libgcc.a(_arm_cmpdf2.o)
                0x00401514                __gtdf2
                0x00401514                __gedf2
                0x0040151c                __ltdf2
                0x0040151c                __ledf2
                0x00401524                __nedf2
                0x00401524                __eqdf2
                0x00401524                __cmpdf2
                0x004015a0                __aeabi_cdrcmple
                0x004015b0                __aeabi_cdcmpeq
                0x004015b0                __aeabi_cdcmple
                0x004015c0                __aeabi_dcmpeq
                0x004015d4                __aeabi_dcmplt
                0x004015e8                __aeabi_dcmple
                0x004015fc                __aeabi_dcmpge
                0x00401610                __aeabi_dcmpgt
 .text          0x00401624       0x2c s:/atmel studio/7.0/toolchain/arm/arm-gnu-toolchain/bin/../lib/gcc/arm-none-eabi/6.3.1/thumb/v7e-m\libgcc.a(_arm_unorddf2.o)
                0x00401624                __unorddf2
                0x00401624                __aeabi_dcmpun
 .text          0x00401650       0xa0 s:/atmel studio/7.0/toolchain/arm/arm-gnu-toolchain/bin/../lib/gcc/arm-none-eabi/6.3.1/thumb/v7e-m\libgcc.a(_arm_truncdfsf2.o)
                0x00401650                __truncdfsf2
                0x00401650                __aeabi_d2f
 .text.__errno  0x004016f0        0xc s:/atmel studio/7.0/toolchain/arm/arm-gnu-toolchain/bin/../lib/gcc/arm-none-eabi/6.3.1/../../../../arm-none-eabi/lib/thumb/v7e-m\libc.a(lib_a-errno.o)
                0x004016f0                __errno
 .text.__libc_init_array
                0x004016fc       0x50 s:/atmel studio/7.0/toolchain/arm/arm-gnu-toolchain/bin/../lib/gcc/arm-none-eabi/6.3.1/../../../../arm-none-eabi/lib/thumb/v7e-m\libc.a(lib_a-init.o)
                0x004016fc                __libc_init_array
 .text.startup.register_fini
                0x0040174c       0x14 s:/atmel studio/7.0/toolchain/arm/arm-gnu-toolchain/bin/../lib/gcc/arm-none-eabi/6.3.1/../../../../arm-none-eabi/lib/thumb/v7e-m\libc.a(lib_a-__call_atexit.o)
 .text.atexit   0x00401760        0xc s:/atmel studio/7.0/toolchain/arm/arm-gnu-toolchain/bin/../lib/gcc/arm-none-eabi/6.3.1/../../../../arm-none-eabi/lib/thumb/v7e-m\libc.a(lib_a-atexit.o)
                0x00401760                atexit
 .text.__libc_fini_array
                0x0040176c       0x34 s:/atmel studio/7.0/toolchain/arm/arm-gnu-toolchain/bin/../lib/gcc/arm-none-eabi/6.3.1/../../../../arm-none-eabi/lib/thumb/v7e-m\libc.a(lib_a-fini.o)
                0x0040176c                __libc_fini_array
 .text.__retarget_lock_acquire_recursive
                0x004017a0        0x4 s:/atmel studio/7.0/toolchain/arm/arm-gnu-toolchain/bin/../lib/gcc/arm-none-eabi/6.3.1/../../../../arm-none-eabi/lib/thumb/v7e-m\libc.a(lib_a-lock.o)
                0x004017a0                __retarget_lock_acquire_recursive
 .text.__retarget_lock_release_recursive
                0x004017a4        0x4 s:/atmel studio/7.0/toolchain/arm/arm-gnu-toolchain/bin/../lib/gcc/arm-none-eabi/6.3.1/../../../../arm-none-eabi/lib/thumb/v7e-m\libc.a(lib_a-lock.o)
                0x004017a4                __retarget_lock_release_recursive
 .text.__register_exitproc
                0x004017a8       0xc4 s:/atmel studio/7.0/toolchain/arm/arm-gnu-toolchain/bin/../lib/gcc/arm-none-eabi/6.3.1/../../../../arm-none-eabi/lib/thumb/v7e-m\libc.a(lib_a-__atexit.o)
                0x004017a8                __register_exitproc
 *(.glue_7t)
 .glue_7t       0x0040186c        0x0 linker stubs
 *(.glue_7)
 .glue_7        0x0040186c        0x0 linker stubs
 *(.rodata .rodata* .gnu.linkonce.r.*)
 .rodata.log.str1.4
                0x0040186c        0x8 s:/atmel studio/7.0/toolchain/arm/arm-gnu-toolchain/bin/../lib/gcc/arm-none-eabi/6.3.1/../../../../arm-none-eabi/lib/thumb/v7e-m\libm.a(lib_a-w_log.o)
                                  0x5 (size before relaxing)
 .rodata._global_impure_ptr
                0x00401874        0x4 s:/atmel studio/7.0/toolchain/arm/arm-gnu-toolchain/bin/../lib/gcc/arm-none-eabi/6.3.1/../../../../arm-none-eabi/lib/thumb/v7e-m\libc.a(lib_a-impure.o)
                0x00401874                _global_impure_ptr
 *(.ARM.extab* .gnu.linkonce.armextab.*)
                0x00401878                . = ALIGN (0x4)
 *(.init)
 .init          0x00401878        0x4 s:/atmel studio/7.0/toolchain/arm/arm-gnu-toolchain/bin/../lib/gcc/arm-none-eabi/6.3.1/thumb/v7e-m/crti.o
                0x00401878                _init
 .init          0x0040187c        0x8 s:/atmel studio/7.0/toolchain/arm/arm-gnu-toolchain/bin/../lib/gcc/arm-none-eabi/6.3.1/thumb/v7e-m/crtn.o
                0x00401884                . = ALIGN (0x4)
                0x00401884                __preinit_array_start = .
 *(.preinit_array)
                0x00401884                __preinit_array_end = .
                0x00401884                . = ALIGN (0x4)
                0x00401884                __init_array_start = .
 *(SORT(.init_array.*))
 .init_array.00000
                0x00401884        0x4 s:/atmel studio/7.0/toolchain/arm/arm-gnu-toolchain/bin/../lib/gcc/arm-none-eabi/6.3.1/../../../../arm-none-eabi/lib/thumb/v7e-m\libc.a(lib_a-__call_atexit.o)
 *(.init_array)
 .init_array    0x00401888        0x4 s:/atmel studio/7.0/toolchain/arm/arm-gnu-toolchain/bin/../lib/gcc/arm-none-eabi/6.3.1/thumb/v7e-m/crtbegin.o
                0x0040188c                __init_array_end = .
                0x0040188c                . = ALIGN (0x4)
 *crtbegin.o(.ctors)
 *(EXCLUDE_FILE(*crtend.o) .ctors)
 *(SORT(.ctors.*))
 *crtend.o(.ctors)
                0x0040188c                . = ALIGN (0x4)
 *(.fini)
 .fini          0x0040188c        0x4 s:/atmel studio/7.0/toolchain/arm/arm-gnu-toolchain/bin/../lib/gcc/arm-none-eabi/6.3.1/thumb/v7e-m/crti.o
                0x0040188c                _fini
 .fini          0x00401890        0x8 s:/atmel studio/7.0/toolchain/arm/arm-gnu-toolchain/bin/../lib/gcc/arm-none-eabi/6.3.1/thumb/v7e-m/crtn.o
                0x00401898                . = ALIGN (0x4)
                0x00401898                __fini_array_start = .
 *(.fini_array)
 .fini_array    0x00401898        0x4 s:/atmel studio/7.0/toolchain/arm/arm-gnu-toolchain/bin/../lib/gcc/arm-none-eabi/6.3.1/thumb/v7e-m/crtbegin.o
 *(SORT(.fini_array.*))
                0x0040189c                __fini_array_end = .
 *crtbegin.o(.dtors)
 *(EXCLUDE_FILE(*crtend.o) .dtors)
 *(SORT(.dtors.*))
 *crtend.o(.dtors)
                0x0040189c                . = ALIGN (0x4)
                0x0040189c                _efixed = .
                [!provide]                PROVIDE (__exidx_start, .)

.vfp11_veneer   0x0040189c        0x0
 .vfp11_veneer  0x0040189c        0x0 linker stubs

.v4_bx          0x0040189c        0x0
 .v4_bx         0x0040189c        0x0 linker stubs

.iplt           0x0040189c        0x0
 .iplt          0x0040189c        0x0 s:/atmel studio/7.0/toolchain/arm/arm-gnu-toolchain/bin/../lib/gcc/arm-none-eabi/6.3.1/thumb/v7e-m/crtbegin.o

.eh_frame       0x0040189c        0x0
 .eh_frame      0x0040189c        0x0 s:/atmel studio/7.0/toolchain/arm/arm-gnu-toolchain/bin/../lib/gcc/arm-none-eabi/6.3.1/thumb/v7e-m/crtbegin.o

.rel.dyn        0x0040189c        0x0
 .rel.iplt      0x0040189c        0x0 s:/atmel studio/7.0/toolchain/arm/arm-gnu-toolchain/bin/../lib/gcc/arm-none-eabi/6.3.1/thumb/v7e-m/crtbegin.o

.jcr            0x0040189c        0x0
 .jcr           0x0040189c        0x0 s:/atmel studio/7.0/toolchain/arm/arm-gnu-toolchain/bin/../lib/gcc/arm-none-eabi/6.3.1/thumb/v7e-m/crtbegin.o

.igot.plt       0x0040189c        0x0
 .igot.plt      0x0040189c        0x0 s:/atmel studio/7.0/toolchain/arm/arm-gnu-toolchain/bin/../lib/gcc/arm-none-eabi/6.3.1/thumb/v7e-m/crtbegin.o

.ARM.exidx
 *(.ARM.exidx* .gnu.linkonce.armexidx.*)
                [!provide]                PROVIDE (__exidx_end, .)
                0x0040189c                . = ALIGN (0x4)
                0x0040189c                _etext = .

.relocate       0x20000000      0x43c load address 0x0040189c
                0x20000000                . = ALIGN (0x4)
                0x20000000                _srelocate = .
 *(.ramfunc .ramfunc.*)
 *(.data .data.*)
 .data.SystemCoreClock
                0x20000000        0x4 src/ASF/sam/utils/cmsis/sam4s/source/templates/system_sam4s.o
                0x20000000                SystemCoreClock
 .data.__fdlib_version
                0x20000004        0x1 s:/atmel studio/7.0/toolchain/arm/arm-gnu-toolchain/bin/../lib/gcc/arm-none-eabi/6.3.1/../../../../arm-none-eabi/lib/thumb/v7e-m\libm.a(lib_a-s_lib_ver.o)
                0x20000004                __fdlib_version
 *fill*         0x20000005        0x3 
 .data._impure_ptr
                0x20000008        0x4 s:/atmel studio/7.0/toolchain/arm/arm-gnu-toolchain/bin/../lib/gcc/arm-none-eabi/6.3.1/../../../../arm-none-eabi/lib/thumb/v7e-m\libc.a(lib_a-impure.o)
                0x20000008                _impure_ptr
 *fill*         0x2000000c        0x4 
 .data.impure_data
                0x20000010      0x428 s:/atmel studio/7.0/toolchain/arm/arm-gnu-toolchain/bin/../lib/gcc/arm-none-eabi/6.3.1/../../../../arm-none-eabi/lib/thumb/v7e-m\libc.a(lib_a-impure.o)
 .data.__atexit_recursive_mutex
                0x20000438        0x4 s:/atmel studio/7.0/toolchain/arm/arm-gnu-toolchain/bin/../lib/gcc/arm-none-eabi/6.3.1/../../../../arm-none-eabi/lib/thumb/v7e-m\libc.a(lib_a-__call_atexit.o)
                0x20000438                __atexit_recursive_mutex
                0x2000043c                . = ALIGN (0x4)
                0x2000043c                _erelocate = .

.bss            0x2000043c       0xc8 load address 0x00401cd8
                0x2000043c                . = ALIGN (0x4)
                0x2000043c                _sbss = .
                0x2000043c                _szero = .
 *(.bss .bss.*)
 .bss           0x2000043c       0x1c s:/atmel studio/7.0/toolchain/arm/arm-gnu-toolchain/bin/../lib/gcc/arm-none-eabi/6.3.1/thumb/v7e-m/crtbegin.o
 .bss.gs_interrupt_sources
                0x20000458       0x70 src/ASF/sam/drivers/pio/pio_handler.o
 .bss.pio_capture_handler
                0x200004c8        0x4 src/ASF/sam/drivers/pio/pio_handler.o
 *(COMMON)
 COMMON         0x200004cc        0x4 src/ASF/sam/drivers/pio/pio.o
                0x200004cc                pio_capture_enable_flag
 COMMON         0x200004d0       0x10 src/main.o
                0x200004d0                current
                0x200004d4                cellV
                0x200004d8                tempBatt
                0x200004dc                tempFet
 COMMON         0x200004e0       0x21 s:/atmel studio/7.0/toolchain/arm/arm-gnu-toolchain/bin/../lib/gcc/arm-none-eabi/6.3.1/../../../../arm-none-eabi/lib/thumb/v7e-m\libc.a(lib_a-lock.o)
                0x200004e0                __lock___atexit_recursive_mutex
                0x200004e4                __lock___arc4random_mutex
                0x200004e8                __lock___env_recursive_mutex
                0x200004ec                __lock___sinit_recursive_mutex
                0x200004f0                __lock___malloc_recursive_mutex
                0x200004f4                __lock___at_quick_exit_mutex
                0x200004f8                __lock___dd_hash_mutex
                0x200004fc                __lock___tz_mutex
                0x20000500                __lock___sfp_recursive_mutex
                0x20000504                . = ALIGN (0x4)
 *fill*         0x20000501        0x3 
                0x20000504                _ebss = .
                0x20000504                _ezero = .

.stack          0x20000504     0x3004 load address 0x00401da0
                0x20000508                . = ALIGN (0x8)
 *fill*         0x20000504        0x4 
                0x20000508                _sstack = .
                0x20003508                . = (. + __stack_size__)
 *fill*         0x20000508     0x3000 
                0x20003508                . = ALIGN (0x8)
                0x20003508                _estack = .
                0x20003508                . = ALIGN (0x4)
                0x20003508                _end = .
OUTPUT(Batery Characterization.elf elf32-littlearm)

.ARM.attributes
                0x00000000       0x2a
 .ARM.attributes
                0x00000000       0x1e s:/atmel studio/7.0/toolchain/arm/arm-gnu-toolchain/bin/../lib/gcc/arm-none-eabi/6.3.1/thumb/v7e-m/crti.o
 .ARM.attributes
                0x0000001e       0x2e s:/atmel studio/7.0/toolchain/arm/arm-gnu-toolchain/bin/../lib/gcc/arm-none-eabi/6.3.1/thumb/v7e-m/crtbegin.o
 .ARM.attributes
                0x0000004c       0x33 src/ASF/sam/drivers/adc/adc.o
 .ARM.attributes
                0x0000007f       0x33 src/ASF/sam/drivers/pio/pio_handler.o
 .ARM.attributes
                0x000000b2       0x33 src/ASF/common/services/clock/sam4s/sysclk.o
 .ARM.attributes
                0x000000e5       0x33 src/ASF/sam/drivers/pio/pio.o
 .ARM.attributes
                0x00000118       0x33 src/ASF/sam/drivers/pmc/pmc.o
 .ARM.attributes
                0x0000014b       0x33 src/ASF/common/boards/user_board/init.o
 .ARM.attributes
                0x0000017e       0x33 src/ASF/sam/utils/cmsis/sam4s/source/templates/gcc/startup_sam4s.o
 .ARM.attributes
                0x000001b1       0x33 src/ASF/sam/utils/cmsis/sam4s/source/templates/system_sam4s.o
 .ARM.attributes
                0x000001e4       0x33 src/main.o
 .ARM.attributes
                0x00000217       0x2e s:/atmel studio/7.0/toolchain/arm/arm-gnu-toolchain/bin/../lib/gcc/arm-none-eabi/6.3.1/../../../../arm-none-eabi/lib/thumb/v7e-m\libm.a(lib_a-w_log.o)
 .ARM.attributes
                0x00000245       0x2e s:/atmel studio/7.0/toolchain/arm/arm-gnu-toolchain/bin/../lib/gcc/arm-none-eabi/6.3.1/../../../../arm-none-eabi/lib/thumb/v7e-m\libm.a(lib_a-e_log.o)
 .ARM.attributes
                0x00000273       0x2e s:/atmel studio/7.0/toolchain/arm/arm-gnu-toolchain/bin/../lib/gcc/arm-none-eabi/6.3.1/../../../../arm-none-eabi/lib/thumb/v7e-m\libm.a(lib_a-s_lib_ver.o)
 .ARM.attributes
                0x000002a1       0x2e s:/atmel studio/7.0/toolchain/arm/arm-gnu-toolchain/bin/../lib/gcc/arm-none-eabi/6.3.1/../../../../arm-none-eabi/lib/thumb/v7e-m\libm.a(lib_a-s_matherr.o)
 .ARM.attributes
                0x000002cf       0x2e s:/atmel studio/7.0/toolchain/arm/arm-gnu-toolchain/bin/../lib/gcc/arm-none-eabi/6.3.1/../../../../arm-none-eabi/lib/thumb/v7e-m\libm.a(lib_a-s_nan.o)
 .ARM.attributes
                0x000002fd       0x1e s:/atmel studio/7.0/toolchain/arm/arm-gnu-toolchain/bin/../lib/gcc/arm-none-eabi/6.3.1/thumb/v7e-m\libgcc.a(_arm_addsubdf3.o)
 .ARM.attributes
                0x0000031b       0x1e s:/atmel studio/7.0/toolchain/arm/arm-gnu-toolchain/bin/../lib/gcc/arm-none-eabi/6.3.1/thumb/v7e-m\libgcc.a(_arm_muldivdf3.o)
 .ARM.attributes
                0x00000339       0x1e s:/atmel studio/7.0/toolchain/arm/arm-gnu-toolchain/bin/../lib/gcc/arm-none-eabi/6.3.1/thumb/v7e-m\libgcc.a(_arm_cmpdf2.o)
 .ARM.attributes
                0x00000357       0x1e s:/atmel studio/7.0/toolchain/arm/arm-gnu-toolchain/bin/../lib/gcc/arm-none-eabi/6.3.1/thumb/v7e-m\libgcc.a(_arm_unorddf2.o)
 .ARM.attributes
                0x00000375       0x1e s:/atmel studio/7.0/toolchain/arm/arm-gnu-toolchain/bin/../lib/gcc/arm-none-eabi/6.3.1/thumb/v7e-m\libgcc.a(_arm_truncdfsf2.o)
 .ARM.attributes
                0x00000393       0x2e s:/atmel studio/7.0/toolchain/arm/arm-gnu-toolchain/bin/../lib/gcc/arm-none-eabi/6.3.1/../../../../arm-none-eabi/lib/thumb/v7e-m\libc.a(lib_a-errno.o)
 .ARM.attributes
                0x000003c1       0x2e s:/atmel studio/7.0/toolchain/arm/arm-gnu-toolchain/bin/../lib/gcc/arm-none-eabi/6.3.1/../../../../arm-none-eabi/lib/thumb/v7e-m\libc.a(lib_a-impure.o)
 .ARM.attributes
                0x000003ef       0x2e s:/atmel studio/7.0/toolchain/arm/arm-gnu-toolchain/bin/../lib/gcc/arm-none-eabi/6.3.1/../../../../arm-none-eabi/lib/thumb/v7e-m\libc.a(lib_a-init.o)
 .ARM.attributes
                0x0000041d       0x2e s:/atmel studio/7.0/toolchain/arm/arm-gnu-toolchain/bin/../lib/gcc/arm-none-eabi/6.3.1/../../../../arm-none-eabi/lib/thumb/v7e-m\libc.a(lib_a-__call_atexit.o)
 .ARM.attributes
                0x0000044b       0x2e s:/atmel studio/7.0/toolchain/arm/arm-gnu-toolchain/bin/../lib/gcc/arm-none-eabi/6.3.1/../../../../arm-none-eabi/lib/thumb/v7e-m\libc.a(lib_a-atexit.o)
 .ARM.attributes
                0x00000479       0x2e s:/atmel studio/7.0/toolchain/arm/arm-gnu-toolchain/bin/../lib/gcc/arm-none-eabi/6.3.1/../../../../arm-none-eabi/lib/thumb/v7e-m\libc.a(lib_a-fini.o)
 .ARM.attributes
                0x000004a7       0x2e s:/atmel studio/7.0/toolchain/arm/arm-gnu-toolchain/bin/../lib/gcc/arm-none-eabi/6.3.1/../../../../arm-none-eabi/lib/thumb/v7e-m\libc.a(lib_a-lock.o)
 .ARM.attributes
                0x000004d5       0x2e s:/atmel studio/7.0/toolchain/arm/arm-gnu-toolchain/bin/../lib/gcc/arm-none-eabi/6.3.1/../../../../arm-none-eabi/lib/thumb/v7e-m\libc.a(lib_a-__atexit.o)
 .ARM.attributes
                0x00000503       0x1e s:/atmel studio/7.0/toolchain/arm/arm-gnu-toolchain/bin/../lib/gcc/arm-none-eabi/6.3.1/thumb/v7e-m/crtn.o

.comment        0x00000000       0x59
 .comment       0x00000000       0x59 src/ASF/sam/drivers/adc/adc.o
                                 0x5a (size before relaxing)
 .comment       0x00000059       0x5a src/ASF/sam/drivers/pio/pio_handler.o
 .comment       0x00000059       0x5a src/ASF/common/services/clock/sam4s/sysclk.o
 .comment       0x00000059       0x5a src/ASF/sam/drivers/pio/pio.o
 .comment       0x00000059       0x5a src/ASF/sam/drivers/pmc/pmc.o
 .comment       0x00000059       0x5a src/ASF/common/boards/user_board/init.o
 .comment       0x00000059       0x5a src/ASF/sam/utils/cmsis/sam4s/source/templates/gcc/startup_sam4s.o
 .comment       0x00000059       0x5a src/ASF/sam/utils/cmsis/sam4s/source/templates/system_sam4s.o
 .comment       0x00000059       0x5a src/main.o

.debug_info     0x00000000     0xb276
 .debug_info    0x00000000     0x1b44 src/ASF/sam/drivers/adc/adc.o
 .debug_info    0x00001b44     0x18b7 src/ASF/sam/drivers/pio/pio_handler.o
 .debug_info    0x000033fb     0x12b8 src/ASF/common/services/clock/sam4s/sysclk.o
 .debug_info    0x000046b3     0x221d src/ASF/sam/drivers/pio/pio.o
 .debug_info    0x000068d0     0x19bc src/ASF/sam/drivers/pmc/pmc.o
 .debug_info    0x0000828c     0x157d src/ASF/common/boards/user_board/init.o
 .debug_info    0x00009809      0x6d2 src/ASF/sam/utils/cmsis/sam4s/source/templates/gcc/startup_sam4s.o
 .debug_info    0x00009edb      0x458 src/ASF/sam/utils/cmsis/sam4s/source/templates/system_sam4s.o
 .debug_info    0x0000a333      0xf43 src/main.o

.debug_abbrev   0x00000000     0x186a
 .debug_abbrev  0x00000000      0x337 src/ASF/sam/drivers/adc/adc.o
 .debug_abbrev  0x00000337      0x37f src/ASF/sam/drivers/pio/pio_handler.o
 .debug_abbrev  0x000006b6      0x333 src/ASF/common/services/clock/sam4s/sysclk.o
 .debug_abbrev  0x000009e9      0x3ff src/ASF/sam/drivers/pio/pio.o
 .debug_abbrev  0x00000de8      0x315 src/ASF/sam/drivers/pmc/pmc.o
 .debug_abbrev  0x000010fd      0x25c src/ASF/common/boards/user_board/init.o
 .debug_abbrev  0x00001359      0x15e src/ASF/sam/utils/cmsis/sam4s/source/templates/gcc/startup_sam4s.o
 .debug_abbrev  0x000014b7      0x102 src/ASF/sam/utils/cmsis/sam4s/source/templates/system_sam4s.o
 .debug_abbrev  0x000015b9      0x2b1 src/main.o

.debug_loc      0x00000000     0x2cd7
 .debug_loc     0x00000000      0x9e6 src/ASF/sam/drivers/adc/adc.o
 .debug_loc     0x000009e6      0x531 src/ASF/sam/drivers/pio/pio_handler.o
 .debug_loc     0x00000f17      0x1d9 src/ASF/common/services/clock/sam4s/sysclk.o
 .debug_loc     0x000010f0      0xdef src/ASF/sam/drivers/pio/pio.o
 .debug_loc     0x00001edf      0xb91 src/ASF/sam/drivers/pmc/pmc.o
 .debug_loc     0x00002a70       0x38 src/ASF/common/boards/user_board/init.o
 .debug_loc     0x00002aa8       0xa1 src/ASF/sam/utils/cmsis/sam4s/source/templates/gcc/startup_sam4s.o
 .debug_loc     0x00002b49      0x18e src/main.o

.debug_aranges  0x00000000      0x680
 .debug_aranges
                0x00000000      0x188 src/ASF/sam/drivers/adc/adc.o
 .debug_aranges
                0x00000188       0x50 src/ASF/sam/drivers/pio/pio_handler.o
 .debug_aranges
                0x000001d8       0x40 src/ASF/common/services/clock/sam4s/sysclk.o
 .debug_aranges
                0x00000218      0x1a8 src/ASF/sam/drivers/pio/pio.o
 .debug_aranges
                0x000003c0      0x208 src/ASF/sam/drivers/pmc/pmc.o
 .debug_aranges
                0x000005c8       0x20 src/ASF/common/boards/user_board/init.o
 .debug_aranges
                0x000005e8       0x28 src/ASF/sam/utils/cmsis/sam4s/source/templates/gcc/startup_sam4s.o
 .debug_aranges
                0x00000610       0x30 src/ASF/sam/utils/cmsis/sam4s/source/templates/system_sam4s.o
 .debug_aranges
                0x00000640       0x40 src/main.o

.debug_ranges   0x00000000      0x620
 .debug_ranges  0x00000000      0x178 src/ASF/sam/drivers/adc/adc.o
 .debug_ranges  0x00000178       0x58 src/ASF/sam/drivers/pio/pio_handler.o
 .debug_ranges  0x000001d0       0x30 src/ASF/common/services/clock/sam4s/sysclk.o
 .debug_ranges  0x00000200      0x1b0 src/ASF/sam/drivers/pio/pio.o
 .debug_ranges  0x000003b0      0x1f8 src/ASF/sam/drivers/pmc/pmc.o
 .debug_ranges  0x000005a8       0x10 src/ASF/common/boards/user_board/init.o
 .debug_ranges  0x000005b8       0x18 src/ASF/sam/utils/cmsis/sam4s/source/templates/gcc/startup_sam4s.o
 .debug_ranges  0x000005d0       0x20 src/ASF/sam/utils/cmsis/sam4s/source/templates/system_sam4s.o
 .debug_ranges  0x000005f0       0x30 src/main.o

.debug_macro    0x00000000     0xfd12
 .debug_macro   0x00000000      0x4da src/ASF/sam/drivers/adc/adc.o
 .debug_macro   0x000004da      0x8c8 src/ASF/sam/drivers/adc/adc.o
 .debug_macro   0x00000da2      0x16d src/ASF/sam/drivers/adc/adc.o
 .debug_macro   0x00000f0f      0x71d src/ASF/sam/drivers/adc/adc.o
 .debug_macro   0x0000162c       0x76 src/ASF/sam/drivers/adc/adc.o
 .debug_macro   0x000016a2       0x16 src/ASF/sam/drivers/adc/adc.o
 .debug_macro   0x000016b8      0x6da src/ASF/sam/drivers/adc/adc.o
 .debug_macro   0x00001d92       0x22 src/ASF/sam/drivers/adc/adc.o
 .debug_macro   0x00001db4       0x87 src/ASF/sam/drivers/adc/adc.o
 .debug_macro   0x00001e3b       0x51 src/ASF/sam/drivers/adc/adc.o
 .debug_macro   0x00001e8c       0xef src/ASF/sam/drivers/adc/adc.o
 .debug_macro   0x00001f7b       0x6a src/ASF/sam/drivers/adc/adc.o
 .debug_macro   0x00001fe5      0x1df src/ASF/sam/drivers/adc/adc.o
 .debug_macro   0x000021c4       0x27 src/ASF/sam/drivers/adc/adc.o
 .debug_macro   0x000021eb       0x1c src/ASF/sam/drivers/adc/adc.o
 .debug_macro   0x00002207       0x22 src/ASF/sam/drivers/adc/adc.o
 .debug_macro   0x00002229       0xdf src/ASF/sam/drivers/adc/adc.o
 .debug_macro   0x00002308     0x102d src/ASF/sam/drivers/adc/adc.o
 .debug_macro   0x00003335      0x11f src/ASF/sam/drivers/adc/adc.o
 .debug_macro   0x00003454      0x154 src/ASF/sam/drivers/adc/adc.o
 .debug_macro   0x000035a8      0xaa5 src/ASF/sam/drivers/adc/adc.o
 .debug_macro   0x0000404d      0x1b4 src/ASF/sam/drivers/adc/adc.o
 .debug_macro   0x00004201       0xac src/ASF/sam/drivers/adc/adc.o
 .debug_macro   0x000042ad      0x106 src/ASF/sam/drivers/adc/adc.o
 .debug_macro   0x000043b3       0x1c src/ASF/sam/drivers/adc/adc.o
 .debug_macro   0x000043cf      0x2c9 src/ASF/sam/drivers/adc/adc.o
 .debug_macro   0x00004698       0xbe src/ASF/sam/drivers/adc/adc.o
 .debug_macro   0x00004756     0x2807 src/ASF/sam/drivers/adc/adc.o
 .debug_macro   0x00006f5d      0x76e src/ASF/sam/drivers/adc/adc.o
 .debug_macro   0x000076cb      0xa84 src/ASF/sam/drivers/adc/adc.o
 .debug_macro   0x0000814f       0x9a src/ASF/sam/drivers/adc/adc.o
 .debug_macro   0x000081e9      0x3cf src/ASF/sam/drivers/adc/adc.o
 .debug_macro   0x000085b8       0x64 src/ASF/sam/drivers/adc/adc.o
 .debug_macro   0x0000861c      0x37c src/ASF/sam/drivers/adc/adc.o
 .debug_macro   0x00008998      0x61b src/ASF/sam/drivers/adc/adc.o
 .debug_macro   0x00008fb3      0x686 src/ASF/sam/drivers/adc/adc.o
 .debug_macro   0x00009639      0x595 src/ASF/sam/drivers/adc/adc.o
 .debug_macro   0x00009bce      0x344 src/ASF/sam/drivers/adc/adc.o
 .debug_macro   0x00009f12      0x283 src/ASF/sam/drivers/adc/adc.o
 .debug_macro   0x0000a195      0x2cd src/ASF/sam/drivers/adc/adc.o
 .debug_macro   0x0000a462      0x6cf src/ASF/sam/drivers/adc/adc.o
 .debug_macro   0x0000ab31       0x76 src/ASF/sam/drivers/adc/adc.o
 .debug_macro   0x0000aba7       0xb2 src/ASF/sam/drivers/adc/adc.o
 .debug_macro   0x0000ac59       0x88 src/ASF/sam/drivers/adc/adc.o
 .debug_macro   0x0000ace1      0x100 src/ASF/sam/drivers/adc/adc.o
 .debug_macro   0x0000ade1       0x88 src/ASF/sam/drivers/adc/adc.o
 .debug_macro   0x0000ae69       0x88 src/ASF/sam/drivers/adc/adc.o
 .debug_macro   0x0000aef1      0x2cd src/ASF/sam/drivers/adc/adc.o
 .debug_macro   0x0000b1be       0xb2 src/ASF/sam/drivers/adc/adc.o
 .debug_macro   0x0000b270       0x52 src/ASF/sam/drivers/adc/adc.o
 .debug_macro   0x0000b2c2       0xac src/ASF/sam/drivers/adc/adc.o
 .debug_macro   0x0000b36e       0x40 src/ASF/sam/drivers/adc/adc.o
 .debug_macro   0x0000b3ae       0x64 src/ASF/sam/drivers/adc/adc.o
 .debug_macro   0x0000b412       0x4c src/ASF/sam/drivers/adc/adc.o
 .debug_macro   0x0000b45e       0xa6 src/ASF/sam/drivers/adc/adc.o
 .debug_macro   0x0000b504       0x7c src/ASF/sam/drivers/adc/adc.o
 .debug_macro   0x0000b580       0x16 src/ASF/sam/drivers/adc/adc.o
 .debug_macro   0x0000b596       0x7c src/ASF/sam/drivers/adc/adc.o
 .debug_macro   0x0000b612       0x22 src/ASF/sam/drivers/adc/adc.o
 .debug_macro   0x0000b634      0x18b src/ASF/sam/drivers/adc/adc.o
 .debug_macro   0x0000b7bf      0x15b src/ASF/sam/drivers/adc/adc.o
 .debug_macro   0x0000b91a       0x1c src/ASF/sam/drivers/adc/adc.o
 .debug_macro   0x0000b936       0x2e src/ASF/sam/drivers/adc/adc.o
 .debug_macro   0x0000b964       0x22 src/ASF/sam/drivers/adc/adc.o
 .debug_macro   0x0000b986       0x1c src/ASF/sam/drivers/adc/adc.o
 .debug_macro   0x0000b9a2       0x52 src/ASF/sam/drivers/adc/adc.o
 .debug_macro   0x0000b9f4       0x10 src/ASF/sam/drivers/adc/adc.o
 .debug_macro   0x0000ba04      0x1a8 src/ASF/sam/drivers/adc/adc.o
 .debug_macro   0x0000bbac      0x4d1 src/ASF/sam/drivers/adc/adc.o
 .debug_macro   0x0000c07d      0x107 src/ASF/sam/drivers/adc/adc.o
 .debug_macro   0x0000c184       0x58 src/ASF/sam/drivers/adc/adc.o
 .debug_macro   0x0000c1dc       0x35 src/ASF/sam/drivers/adc/adc.o
 .debug_macro   0x0000c211       0x9c src/ASF/sam/drivers/adc/adc.o
 .debug_macro   0x0000c2ad       0x16 src/ASF/sam/drivers/adc/adc.o
 .debug_macro   0x0000c2c3       0x35 src/ASF/sam/drivers/adc/adc.o
 .debug_macro   0x0000c2f8      0x34d src/ASF/sam/drivers/adc/adc.o
 .debug_macro   0x0000c645       0x10 src/ASF/sam/drivers/adc/adc.o
 .debug_macro   0x0000c655       0x58 src/ASF/sam/drivers/adc/adc.o
 .debug_macro   0x0000c6ad       0x1f src/ASF/sam/drivers/adc/adc.o
 .debug_macro   0x0000c6cc       0x43 src/ASF/sam/drivers/adc/adc.o
 .debug_macro   0x0000c70f       0x20 src/ASF/sam/drivers/adc/adc.o
 .debug_macro   0x0000c72f      0x187 src/ASF/sam/drivers/adc/adc.o
 .debug_macro   0x0000c8b6       0x10 src/ASF/sam/drivers/adc/adc.o
 .debug_macro   0x0000c8c6       0x1c src/ASF/sam/drivers/adc/adc.o
 .debug_macro   0x0000c8e2       0x52 src/ASF/sam/drivers/adc/adc.o
 .debug_macro   0x0000c934       0x40 src/ASF/sam/drivers/adc/adc.o
 .debug_macro   0x0000c974       0x10 src/ASF/sam/drivers/adc/adc.o
 .debug_macro   0x0000c984       0x40 src/ASF/sam/drivers/adc/adc.o
 .debug_macro   0x0000c9c4       0xd7 src/ASF/sam/drivers/adc/adc.o
 .debug_macro   0x0000ca9b       0x16 src/ASF/sam/drivers/adc/adc.o
 .debug_macro   0x0000cab1      0x18b src/ASF/sam/drivers/adc/adc.o
 .debug_macro   0x0000cc3c       0x22 src/ASF/sam/drivers/adc/adc.o
 .debug_macro   0x0000cc5e       0x16 src/ASF/sam/drivers/adc/adc.o
 .debug_macro   0x0000cc74       0x16 src/ASF/sam/drivers/adc/adc.o
 .debug_macro   0x0000cc8a       0x29 src/ASF/sam/drivers/adc/adc.o
 .debug_macro   0x0000ccb3       0x73 src/ASF/sam/drivers/adc/adc.o
 .debug_macro   0x0000cd26       0x3e src/ASF/sam/drivers/adc/adc.o
 .debug_macro   0x0000cd64      0x3ca src/ASF/sam/drivers/adc/adc.o
 .debug_macro   0x0000d12e       0x1c src/ASF/sam/drivers/adc/adc.o
 .debug_macro   0x0000d14a      0x4e0 src/ASF/sam/drivers/pio/pio_handler.o
 .debug_macro   0x0000d62a       0x8e src/ASF/sam/drivers/pio/pio_handler.o
 .debug_macro   0x0000d6b8      0x53b src/ASF/common/services/clock/sam4s/sysclk.o
 .debug_macro   0x0000dbf3      0x2d9 src/ASF/common/services/clock/sam4s/sysclk.o
 .debug_macro   0x0000decc      0x4d6 src/ASF/sam/drivers/pio/pio.o
 .debug_macro   0x0000e3a2      0x4d6 src/ASF/sam/drivers/pmc/pmc.o
 .debug_macro   0x0000e878       0x52 src/ASF/sam/drivers/pmc/pmc.o
 .debug_macro   0x0000e8ca      0x5d0 src/ASF/common/boards/user_board/init.o
 .debug_macro   0x0000ee9a       0x82 src/ASF/common/boards/user_board/init.o
 .debug_macro   0x0000ef1c       0x94 src/ASF/common/boards/user_board/init.o
 .debug_macro   0x0000efb0       0x10 src/ASF/common/boards/user_board/init.o
 .debug_macro   0x0000efc0      0x2c2 src/ASF/sam/utils/cmsis/sam4s/source/templates/gcc/startup_sam4s.o
 .debug_macro   0x0000f282      0x2ca src/ASF/sam/utils/cmsis/sam4s/source/templates/system_sam4s.o
 .debug_macro   0x0000f54c      0x5e5 src/main.o
 .debug_macro   0x0000fb31      0x1e1 src/main.o

.debug_line     0x00000000     0x6837
 .debug_line    0x00000000      0xd4a src/ASF/sam/drivers/adc/adc.o
 .debug_line    0x00000d4a      0xa49 src/ASF/sam/drivers/pio/pio_handler.o
 .debug_line    0x00001793      0xb13 src/ASF/common/services/clock/sam4s/sysclk.o
 .debug_line    0x000022a6      0xe33 src/ASF/sam/drivers/pio/pio.o
 .debug_line    0x000030d9      0xf1a src/ASF/sam/drivers/pmc/pmc.o
 .debug_line    0x00003ff3      0xc84 src/ASF/common/boards/user_board/init.o
 .debug_line    0x00004c77      0x757 src/ASF/sam/utils/cmsis/sam4s/source/templates/gcc/startup_sam4s.o
 .debug_line    0x000053ce      0x788 src/ASF/sam/utils/cmsis/sam4s/source/templates/system_sam4s.o
 .debug_line    0x00005b56      0xce1 src/main.o

.debug_str      0x00000000    0x49ea9
 .debug_str     0x00000000    0x45f2d src/ASF/sam/drivers/adc/adc.o
                              0x4630d (size before relaxing)
 .debug_str     0x00045f2d      0xa27 src/ASF/sam/drivers/pio/pio_handler.o
                              0x4631b (size before relaxing)
 .debug_str     0x00046954     0x1829 src/ASF/common/services/clock/sam4s/sysclk.o
                              0x470aa (size before relaxing)
 .debug_str     0x0004817d      0x4de src/ASF/sam/drivers/pio/pio.o
                              0x46438 (size before relaxing)
 .debug_str     0x0004865b      0x5c8 src/ASF/sam/drivers/pmc/pmc.o
                              0x46284 (size before relaxing)
 .debug_str     0x00048c23      0x4b8 src/ASF/common/boards/user_board/init.o
                              0x47cca (size before relaxing)
 .debug_str     0x000490db      0x41c src/ASF/sam/utils/cmsis/sam4s/source/templates/gcc/startup_sam4s.o
                              0x3542e (size before relaxing)
 .debug_str     0x000494f7       0xb9 src/ASF/sam/utils/cmsis/sam4s/source/templates/system_sam4s.o
                              0x351df (size before relaxing)
 .debug_str     0x000495b0      0x8f9 src/main.o
                              0x47f46 (size before relaxing)

.debug_frame    0x00000000     0x122c
 .debug_frame   0x00000000      0x340 src/ASF/sam/drivers/adc/adc.o
 .debug_frame   0x00000340       0xdc src/ASF/sam/drivers/pio/pio_handler.o
 .debug_frame   0x0000041c       0x88 src/ASF/common/services/clock/sam4s/sysclk.o
 .debug_frame   0x000004a4      0x384 src/ASF/sam/drivers/pio/pio.o
 .debug_frame   0x00000828      0x408 src/ASF/sam/drivers/pmc/pmc.o
 .debug_frame   0x00000c30       0x34 src/ASF/common/boards/user_board/init.o
 .debug_frame   0x00000c64       0x38 src/ASF/sam/utils/cmsis/sam4s/source/templates/gcc/startup_sam4s.o
 .debug_frame   0x00000c9c       0x40 src/ASF/sam/utils/cmsis/sam4s/source/templates/system_sam4s.o
 .debug_frame   0x00000cdc       0x98 src/main.o
 .debug_frame   0x00000d74       0x40 s:/atmel studio/7.0/toolchain/arm/arm-gnu-toolchain/bin/../lib/gcc/arm-none-eabi/6.3.1/../../../../arm-none-eabi/lib/thumb/v7e-m\libm.a(lib_a-w_log.o)
 .debug_frame   0x00000db4       0x54 s:/atmel studio/7.0/toolchain/arm/arm-gnu-toolchain/bin/../lib/gcc/arm-none-eabi/6.3.1/../../../../arm-none-eabi/lib/thumb/v7e-m\libm.a(lib_a-e_log.o)
 .debug_frame   0x00000e08       0x20 s:/atmel studio/7.0/toolchain/arm/arm-gnu-toolchain/bin/../lib/gcc/arm-none-eabi/6.3.1/../../../../arm-none-eabi/lib/thumb/v7e-m\libm.a(lib_a-s_matherr.o)
 .debug_frame   0x00000e28       0x20 s:/atmel studio/7.0/toolchain/arm/arm-gnu-toolchain/bin/../lib/gcc/arm-none-eabi/6.3.1/../../../../arm-none-eabi/lib/thumb/v7e-m\libm.a(lib_a-s_nan.o)
 .debug_frame   0x00000e48       0xac s:/atmel studio/7.0/toolchain/arm/arm-gnu-toolchain/bin/../lib/gcc/arm-none-eabi/6.3.1/thumb/v7e-m\libgcc.a(_arm_addsubdf3.o)
 .debug_frame   0x00000ef4       0x50 s:/atmel studio/7.0/toolchain/arm/arm-gnu-toolchain/bin/../lib/gcc/arm-none-eabi/6.3.1/thumb/v7e-m\libgcc.a(_arm_muldivdf3.o)
 .debug_frame   0x00000f44       0xc4 s:/atmel studio/7.0/toolchain/arm/arm-gnu-toolchain/bin/../lib/gcc/arm-none-eabi/6.3.1/thumb/v7e-m\libgcc.a(_arm_cmpdf2.o)
 .debug_frame   0x00001008       0x20 s:/atmel studio/7.0/toolchain/arm/arm-gnu-toolchain/bin/../lib/gcc/arm-none-eabi/6.3.1/thumb/v7e-m\libgcc.a(_arm_unorddf2.o)
 .debug_frame   0x00001028       0x24 s:/atmel studio/7.0/toolchain/arm/arm-gnu-toolchain/bin/../lib/gcc/arm-none-eabi/6.3.1/thumb/v7e-m\libgcc.a(_arm_truncdfsf2.o)
 .debug_frame   0x0000104c       0x20 s:/atmel studio/7.0/toolchain/arm/arm-gnu-toolchain/bin/../lib/gcc/arm-none-eabi/6.3.1/../../../../arm-none-eabi/lib/thumb/v7e-m\libc.a(lib_a-errno.o)
 .debug_frame   0x0000106c       0x2c s:/atmel studio/7.0/toolchain/arm/arm-gnu-toolchain/bin/../lib/gcc/arm-none-eabi/6.3.1/../../../../arm-none-eabi/lib/thumb/v7e-m\libc.a(lib_a-init.o)
 .debug_frame   0x00001098       0x5c s:/atmel studio/7.0/toolchain/arm/arm-gnu-toolchain/bin/../lib/gcc/arm-none-eabi/6.3.1/../../../../arm-none-eabi/lib/thumb/v7e-m\libc.a(lib_a-__call_atexit.o)
 .debug_frame   0x000010f4       0x20 s:/atmel studio/7.0/toolchain/arm/arm-gnu-toolchain/bin/../lib/gcc/arm-none-eabi/6.3.1/../../../../arm-none-eabi/lib/thumb/v7e-m\libc.a(lib_a-atexit.o)
 .debug_frame   0x00001114       0x34 s:/atmel studio/7.0/toolchain/arm/arm-gnu-toolchain/bin/../lib/gcc/arm-none-eabi/6.3.1/../../../../arm-none-eabi/lib/thumb/v7e-m\libc.a(lib_a-fini.o)
 .debug_frame   0x00001148       0xb0 s:/atmel studio/7.0/toolchain/arm/arm-gnu-toolchain/bin/../lib/gcc/arm-none-eabi/6.3.1/../../../../arm-none-eabi/lib/thumb/v7e-m\libc.a(lib_a-lock.o)
 .debug_frame   0x000011f8       0x34 s:/atmel studio/7.0/toolchain/arm/arm-gnu-toolchain/bin/../lib/gcc/arm-none-eabi/6.3.1/../../../../arm-none-eabi/lib/thumb/v7e-m\libc.a(lib_a-__atexit.o)

Cross Reference Table

Symbol                                            File
ACC_Handler                                       src/ASF/sam/utils/cmsis/sam4s/source/templates/gcc/startup_sam4s.o
ADC_Handler                                       src/ASF/sam/utils/cmsis/sam4s/source/templates/gcc/startup_sam4s.o
BusFault_Handler                                  src/ASF/sam/utils/cmsis/sam4s/source/templates/gcc/startup_sam4s.o
CRCCU_Handler                                     src/ASF/sam/utils/cmsis/sam4s/source/templates/gcc/startup_sam4s.o
DebugMon_Handler                                  src/ASF/sam/utils/cmsis/sam4s/source/templates/gcc/startup_sam4s.o
Dummy_Handler                                     src/ASF/sam/utils/cmsis/sam4s/source/templates/gcc/startup_sam4s.o
EFC0_Handler                                      src/ASF/sam/utils/cmsis/sam4s/source/templates/gcc/startup_sam4s.o
HardFault_Handler                                 src/ASF/sam/utils/cmsis/sam4s/source/templates/gcc/startup_sam4s.o
MemManage_Handler                                 src/ASF/sam/utils/cmsis/sam4s/source/templates/gcc/startup_sam4s.o
NMI_Handler                                       src/ASF/sam/utils/cmsis/sam4s/source/templates/gcc/startup_sam4s.o
PIOA_Handler                                      src/ASF/sam/drivers/pio/pio_handler.o
PIOB_Handler                                      src/ASF/sam/drivers/pio/pio_handler.o
PMC_Handler                                       src/ASF/sam/utils/cmsis/sam4s/source/templates/gcc/startup_sam4s.o
PWM_Handler                                       src/ASF/sam/utils/cmsis/sam4s/source/templates/gcc/startup_sam4s.o
PendSV_Handler                                    src/ASF/sam/utils/cmsis/sam4s/source/templates/gcc/startup_sam4s.o
RSTC_Handler                                      src/ASF/sam/utils/cmsis/sam4s/source/templates/gcc/startup_sam4s.o
RTC_Handler                                       src/ASF/sam/utils/cmsis/sam4s/source/templates/gcc/startup_sam4s.o
RTT_Handler                                       src/ASF/sam/utils/cmsis/sam4s/source/templates/gcc/startup_sam4s.o
Reset_Handler                                     src/ASF/sam/utils/cmsis/sam4s/source/templates/gcc/startup_sam4s.o
SPI_Handler                                       src/ASF/sam/utils/cmsis/sam4s/source/templates/gcc/startup_sam4s.o
SSC_Handler                                       src/ASF/sam/utils/cmsis/sam4s/source/templates/gcc/startup_sam4s.o
SUPC_Handler                                      src/ASF/sam/utils/cmsis/sam4s/source/templates/gcc/startup_sam4s.o
SVC_Handler                                       src/ASF/sam/utils/cmsis/sam4s/source/templates/gcc/startup_sam4s.o
SysTick_Handler                                   src/ASF/sam/utils/cmsis/sam4s/source/templates/gcc/startup_sam4s.o
SystemCoreClock                                   src/ASF/sam/utils/cmsis/sam4s/source/templates/system_sam4s.o
SystemCoreClockUpdate                             src/ASF/sam/utils/cmsis/sam4s/source/templates/system_sam4s.o
                                                  src/ASF/common/services/clock/sam4s/sysclk.o
SystemInit                                        src/ASF/sam/utils/cmsis/sam4s/source/templates/system_sam4s.o
TC0_Handler                                       src/ASF/sam/utils/cmsis/sam4s/source/templates/gcc/startup_sam4s.o
TC1_Handler                                       src/ASF/sam/utils/cmsis/sam4s/source/templates/gcc/startup_sam4s.o
TC2_Handler                                       src/ASF/sam/utils/cmsis/sam4s/source/templates/gcc/startup_sam4s.o
TWI0_Handler                                      src/ASF/sam/utils/cmsis/sam4s/source/templates/gcc/startup_sam4s.o
TWI1_Handler                                      src/ASF/sam/utils/cmsis/sam4s/source/templates/gcc/startup_sam4s.o
UART0_Handler                                     src/ASF/sam/utils/cmsis/sam4s/source/templates/gcc/startup_sam4s.o
UART1_Handler                                     src/ASF/sam/utils/cmsis/sam4s/source/templates/gcc/startup_sam4s.o
UDP_Handler                                       src/ASF/sam/utils/cmsis/sam4s/source/templates/gcc/startup_sam4s.o
USART0_Handler                                    src/ASF/sam/utils/cmsis/sam4s/source/templates/gcc/startup_sam4s.o
UsageFault_Handler                                src/ASF/sam/utils/cmsis/sam4s/source/templates/gcc/startup_sam4s.o
WDT_Handler                                       src/ASF/sam/utils/cmsis/sam4s/source/templates/gcc/startup_sam4s.o
_Jv_RegisterClasses                               s:/atmel studio/7.0/toolchain/arm/arm-gnu-toolchain/bin/../lib/gcc/arm-none-eabi/6.3.1/thumb/v7e-m/crtbegin.o
_PathLocale                                       s:/atmel studio/7.0/toolchain/arm/arm-gnu-toolchain/bin/../lib/gcc/arm-none-eabi/6.3.1/../../../../arm-none-eabi/lib/thumb/v7e-m\libc.a(lib_a-locale.o)
__adddf3                                          s:/atmel studio/7.0/toolchain/arm/arm-gnu-toolchain/bin/../lib/gcc/arm-none-eabi/6.3.1/thumb/v7e-m\libgcc.a(_arm_addsubdf3.o)
__aeabi_cdcmpeq                                   s:/atmel studio/7.0/toolchain/arm/arm-gnu-toolchain/bin/../lib/gcc/arm-none-eabi/6.3.1/thumb/v7e-m\libgcc.a(_arm_cmpdf2.o)
__aeabi_cdcmple                                   s:/atmel studio/7.0/toolchain/arm/arm-gnu-toolchain/bin/../lib/gcc/arm-none-eabi/6.3.1/thumb/v7e-m\libgcc.a(_arm_cmpdf2.o)
__aeabi_cdrcmple                                  s:/atmel studio/7.0/toolchain/arm/arm-gnu-toolchain/bin/../lib/gcc/arm-none-eabi/6.3.1/thumb/v7e-m\libgcc.a(_arm_cmpdf2.o)
__aeabi_d2f                                       s:/atmel studio/7.0/toolchain/arm/arm-gnu-toolchain/bin/../lib/gcc/arm-none-eabi/6.3.1/thumb/v7e-m\libgcc.a(_arm_truncdfsf2.o)
                                                  src/main.o
__aeabi_dadd                                      s:/atmel studio/7.0/toolchain/arm/arm-gnu-toolchain/bin/../lib/gcc/arm-none-eabi/6.3.1/thumb/v7e-m\libgcc.a(_arm_addsubdf3.o)
                                                  s:/atmel studio/7.0/toolchain/arm/arm-gnu-toolchain/bin/../lib/gcc/arm-none-eabi/6.3.1/../../../../arm-none-eabi/lib/thumb/v7e-m\libm.a(lib_a-e_log.o)
                                                  src/main.o
__aeabi_dcmpeq                                    s:/atmel studio/7.0/toolchain/arm/arm-gnu-toolchain/bin/../lib/gcc/arm-none-eabi/6.3.1/thumb/v7e-m\libgcc.a(_arm_cmpdf2.o)
                                                  s:/atmel studio/7.0/toolchain/arm/arm-gnu-toolchain/bin/../lib/gcc/arm-none-eabi/6.3.1/../../../../arm-none-eabi/lib/thumb/v7e-m\libm.a(lib_a-e_log.o)
                                                  s:/atmel studio/7.0/toolchain/arm/arm-gnu-toolchain/bin/../lib/gcc/arm-none-eabi/6.3.1/../../../../arm-none-eabi/lib/thumb/v7e-m\libm.a(lib_a-w_log.o)
__aeabi_dcmpge                                    s:/atmel studio/7.0/toolchain/arm/arm-gnu-toolchain/bin/../lib/gcc/arm-none-eabi/6.3.1/thumb/v7e-m\libgcc.a(_arm_cmpdf2.o)
__aeabi_dcmpgt                                    s:/atmel studio/7.0/toolchain/arm/arm-gnu-toolchain/bin/../lib/gcc/arm-none-eabi/6.3.1/thumb/v7e-m\libgcc.a(_arm_cmpdf2.o)
                                                  s:/atmel studio/7.0/toolchain/arm/arm-gnu-toolchain/bin/../lib/gcc/arm-none-eabi/6.3.1/../../../../arm-none-eabi/lib/thumb/v7e-m\libm.a(lib_a-w_log.o)
__aeabi_dcmple                                    s:/atmel studio/7.0/toolchain/arm/arm-gnu-toolchain/bin/../lib/gcc/arm-none-eabi/6.3.1/thumb/v7e-m\libgcc.a(_arm_cmpdf2.o)
__aeabi_dcmplt                                    s:/atmel studio/7.0/toolchain/arm/arm-gnu-toolchain/bin/../lib/gcc/arm-none-eabi/6.3.1/thumb/v7e-m\libgcc.a(_arm_cmpdf2.o)
__aeabi_dcmpun                                    s:/atmel studio/7.0/toolchain/arm/arm-gnu-toolchain/bin/../lib/gcc/arm-none-eabi/6.3.1/thumb/v7e-m\libgcc.a(_arm_unorddf2.o)
                                                  s:/atmel studio/7.0/toolchain/arm/arm-gnu-toolchain/bin/../lib/gcc/arm-none-eabi/6.3.1/../../../../arm-none-eabi/lib/thumb/v7e-m\libm.a(lib_a-w_log.o)
__aeabi_ddiv                                      s:/atmel studio/7.0/toolchain/arm/arm-gnu-toolchain/bin/../lib/gcc/arm-none-eabi/6.3.1/thumb/v7e-m\libgcc.a(_arm_muldivdf3.o)
                                                  s:/atmel studio/7.0/toolchain/arm/arm-gnu-toolchain/bin/../lib/gcc/arm-none-eabi/6.3.1/../../../../arm-none-eabi/lib/thumb/v7e-m\libm.a(lib_a-e_log.o)
                                                  src/main.o
__aeabi_dmul                                      s:/atmel studio/7.0/toolchain/arm/arm-gnu-toolchain/bin/../lib/gcc/arm-none-eabi/6.3.1/thumb/v7e-m\libgcc.a(_arm_muldivdf3.o)
                                                  s:/atmel studio/7.0/toolchain/arm/arm-gnu-toolchain/bin/../lib/gcc/arm-none-eabi/6.3.1/../../../../arm-none-eabi/lib/thumb/v7e-m\libm.a(lib_a-e_log.o)
                                                  src/main.o
__aeabi_drsub                                     s:/atmel studio/7.0/toolchain/arm/arm-gnu-toolchain/bin/../lib/gcc/arm-none-eabi/6.3.1/thumb/v7e-m\libgcc.a(_arm_addsubdf3.o)
__aeabi_dsub                                      s:/atmel studio/7.0/toolchain/arm/arm-gnu-toolchain/bin/../lib/gcc/arm-none-eabi/6.3.1/thumb/v7e-m\libgcc.a(_arm_addsubdf3.o)
                                                  s:/atmel studio/7.0/toolchain/arm/arm-gnu-toolchain/bin/../lib/gcc/arm-none-eabi/6.3.1/../../../../arm-none-eabi/lib/thumb/v7e-m\libm.a(lib_a-e_log.o)
                                                  src/main.o
__aeabi_f2d                                       s:/atmel studio/7.0/toolchain/arm/arm-gnu-toolchain/bin/../lib/gcc/arm-none-eabi/6.3.1/thumb/v7e-m\libgcc.a(_arm_addsubdf3.o)
                                                  src/main.o
__aeabi_i2d                                       s:/atmel studio/7.0/toolchain/arm/arm-gnu-toolchain/bin/../lib/gcc/arm-none-eabi/6.3.1/thumb/v7e-m\libgcc.a(_arm_addsubdf3.o)
                                                  s:/atmel studio/7.0/toolchain/arm/arm-gnu-toolchain/bin/../lib/gcc/arm-none-eabi/6.3.1/../../../../arm-none-eabi/lib/thumb/v7e-m\libm.a(lib_a-e_log.o)
                                                  src/main.o
__aeabi_idiv0                                     s:/atmel studio/7.0/toolchain/arm/arm-gnu-toolchain/bin/../lib/gcc/arm-none-eabi/6.3.1/thumb/v7e-m\libgcc.a(_dvmd_tls.o)
__aeabi_l2d                                       s:/atmel studio/7.0/toolchain/arm/arm-gnu-toolchain/bin/../lib/gcc/arm-none-eabi/6.3.1/thumb/v7e-m\libgcc.a(_arm_addsubdf3.o)
__aeabi_ldiv0                                     s:/atmel studio/7.0/toolchain/arm/arm-gnu-toolchain/bin/../lib/gcc/arm-none-eabi/6.3.1/thumb/v7e-m\libgcc.a(_dvmd_tls.o)
                                                  s:/atmel studio/7.0/toolchain/arm/arm-gnu-toolchain/bin/../lib/gcc/arm-none-eabi/6.3.1/thumb/v7e-m\libgcc.a(_aeabi_uldivmod.o)
__aeabi_ui2d                                      s:/atmel studio/7.0/toolchain/arm/arm-gnu-toolchain/bin/../lib/gcc/arm-none-eabi/6.3.1/thumb/v7e-m\libgcc.a(_arm_addsubdf3.o)
__aeabi_ul2d                                      s:/atmel studio/7.0/toolchain/arm/arm-gnu-toolchain/bin/../lib/gcc/arm-none-eabi/6.3.1/thumb/v7e-m\libgcc.a(_arm_addsubdf3.o)
__aeabi_uldivmod                                  s:/atmel studio/7.0/toolchain/arm/arm-gnu-toolchain/bin/../lib/gcc/arm-none-eabi/6.3.1/thumb/v7e-m\libgcc.a(_aeabi_uldivmod.o)
                                                  s:/atmel studio/7.0/toolchain/arm/arm-gnu-toolchain/bin/../lib/gcc/arm-none-eabi/6.3.1/../../../../arm-none-eabi/lib/thumb/v7e-m\libc.a(lib_a-vfiprintf.o)
__ascii_mbtowc                                    s:/atmel studio/7.0/toolchain/arm/arm-gnu-toolchain/bin/../lib/gcc/arm-none-eabi/6.3.1/../../../../arm-none-eabi/lib/thumb/v7e-m\libc.a(lib_a-mbtowc_r.o)
                                                  s:/atmel studio/7.0/toolchain/arm/arm-gnu-toolchain/bin/../lib/gcc/arm-none-eabi/6.3.1/../../../../arm-none-eabi/lib/thumb/v7e-m\libc.a(lib_a-locale.o)
__ascii_wctomb                                    s:/atmel studio/7.0/toolchain/arm/arm-gnu-toolchain/bin/../lib/gcc/arm-none-eabi/6.3.1/../../../../arm-none-eabi/lib/thumb/v7e-m\libc.a(lib_a-wctomb_r.o)
                                                  s:/atmel studio/7.0/toolchain/arm/arm-gnu-toolchain/bin/../lib/gcc/arm-none-eabi/6.3.1/../../../../arm-none-eabi/lib/thumb/v7e-m\libc.a(lib_a-locale.o)
__atexit_recursive_mutex                          s:/atmel studio/7.0/toolchain/arm/arm-gnu-toolchain/bin/../lib/gcc/arm-none-eabi/6.3.1/../../../../arm-none-eabi/lib/thumb/v7e-m\libc.a(lib_a-__call_atexit.o)
                                                  s:/atmel studio/7.0/toolchain/arm/arm-gnu-toolchain/bin/../lib/gcc/arm-none-eabi/6.3.1/../../../../arm-none-eabi/lib/thumb/v7e-m\libc.a(lib_a-__atexit.o)
__bss_end__                                       s:/atmel studio/7.0/toolchain/arm/arm-gnu-toolchain/bin/../lib/gcc/arm-none-eabi/6.3.1/../../../../arm-none-eabi/lib/thumb/v7e-m/crt0.o
__bss_start__                                     s:/atmel studio/7.0/toolchain/arm/arm-gnu-toolchain/bin/../lib/gcc/arm-none-eabi/6.3.1/../../../../arm-none-eabi/lib/thumb/v7e-m/crt0.o
__call_exitprocs                                  s:/atmel studio/7.0/toolchain/arm/arm-gnu-toolchain/bin/../lib/gcc/arm-none-eabi/6.3.1/../../../../arm-none-eabi/lib/thumb/v7e-m\libc.a(lib_a-__call_atexit.o)
                                                  s:/atmel studio/7.0/toolchain/arm/arm-gnu-toolchain/bin/../lib/gcc/arm-none-eabi/6.3.1/../../../../arm-none-eabi/lib/thumb/v7e-m\libc.a(lib_a-exit.o)
__cmpdf2                                          s:/atmel studio/7.0/toolchain/arm/arm-gnu-toolchain/bin/../lib/gcc/arm-none-eabi/6.3.1/thumb/v7e-m\libgcc.a(_arm_cmpdf2.o)
__deregister_frame_info                           s:/atmel studio/7.0/toolchain/arm/arm-gnu-toolchain/bin/../lib/gcc/arm-none-eabi/6.3.1/thumb/v7e-m/crtbegin.o
__divdf3                                          s:/atmel studio/7.0/toolchain/arm/arm-gnu-toolchain/bin/../lib/gcc/arm-none-eabi/6.3.1/thumb/v7e-m\libgcc.a(_arm_muldivdf3.o)
__dso_handle                                      s:/atmel studio/7.0/toolchain/arm/arm-gnu-toolchain/bin/../lib/gcc/arm-none-eabi/6.3.1/thumb/v7e-m/crtbegin.o
__eqdf2                                           s:/atmel studio/7.0/toolchain/arm/arm-gnu-toolchain/bin/../lib/gcc/arm-none-eabi/6.3.1/thumb/v7e-m\libgcc.a(_arm_cmpdf2.o)
__errno                                           s:/atmel studio/7.0/toolchain/arm/arm-gnu-toolchain/bin/../lib/gcc/arm-none-eabi/6.3.1/../../../../arm-none-eabi/lib/thumb/v7e-m\libc.a(lib_a-errno.o)
                                                  s:/atmel studio/7.0/toolchain/arm/arm-gnu-toolchain/bin/../lib/gcc/arm-none-eabi/6.3.1/../../../../arm-none-eabi/lib/thumb/v7e-m\libm.a(lib_a-w_log.o)
__extendsfdf2                                     s:/atmel studio/7.0/toolchain/arm/arm-gnu-toolchain/bin/../lib/gcc/arm-none-eabi/6.3.1/thumb/v7e-m\libgcc.a(_arm_addsubdf3.o)
__fdlib_version                                   s:/atmel studio/7.0/toolchain/arm/arm-gnu-toolchain/bin/../lib/gcc/arm-none-eabi/6.3.1/../../../../arm-none-eabi/lib/thumb/v7e-m\libm.a(lib_a-s_lib_ver.o)
                                                  s:/atmel studio/7.0/toolchain/arm/arm-gnu-toolchain/bin/../lib/gcc/arm-none-eabi/6.3.1/../../../../arm-none-eabi/lib/thumb/v7e-m\libm.a(lib_a-w_log.o)
__fini_array_end                                  s:/atmel studio/7.0/toolchain/arm/arm-gnu-toolchain/bin/../lib/gcc/arm-none-eabi/6.3.1/../../../../arm-none-eabi/lib/thumb/v7e-m\libc.a(lib_a-fini.o)
__fini_array_start                                s:/atmel studio/7.0/toolchain/arm/arm-gnu-toolchain/bin/../lib/gcc/arm-none-eabi/6.3.1/../../../../arm-none-eabi/lib/thumb/v7e-m\libc.a(lib_a-fini.o)
__floatdidf                                       s:/atmel studio/7.0/toolchain/arm/arm-gnu-toolchain/bin/../lib/gcc/arm-none-eabi/6.3.1/thumb/v7e-m\libgcc.a(_arm_addsubdf3.o)
__floatsidf                                       s:/atmel studio/7.0/toolchain/arm/arm-gnu-toolchain/bin/../lib/gcc/arm-none-eabi/6.3.1/thumb/v7e-m\libgcc.a(_arm_addsubdf3.o)
__floatundidf                                     s:/atmel studio/7.0/toolchain/arm/arm-gnu-toolchain/bin/../lib/gcc/arm-none-eabi/6.3.1/thumb/v7e-m\libgcc.a(_arm_addsubdf3.o)
__floatunsidf                                     s:/atmel studio/7.0/toolchain/arm/arm-gnu-toolchain/bin/../lib/gcc/arm-none-eabi/6.3.1/thumb/v7e-m\libgcc.a(_arm_addsubdf3.o)
__fp_lock_all                                     s:/atmel studio/7.0/toolchain/arm/arm-gnu-toolchain/bin/../lib/gcc/arm-none-eabi/6.3.1/../../../../arm-none-eabi/lib/thumb/v7e-m\libc.a(lib_a-findfp.o)
__fp_unlock_all                                   s:/atmel studio/7.0/toolchain/arm/arm-gnu-toolchain/bin/../lib/gcc/arm-none-eabi/6.3.1/../../../../arm-none-eabi/lib/thumb/v7e-m\libc.a(lib_a-findfp.o)
__fputwc                                          s:/atmel studio/7.0/toolchain/arm/arm-gnu-toolchain/bin/../lib/gcc/arm-none-eabi/6.3.1/../../../../arm-none-eabi/lib/thumb/v7e-m\libc.a(lib_a-fputwc.o)
__gedf2                                           s:/atmel studio/7.0/toolchain/arm/arm-gnu-toolchain/bin/../lib/gcc/arm-none-eabi/6.3.1/thumb/v7e-m\libgcc.a(_arm_cmpdf2.o)
__global_locale                                   s:/atmel studio/7.0/toolchain/arm/arm-gnu-toolchain/bin/../lib/gcc/arm-none-eabi/6.3.1/../../../../arm-none-eabi/lib/thumb/v7e-m\libc.a(lib_a-locale.o)
                                                  s:/atmel studio/7.0/toolchain/arm/arm-gnu-toolchain/bin/../lib/gcc/arm-none-eabi/6.3.1/../../../../arm-none-eabi/lib/thumb/v7e-m\libc.a(lib_a-wctomb_r.o)
                                                  s:/atmel studio/7.0/toolchain/arm/arm-gnu-toolchain/bin/../lib/gcc/arm-none-eabi/6.3.1/../../../../arm-none-eabi/lib/thumb/v7e-m\libc.a(lib_a-wcrtomb.o)
                                                  s:/atmel studio/7.0/toolchain/arm/arm-gnu-toolchain/bin/../lib/gcc/arm-none-eabi/6.3.1/../../../../arm-none-eabi/lib/thumb/v7e-m\libc.a(lib_a-mbtowc_r.o)
__gtdf2                                           s:/atmel studio/7.0/toolchain/arm/arm-gnu-toolchain/bin/../lib/gcc/arm-none-eabi/6.3.1/thumb/v7e-m\libgcc.a(_arm_cmpdf2.o)
__ieee754_log                                     s:/atmel studio/7.0/toolchain/arm/arm-gnu-toolchain/bin/../lib/gcc/arm-none-eabi/6.3.1/../../../../arm-none-eabi/lib/thumb/v7e-m\libm.a(lib_a-e_log.o)
                                                  s:/atmel studio/7.0/toolchain/arm/arm-gnu-toolchain/bin/../lib/gcc/arm-none-eabi/6.3.1/../../../../arm-none-eabi/lib/thumb/v7e-m\libm.a(lib_a-w_log.o)
__init_array_end                                  s:/atmel studio/7.0/toolchain/arm/arm-gnu-toolchain/bin/../lib/gcc/arm-none-eabi/6.3.1/../../../../arm-none-eabi/lib/thumb/v7e-m\libc.a(lib_a-init.o)
__init_array_start                                s:/atmel studio/7.0/toolchain/arm/arm-gnu-toolchain/bin/../lib/gcc/arm-none-eabi/6.3.1/../../../../arm-none-eabi/lib/thumb/v7e-m\libc.a(lib_a-init.o)
__ledf2                                           s:/atmel studio/7.0/toolchain/arm/arm-gnu-toolchain/bin/../lib/gcc/arm-none-eabi/6.3.1/thumb/v7e-m\libgcc.a(_arm_cmpdf2.o)
__libc_fini                                       s:/atmel studio/7.0/toolchain/arm/arm-gnu-toolchain/bin/../lib/gcc/arm-none-eabi/6.3.1/../../../../arm-none-eabi/lib/thumb/v7e-m\libc.a(lib_a-__call_atexit.o)
__libc_fini_array                                 s:/atmel studio/7.0/toolchain/arm/arm-gnu-toolchain/bin/../lib/gcc/arm-none-eabi/6.3.1/../../../../arm-none-eabi/lib/thumb/v7e-m\libc.a(lib_a-fini.o)
                                                  s:/atmel studio/7.0/toolchain/arm/arm-gnu-toolchain/bin/../lib/gcc/arm-none-eabi/6.3.1/../../../../arm-none-eabi/lib/thumb/v7e-m\libc.a(lib_a-__call_atexit.o)
                                                  s:/atmel studio/7.0/toolchain/arm/arm-gnu-toolchain/bin/../lib/gcc/arm-none-eabi/6.3.1/../../../../arm-none-eabi/lib/thumb/v7e-m/crt0.o
__libc_init_array                                 s:/atmel studio/7.0/toolchain/arm/arm-gnu-toolchain/bin/../lib/gcc/arm-none-eabi/6.3.1/../../../../arm-none-eabi/lib/thumb/v7e-m\libc.a(lib_a-init.o)
                                                  src/ASF/sam/utils/cmsis/sam4s/source/templates/gcc/startup_sam4s.o
                                                  s:/atmel studio/7.0/toolchain/arm/arm-gnu-toolchain/bin/../lib/gcc/arm-none-eabi/6.3.1/../../../../arm-none-eabi/lib/thumb/v7e-m/crt0.o
__locale_ctype_ptr                                s:/atmel studio/7.0/toolchain/arm/arm-gnu-toolchain/bin/../lib/gcc/arm-none-eabi/6.3.1/../../../../arm-none-eabi/lib/thumb/v7e-m\libc.a(lib_a-locale.o)
__locale_ctype_ptr_l                              s:/atmel studio/7.0/toolchain/arm/arm-gnu-toolchain/bin/../lib/gcc/arm-none-eabi/6.3.1/../../../../arm-none-eabi/lib/thumb/v7e-m\libc.a(lib_a-locale.o)
__locale_mb_cur_max                               s:/atmel studio/7.0/toolchain/arm/arm-gnu-toolchain/bin/../lib/gcc/arm-none-eabi/6.3.1/../../../../arm-none-eabi/lib/thumb/v7e-m\libc.a(lib_a-locale.o)
                                                  s:/atmel studio/7.0/toolchain/arm/arm-gnu-toolchain/bin/../lib/gcc/arm-none-eabi/6.3.1/../../../../arm-none-eabi/lib/thumb/v7e-m\libc.a(lib_a-fputwc.o)
__lock___arc4random_mutex                         s:/atmel studio/7.0/toolchain/arm/arm-gnu-toolchain/bin/../lib/gcc/arm-none-eabi/6.3.1/../../../../arm-none-eabi/lib/thumb/v7e-m\libc.a(lib_a-lock.o)
__lock___at_quick_exit_mutex                      s:/atmel studio/7.0/toolchain/arm/arm-gnu-toolchain/bin/../lib/gcc/arm-none-eabi/6.3.1/../../../../arm-none-eabi/lib/thumb/v7e-m\libc.a(lib_a-lock.o)
__lock___atexit_recursive_mutex                   s:/atmel studio/7.0/toolchain/arm/arm-gnu-toolchain/bin/../lib/gcc/arm-none-eabi/6.3.1/../../../../arm-none-eabi/lib/thumb/v7e-m\libc.a(lib_a-lock.o)
                                                  s:/atmel studio/7.0/toolchain/arm/arm-gnu-toolchain/bin/../lib/gcc/arm-none-eabi/6.3.1/../../../../arm-none-eabi/lib/thumb/v7e-m\libc.a(lib_a-__call_atexit.o)
__lock___dd_hash_mutex                            s:/atmel studio/7.0/toolchain/arm/arm-gnu-toolchain/bin/../lib/gcc/arm-none-eabi/6.3.1/../../../../arm-none-eabi/lib/thumb/v7e-m\libc.a(lib_a-lock.o)
__lock___env_recursive_mutex                      s:/atmel studio/7.0/toolchain/arm/arm-gnu-toolchain/bin/../lib/gcc/arm-none-eabi/6.3.1/../../../../arm-none-eabi/lib/thumb/v7e-m\libc.a(lib_a-lock.o)
__lock___malloc_recursive_mutex                   s:/atmel studio/7.0/toolchain/arm/arm-gnu-toolchain/bin/../lib/gcc/arm-none-eabi/6.3.1/../../../../arm-none-eabi/lib/thumb/v7e-m\libc.a(lib_a-lock.o)
                                                  s:/atmel studio/7.0/toolchain/arm/arm-gnu-toolchain/bin/../lib/gcc/arm-none-eabi/6.3.1/../../../../arm-none-eabi/lib/thumb/v7e-m\libc.a(lib_a-mlock.o)
__lock___sfp_recursive_mutex                      s:/atmel studio/7.0/toolchain/arm/arm-gnu-toolchain/bin/../lib/gcc/arm-none-eabi/6.3.1/../../../../arm-none-eabi/lib/thumb/v7e-m\libc.a(lib_a-lock.o)
                                                  s:/atmel studio/7.0/toolchain/arm/arm-gnu-toolchain/bin/../lib/gcc/arm-none-eabi/6.3.1/../../../../arm-none-eabi/lib/thumb/v7e-m\libc.a(lib_a-findfp.o)
__lock___sinit_recursive_mutex                    s:/atmel studio/7.0/toolchain/arm/arm-gnu-toolchain/bin/../lib/gcc/arm-none-eabi/6.3.1/../../../../arm-none-eabi/lib/thumb/v7e-m\libc.a(lib_a-lock.o)
                                                  s:/atmel studio/7.0/toolchain/arm/arm-gnu-toolchain/bin/../lib/gcc/arm-none-eabi/6.3.1/../../../../arm-none-eabi/lib/thumb/v7e-m\libc.a(lib_a-findfp.o)
__lock___tz_mutex                                 s:/atmel studio/7.0/toolchain/arm/arm-gnu-toolchain/bin/../lib/gcc/arm-none-eabi/6.3.1/../../../../arm-none-eabi/lib/thumb/v7e-m\libc.a(lib_a-lock.o)
__ltdf2                                           s:/atmel studio/7.0/toolchain/arm/arm-gnu-toolchain/bin/../lib/gcc/arm-none-eabi/6.3.1/thumb/v7e-m\libgcc.a(_arm_cmpdf2.o)
__malloc_av_                                      s:/atmel studio/7.0/toolchain/arm/arm-gnu-toolchain/bin/../lib/gcc/arm-none-eabi/6.3.1/../../../../arm-none-eabi/lib/thumb/v7e-m\libc.a(lib_a-mallocr.o)
                                                  s:/atmel studio/7.0/toolchain/arm/arm-gnu-toolchain/bin/../lib/gcc/arm-none-eabi/6.3.1/../../../../arm-none-eabi/lib/thumb/v7e-m\libc.a(lib_a-reallocr.o)
                                                  s:/atmel studio/7.0/toolchain/arm/arm-gnu-toolchain/bin/../lib/gcc/arm-none-eabi/6.3.1/../../../../arm-none-eabi/lib/thumb/v7e-m\libc.a(lib_a-freer.o)
__malloc_current_mallinfo                         s:/atmel studio/7.0/toolchain/arm/arm-gnu-toolchain/bin/../lib/gcc/arm-none-eabi/6.3.1/../../../../arm-none-eabi/lib/thumb/v7e-m\libc.a(lib_a-mallocr.o)
                                                  s:/atmel studio/7.0/toolchain/arm/arm-gnu-toolchain/bin/../lib/gcc/arm-none-eabi/6.3.1/../../../../arm-none-eabi/lib/thumb/v7e-m\libc.a(lib_a-freer.o)
__malloc_lock                                     s:/atmel studio/7.0/toolchain/arm/arm-gnu-toolchain/bin/../lib/gcc/arm-none-eabi/6.3.1/../../../../arm-none-eabi/lib/thumb/v7e-m\libc.a(lib_a-mlock.o)
                                                  s:/atmel studio/7.0/toolchain/arm/arm-gnu-toolchain/bin/../lib/gcc/arm-none-eabi/6.3.1/../../../../arm-none-eabi/lib/thumb/v7e-m\libc.a(lib_a-reallocr.o)
                                                  s:/atmel studio/7.0/toolchain/arm/arm-gnu-toolchain/bin/../lib/gcc/arm-none-eabi/6.3.1/../../../../arm-none-eabi/lib/thumb/v7e-m\libc.a(lib_a-mallocr.o)
                                                  s:/atmel studio/7.0/toolchain/arm/arm-gnu-toolchain/bin/../lib/gcc/arm-none-eabi/6.3.1/../../../../arm-none-eabi/lib/thumb/v7e-m\libc.a(lib_a-freer.o)
__malloc_max_sbrked_mem                           s:/atmel studio/7.0/toolchain/arm/arm-gnu-toolchain/bin/../lib/gcc/arm-none-eabi/6.3.1/../../../../arm-none-eabi/lib/thumb/v7e-m\libc.a(lib_a-mallocr.o)
__malloc_max_total_mem                            s:/atmel studio/7.0/toolchain/arm/arm-gnu-toolchain/bin/../lib/gcc/arm-none-eabi/6.3.1/../../../../arm-none-eabi/lib/thumb/v7e-m\libc.a(lib_a-mallocr.o)
__malloc_sbrk_base                                s:/atmel studio/7.0/toolchain/arm/arm-gnu-toolchain/bin/../lib/gcc/arm-none-eabi/6.3.1/../../../../arm-none-eabi/lib/thumb/v7e-m\libc.a(lib_a-mallocr.o)
                                                  s:/atmel studio/7.0/toolchain/arm/arm-gnu-toolchain/bin/../lib/gcc/arm-none-eabi/6.3.1/../../../../arm-none-eabi/lib/thumb/v7e-m\libc.a(lib_a-freer.o)
__malloc_top_pad                                  s:/atmel studio/7.0/toolchain/arm/arm-gnu-toolchain/bin/../lib/gcc/arm-none-eabi/6.3.1/../../../../arm-none-eabi/lib/thumb/v7e-m\libc.a(lib_a-mallocr.o)
                                                  s:/atmel studio/7.0/toolchain/arm/arm-gnu-toolchain/bin/../lib/gcc/arm-none-eabi/6.3.1/../../../../arm-none-eabi/lib/thumb/v7e-m\libc.a(lib_a-freer.o)
__malloc_trim_threshold                           s:/atmel studio/7.0/toolchain/arm/arm-gnu-toolchain/bin/../lib/gcc/arm-none-eabi/6.3.1/../../../../arm-none-eabi/lib/thumb/v7e-m\libc.a(lib_a-mallocr.o)
                                                  s:/atmel studio/7.0/toolchain/arm/arm-gnu-toolchain/bin/../lib/gcc/arm-none-eabi/6.3.1/../../../../arm-none-eabi/lib/thumb/v7e-m\libc.a(lib_a-freer.o)
__malloc_unlock                                   s:/atmel studio/7.0/toolchain/arm/arm-gnu-toolchain/bin/../lib/gcc/arm-none-eabi/6.3.1/../../../../arm-none-eabi/lib/thumb/v7e-m\libc.a(lib_a-mlock.o)
                                                  s:/atmel studio/7.0/toolchain/arm/arm-gnu-toolchain/bin/../lib/gcc/arm-none-eabi/6.3.1/../../../../arm-none-eabi/lib/thumb/v7e-m\libc.a(lib_a-reallocr.o)
                                                  s:/atmel studio/7.0/toolchain/arm/arm-gnu-toolchain/bin/../lib/gcc/arm-none-eabi/6.3.1/../../../../arm-none-eabi/lib/thumb/v7e-m\libc.a(lib_a-mallocr.o)
                                                  s:/atmel studio/7.0/toolchain/arm/arm-gnu-toolchain/bin/../lib/gcc/arm-none-eabi/6.3.1/../../../../arm-none-eabi/lib/thumb/v7e-m\libc.a(lib_a-freer.o)
__muldf3                                          s:/atmel studio/7.0/toolchain/arm/arm-gnu-toolchain/bin/../lib/gcc/arm-none-eabi/6.3.1/thumb/v7e-m\libgcc.a(_arm_muldivdf3.o)
__nedf2                                           s:/atmel studio/7.0/toolchain/arm/arm-gnu-toolchain/bin/../lib/gcc/arm-none-eabi/6.3.1/thumb/v7e-m\libgcc.a(_arm_cmpdf2.o)
__preinit_array_end                               s:/atmel studio/7.0/toolchain/arm/arm-gnu-toolchain/bin/../lib/gcc/arm-none-eabi/6.3.1/../../../../arm-none-eabi/lib/thumb/v7e-m\libc.a(lib_a-init.o)
__preinit_array_start                             s:/atmel studio/7.0/toolchain/arm/arm-gnu-toolchain/bin/../lib/gcc/arm-none-eabi/6.3.1/../../../../arm-none-eabi/lib/thumb/v7e-m\libc.a(lib_a-init.o)
__ram_end__                                       src/ASF/sam/utils/syscalls/gcc/syscalls.o
__register_exitproc                               s:/atmel studio/7.0/toolchain/arm/arm-gnu-toolchain/bin/../lib/gcc/arm-none-eabi/6.3.1/../../../../arm-none-eabi/lib/thumb/v7e-m\libc.a(lib_a-__atexit.o)
                                                  s:/atmel studio/7.0/toolchain/arm/arm-gnu-toolchain/bin/../lib/gcc/arm-none-eabi/6.3.1/../../../../arm-none-eabi/lib/thumb/v7e-m\libc.a(lib_a-atexit.o)
__register_frame_info                             s:/atmel studio/7.0/toolchain/arm/arm-gnu-toolchain/bin/../lib/gcc/arm-none-eabi/6.3.1/thumb/v7e-m/crtbegin.o
__retarget_lock_acquire                           s:/atmel studio/7.0/toolchain/arm/arm-gnu-toolchain/bin/../lib/gcc/arm-none-eabi/6.3.1/../../../../arm-none-eabi/lib/thumb/v7e-m\libc.a(lib_a-lock.o)
__retarget_lock_acquire_recursive                 s:/atmel studio/7.0/toolchain/arm/arm-gnu-toolchain/bin/../lib/gcc/arm-none-eabi/6.3.1/../../../../arm-none-eabi/lib/thumb/v7e-m\libc.a(lib_a-lock.o)
                                                  s:/atmel studio/7.0/toolchain/arm/arm-gnu-toolchain/bin/../lib/gcc/arm-none-eabi/6.3.1/../../../../arm-none-eabi/lib/thumb/v7e-m\libc.a(lib_a-fclose.o)
                                                  s:/atmel studio/7.0/toolchain/arm/arm-gnu-toolchain/bin/../lib/gcc/arm-none-eabi/6.3.1/../../../../arm-none-eabi/lib/thumb/v7e-m\libc.a(lib_a-__atexit.o)
                                                  s:/atmel studio/7.0/toolchain/arm/arm-gnu-toolchain/bin/../lib/gcc/arm-none-eabi/6.3.1/../../../../arm-none-eabi/lib/thumb/v7e-m\libc.a(lib_a-mlock.o)
                                                  s:/atmel studio/7.0/toolchain/arm/arm-gnu-toolchain/bin/../lib/gcc/arm-none-eabi/6.3.1/../../../../arm-none-eabi/lib/thumb/v7e-m\libc.a(lib_a-fputwc.o)
                                                  s:/atmel studio/7.0/toolchain/arm/arm-gnu-toolchain/bin/../lib/gcc/arm-none-eabi/6.3.1/../../../../arm-none-eabi/lib/thumb/v7e-m\libc.a(lib_a-findfp.o)
                                                  s:/atmel studio/7.0/toolchain/arm/arm-gnu-toolchain/bin/../lib/gcc/arm-none-eabi/6.3.1/../../../../arm-none-eabi/lib/thumb/v7e-m\libc.a(lib_a-fflush.o)
                                                  s:/atmel studio/7.0/toolchain/arm/arm-gnu-toolchain/bin/../lib/gcc/arm-none-eabi/6.3.1/../../../../arm-none-eabi/lib/thumb/v7e-m\libc.a(lib_a-__call_atexit.o)
                                                  s:/atmel studio/7.0/toolchain/arm/arm-gnu-toolchain/bin/../lib/gcc/arm-none-eabi/6.3.1/../../../../arm-none-eabi/lib/thumb/v7e-m\libc.a(lib_a-vfiprintf.o)
                                                  s:/atmel studio/7.0/toolchain/arm/arm-gnu-toolchain/bin/../lib/gcc/arm-none-eabi/6.3.1/../../../../arm-none-eabi/lib/thumb/v7e-m\libc.a(lib_a-puts.o)
__retarget_lock_close                             s:/atmel studio/7.0/toolchain/arm/arm-gnu-toolchain/bin/../lib/gcc/arm-none-eabi/6.3.1/../../../../arm-none-eabi/lib/thumb/v7e-m\libc.a(lib_a-lock.o)
__retarget_lock_close_recursive                   s:/atmel studio/7.0/toolchain/arm/arm-gnu-toolchain/bin/../lib/gcc/arm-none-eabi/6.3.1/../../../../arm-none-eabi/lib/thumb/v7e-m\libc.a(lib_a-lock.o)
                                                  s:/atmel studio/7.0/toolchain/arm/arm-gnu-toolchain/bin/../lib/gcc/arm-none-eabi/6.3.1/../../../../arm-none-eabi/lib/thumb/v7e-m\libc.a(lib_a-fclose.o)
                                                  s:/atmel studio/7.0/toolchain/arm/arm-gnu-toolchain/bin/../lib/gcc/arm-none-eabi/6.3.1/../../../../arm-none-eabi/lib/thumb/v7e-m\libc.a(lib_a-vfiprintf.o)
__retarget_lock_init                              s:/atmel studio/7.0/toolchain/arm/arm-gnu-toolchain/bin/../lib/gcc/arm-none-eabi/6.3.1/../../../../arm-none-eabi/lib/thumb/v7e-m\libc.a(lib_a-lock.o)
__retarget_lock_init_recursive                    s:/atmel studio/7.0/toolchain/arm/arm-gnu-toolchain/bin/../lib/gcc/arm-none-eabi/6.3.1/../../../../arm-none-eabi/lib/thumb/v7e-m\libc.a(lib_a-lock.o)
                                                  s:/atmel studio/7.0/toolchain/arm/arm-gnu-toolchain/bin/../lib/gcc/arm-none-eabi/6.3.1/../../../../arm-none-eabi/lib/thumb/v7e-m\libc.a(lib_a-findfp.o)
                                                  s:/atmel studio/7.0/toolchain/arm/arm-gnu-toolchain/bin/../lib/gcc/arm-none-eabi/6.3.1/../../../../arm-none-eabi/lib/thumb/v7e-m\libc.a(lib_a-vfiprintf.o)
__retarget_lock_release                           s:/atmel studio/7.0/toolchain/arm/arm-gnu-toolchain/bin/../lib/gcc/arm-none-eabi/6.3.1/../../../../arm-none-eabi/lib/thumb/v7e-m\libc.a(lib_a-lock.o)
__retarget_lock_release_recursive                 s:/atmel studio/7.0/toolchain/arm/arm-gnu-toolchain/bin/../lib/gcc/arm-none-eabi/6.3.1/../../../../arm-none-eabi/lib/thumb/v7e-m\libc.a(lib_a-lock.o)
                                                  s:/atmel studio/7.0/toolchain/arm/arm-gnu-toolchain/bin/../lib/gcc/arm-none-eabi/6.3.1/../../../../arm-none-eabi/lib/thumb/v7e-m\libc.a(lib_a-fclose.o)
                                                  s:/atmel studio/7.0/toolchain/arm/arm-gnu-toolchain/bin/../lib/gcc/arm-none-eabi/6.3.1/../../../../arm-none-eabi/lib/thumb/v7e-m\libc.a(lib_a-__atexit.o)
                                                  s:/atmel studio/7.0/toolchain/arm/arm-gnu-toolchain/bin/../lib/gcc/arm-none-eabi/6.3.1/../../../../arm-none-eabi/lib/thumb/v7e-m\libc.a(lib_a-mlock.o)
                                                  s:/atmel studio/7.0/toolchain/arm/arm-gnu-toolchain/bin/../lib/gcc/arm-none-eabi/6.3.1/../../../../arm-none-eabi/lib/thumb/v7e-m\libc.a(lib_a-fputwc.o)
                                                  s:/atmel studio/7.0/toolchain/arm/arm-gnu-toolchain/bin/../lib/gcc/arm-none-eabi/6.3.1/../../../../arm-none-eabi/lib/thumb/v7e-m\libc.a(lib_a-findfp.o)
                                                  s:/atmel studio/7.0/toolchain/arm/arm-gnu-toolchain/bin/../lib/gcc/arm-none-eabi/6.3.1/../../../../arm-none-eabi/lib/thumb/v7e-m\libc.a(lib_a-fflush.o)
                                                  s:/atmel studio/7.0/toolchain/arm/arm-gnu-toolchain/bin/../lib/gcc/arm-none-eabi/6.3.1/../../../../arm-none-eabi/lib/thumb/v7e-m\libc.a(lib_a-__call_atexit.o)
                                                  s:/atmel studio/7.0/toolchain/arm/arm-gnu-toolchain/bin/../lib/gcc/arm-none-eabi/6.3.1/../../../../arm-none-eabi/lib/thumb/v7e-m\libc.a(lib_a-vfiprintf.o)
                                                  s:/atmel studio/7.0/toolchain/arm/arm-gnu-toolchain/bin/../lib/gcc/arm-none-eabi/6.3.1/../../../../arm-none-eabi/lib/thumb/v7e-m\libc.a(lib_a-puts.o)
__retarget_lock_try_acquire                       s:/atmel studio/7.0/toolchain/arm/arm-gnu-toolchain/bin/../lib/gcc/arm-none-eabi/6.3.1/../../../../arm-none-eabi/lib/thumb/v7e-m\libc.a(lib_a-lock.o)
__retarget_lock_try_acquire_recursive             s:/atmel studio/7.0/toolchain/arm/arm-gnu-toolchain/bin/../lib/gcc/arm-none-eabi/6.3.1/../../../../arm-none-eabi/lib/thumb/v7e-m\libc.a(lib_a-lock.o)
__sclose                                          s:/atmel studio/7.0/toolchain/arm/arm-gnu-toolchain/bin/../lib/gcc/arm-none-eabi/6.3.1/../../../../arm-none-eabi/lib/thumb/v7e-m\libc.a(lib_a-stdio.o)
                                                  s:/atmel studio/7.0/toolchain/arm/arm-gnu-toolchain/bin/../lib/gcc/arm-none-eabi/6.3.1/../../../../arm-none-eabi/lib/thumb/v7e-m\libc.a(lib_a-findfp.o)
__seofread                                        s:/atmel studio/7.0/toolchain/arm/arm-gnu-toolchain/bin/../lib/gcc/arm-none-eabi/6.3.1/../../../../arm-none-eabi/lib/thumb/v7e-m\libc.a(lib_a-stdio.o)
__sflush_r                                        s:/atmel studio/7.0/toolchain/arm/arm-gnu-toolchain/bin/../lib/gcc/arm-none-eabi/6.3.1/../../../../arm-none-eabi/lib/thumb/v7e-m\libc.a(lib_a-fflush.o)
                                                  s:/atmel studio/7.0/toolchain/arm/arm-gnu-toolchain/bin/../lib/gcc/arm-none-eabi/6.3.1/../../../../arm-none-eabi/lib/thumb/v7e-m\libc.a(lib_a-fclose.o)
__sfmoreglue                                      s:/atmel studio/7.0/toolchain/arm/arm-gnu-toolchain/bin/../lib/gcc/arm-none-eabi/6.3.1/../../../../arm-none-eabi/lib/thumb/v7e-m\libc.a(lib_a-findfp.o)
__sfp                                             s:/atmel studio/7.0/toolchain/arm/arm-gnu-toolchain/bin/../lib/gcc/arm-none-eabi/6.3.1/../../../../arm-none-eabi/lib/thumb/v7e-m\libc.a(lib_a-findfp.o)
__sfp_lock_acquire                                s:/atmel studio/7.0/toolchain/arm/arm-gnu-toolchain/bin/../lib/gcc/arm-none-eabi/6.3.1/../../../../arm-none-eabi/lib/thumb/v7e-m\libc.a(lib_a-findfp.o)
                                                  s:/atmel studio/7.0/toolchain/arm/arm-gnu-toolchain/bin/../lib/gcc/arm-none-eabi/6.3.1/../../../../arm-none-eabi/lib/thumb/v7e-m\libc.a(lib_a-fclose.o)
__sfp_lock_release                                s:/atmel studio/7.0/toolchain/arm/arm-gnu-toolchain/bin/../lib/gcc/arm-none-eabi/6.3.1/../../../../arm-none-eabi/lib/thumb/v7e-m\libc.a(lib_a-findfp.o)
                                                  s:/atmel studio/7.0/toolchain/arm/arm-gnu-toolchain/bin/../lib/gcc/arm-none-eabi/6.3.1/../../../../arm-none-eabi/lib/thumb/v7e-m\libc.a(lib_a-fclose.o)
__sfvwrite_r                                      s:/atmel studio/7.0/toolchain/arm/arm-gnu-toolchain/bin/../lib/gcc/arm-none-eabi/6.3.1/../../../../arm-none-eabi/lib/thumb/v7e-m\libc.a(lib_a-fvwrite.o)
                                                  s:/atmel studio/7.0/toolchain/arm/arm-gnu-toolchain/bin/../lib/gcc/arm-none-eabi/6.3.1/../../../../arm-none-eabi/lib/thumb/v7e-m\libc.a(lib_a-vfiprintf.o)
                                                  s:/atmel studio/7.0/toolchain/arm/arm-gnu-toolchain/bin/../lib/gcc/arm-none-eabi/6.3.1/../../../../arm-none-eabi/lib/thumb/v7e-m\libc.a(lib_a-puts.o)
__sinit                                           s:/atmel studio/7.0/toolchain/arm/arm-gnu-toolchain/bin/../lib/gcc/arm-none-eabi/6.3.1/../../../../arm-none-eabi/lib/thumb/v7e-m\libc.a(lib_a-findfp.o)
                                                  s:/atmel studio/7.0/toolchain/arm/arm-gnu-toolchain/bin/../lib/gcc/arm-none-eabi/6.3.1/../../../../arm-none-eabi/lib/thumb/v7e-m\libc.a(lib_a-fclose.o)
                                                  s:/atmel studio/7.0/toolchain/arm/arm-gnu-toolchain/bin/../lib/gcc/arm-none-eabi/6.3.1/../../../../arm-none-eabi/lib/thumb/v7e-m\libc.a(lib_a-wbuf.o)
                                                  s:/atmel studio/7.0/toolchain/arm/arm-gnu-toolchain/bin/../lib/gcc/arm-none-eabi/6.3.1/../../../../arm-none-eabi/lib/thumb/v7e-m\libc.a(lib_a-fputwc.o)
                                                  s:/atmel studio/7.0/toolchain/arm/arm-gnu-toolchain/bin/../lib/gcc/arm-none-eabi/6.3.1/../../../../arm-none-eabi/lib/thumb/v7e-m\libc.a(lib_a-fflush.o)
                                                  s:/atmel studio/7.0/toolchain/arm/arm-gnu-toolchain/bin/../lib/gcc/arm-none-eabi/6.3.1/../../../../arm-none-eabi/lib/thumb/v7e-m\libc.a(lib_a-wsetup.o)
                                                  s:/atmel studio/7.0/toolchain/arm/arm-gnu-toolchain/bin/../lib/gcc/arm-none-eabi/6.3.1/../../../../arm-none-eabi/lib/thumb/v7e-m\libc.a(lib_a-vfiprintf.o)
                                                  s:/atmel studio/7.0/toolchain/arm/arm-gnu-toolchain/bin/../lib/gcc/arm-none-eabi/6.3.1/../../../../arm-none-eabi/lib/thumb/v7e-m\libc.a(lib_a-puts.o)
__sinit_lock_acquire                              s:/atmel studio/7.0/toolchain/arm/arm-gnu-toolchain/bin/../lib/gcc/arm-none-eabi/6.3.1/../../../../arm-none-eabi/lib/thumb/v7e-m\libc.a(lib_a-findfp.o)
__sinit_lock_release                              s:/atmel studio/7.0/toolchain/arm/arm-gnu-toolchain/bin/../lib/gcc/arm-none-eabi/6.3.1/../../../../arm-none-eabi/lib/thumb/v7e-m\libc.a(lib_a-findfp.o)
__smakebuf_r                                      s:/atmel studio/7.0/toolchain/arm/arm-gnu-toolchain/bin/../lib/gcc/arm-none-eabi/6.3.1/../../../../arm-none-eabi/lib/thumb/v7e-m\libc.a(lib_a-makebuf.o)
                                                  s:/atmel studio/7.0/toolchain/arm/arm-gnu-toolchain/bin/../lib/gcc/arm-none-eabi/6.3.1/../../../../arm-none-eabi/lib/thumb/v7e-m\libc.a(lib_a-wsetup.o)
__sprint_r                                        s:/atmel studio/7.0/toolchain/arm/arm-gnu-toolchain/bin/../lib/gcc/arm-none-eabi/6.3.1/../../../../arm-none-eabi/lib/thumb/v7e-m\libc.a(lib_a-vfiprintf.o)
__sread                                           s:/atmel studio/7.0/toolchain/arm/arm-gnu-toolchain/bin/../lib/gcc/arm-none-eabi/6.3.1/../../../../arm-none-eabi/lib/thumb/v7e-m\libc.a(lib_a-stdio.o)
                                                  s:/atmel studio/7.0/toolchain/arm/arm-gnu-toolchain/bin/../lib/gcc/arm-none-eabi/6.3.1/../../../../arm-none-eabi/lib/thumb/v7e-m\libc.a(lib_a-findfp.o)
__sseek                                           s:/atmel studio/7.0/toolchain/arm/arm-gnu-toolchain/bin/../lib/gcc/arm-none-eabi/6.3.1/../../../../arm-none-eabi/lib/thumb/v7e-m\libc.a(lib_a-stdio.o)
                                                  s:/atmel studio/7.0/toolchain/arm/arm-gnu-toolchain/bin/../lib/gcc/arm-none-eabi/6.3.1/../../../../arm-none-eabi/lib/thumb/v7e-m\libc.a(lib_a-findfp.o)
__stack                                           s:/atmel studio/7.0/toolchain/arm/arm-gnu-toolchain/bin/../lib/gcc/arm-none-eabi/6.3.1/../../../../arm-none-eabi/lib/thumb/v7e-m/crt0.o
__subdf3                                          s:/atmel studio/7.0/toolchain/arm/arm-gnu-toolchain/bin/../lib/gcc/arm-none-eabi/6.3.1/thumb/v7e-m\libgcc.a(_arm_addsubdf3.o)
__swbuf                                           s:/atmel studio/7.0/toolchain/arm/arm-gnu-toolchain/bin/../lib/gcc/arm-none-eabi/6.3.1/../../../../arm-none-eabi/lib/thumb/v7e-m\libc.a(lib_a-wbuf.o)
__swbuf_r                                         s:/atmel studio/7.0/toolchain/arm/arm-gnu-toolchain/bin/../lib/gcc/arm-none-eabi/6.3.1/../../../../arm-none-eabi/lib/thumb/v7e-m\libc.a(lib_a-wbuf.o)
                                                  s:/atmel studio/7.0/toolchain/arm/arm-gnu-toolchain/bin/../lib/gcc/arm-none-eabi/6.3.1/../../../../arm-none-eabi/lib/thumb/v7e-m\libc.a(lib_a-fputwc.o)
__swhatbuf_r                                      s:/atmel studio/7.0/toolchain/arm/arm-gnu-toolchain/bin/../lib/gcc/arm-none-eabi/6.3.1/../../../../arm-none-eabi/lib/thumb/v7e-m\libc.a(lib_a-makebuf.o)
__swrite                                          s:/atmel studio/7.0/toolchain/arm/arm-gnu-toolchain/bin/../lib/gcc/arm-none-eabi/6.3.1/../../../../arm-none-eabi/lib/thumb/v7e-m\libc.a(lib_a-stdio.o)
                                                  s:/atmel studio/7.0/toolchain/arm/arm-gnu-toolchain/bin/../lib/gcc/arm-none-eabi/6.3.1/../../../../arm-none-eabi/lib/thumb/v7e-m\libc.a(lib_a-findfp.o)
__swsetup_r                                       s:/atmel studio/7.0/toolchain/arm/arm-gnu-toolchain/bin/../lib/gcc/arm-none-eabi/6.3.1/../../../../arm-none-eabi/lib/thumb/v7e-m\libc.a(lib_a-wsetup.o)
                                                  s:/atmel studio/7.0/toolchain/arm/arm-gnu-toolchain/bin/../lib/gcc/arm-none-eabi/6.3.1/../../../../arm-none-eabi/lib/thumb/v7e-m\libc.a(lib_a-wbuf.o)
                                                  s:/atmel studio/7.0/toolchain/arm/arm-gnu-toolchain/bin/../lib/gcc/arm-none-eabi/6.3.1/../../../../arm-none-eabi/lib/thumb/v7e-m\libc.a(lib_a-fvwrite.o)
                                                  s:/atmel studio/7.0/toolchain/arm/arm-gnu-toolchain/bin/../lib/gcc/arm-none-eabi/6.3.1/../../../../arm-none-eabi/lib/thumb/v7e-m\libc.a(lib_a-vfiprintf.o)
__truncdfsf2                                      s:/atmel studio/7.0/toolchain/arm/arm-gnu-toolchain/bin/../lib/gcc/arm-none-eabi/6.3.1/thumb/v7e-m\libgcc.a(_arm_truncdfsf2.o)
__udivmoddi4                                      s:/atmel studio/7.0/toolchain/arm/arm-gnu-toolchain/bin/../lib/gcc/arm-none-eabi/6.3.1/thumb/v7e-m\libgcc.a(_udivmoddi4.o)
                                                  s:/atmel studio/7.0/toolchain/arm/arm-gnu-toolchain/bin/../lib/gcc/arm-none-eabi/6.3.1/thumb/v7e-m\libgcc.a(_aeabi_uldivmod.o)
__unorddf2                                        s:/atmel studio/7.0/toolchain/arm/arm-gnu-toolchain/bin/../lib/gcc/arm-none-eabi/6.3.1/thumb/v7e-m\libgcc.a(_arm_unorddf2.o)
_cleanup                                          s:/atmel studio/7.0/toolchain/arm/arm-gnu-toolchain/bin/../lib/gcc/arm-none-eabi/6.3.1/../../../../arm-none-eabi/lib/thumb/v7e-m\libc.a(lib_a-findfp.o)
_cleanup_r                                        s:/atmel studio/7.0/toolchain/arm/arm-gnu-toolchain/bin/../lib/gcc/arm-none-eabi/6.3.1/../../../../arm-none-eabi/lib/thumb/v7e-m\libc.a(lib_a-findfp.o)
                                                  s:/atmel studio/7.0/toolchain/arm/arm-gnu-toolchain/bin/../lib/gcc/arm-none-eabi/6.3.1/../../../../arm-none-eabi/lib/thumb/v7e-m\libc.a(lib_a-makebuf.o)
_close                                            src/ASF/sam/utils/syscalls/gcc/syscalls.o
                                                  s:/atmel studio/7.0/toolchain/arm/arm-gnu-toolchain/bin/../lib/gcc/arm-none-eabi/6.3.1/../../../../arm-none-eabi/lib/thumb/v7e-m\libc.a(lib_a-closer.o)
_close_r                                          s:/atmel studio/7.0/toolchain/arm/arm-gnu-toolchain/bin/../lib/gcc/arm-none-eabi/6.3.1/../../../../arm-none-eabi/lib/thumb/v7e-m\libc.a(lib_a-closer.o)
                                                  s:/atmel studio/7.0/toolchain/arm/arm-gnu-toolchain/bin/../lib/gcc/arm-none-eabi/6.3.1/../../../../arm-none-eabi/lib/thumb/v7e-m\libc.a(lib_a-stdio.o)
_ctype_                                           s:/atmel studio/7.0/toolchain/arm/arm-gnu-toolchain/bin/../lib/gcc/arm-none-eabi/6.3.1/../../../../arm-none-eabi/lib/thumb/v7e-m\libc.a(lib_a-ctype_.o)
                                                  s:/atmel studio/7.0/toolchain/arm/arm-gnu-toolchain/bin/../lib/gcc/arm-none-eabi/6.3.1/../../../../arm-none-eabi/lib/thumb/v7e-m\libc.a(lib_a-locale.o)
_end                                              src/ASF/sam/utils/syscalls/gcc/syscalls.o
_erelocate                                        src/ASF/sam/utils/cmsis/sam4s/source/templates/gcc/startup_sam4s.o
_estack                                           src/ASF/sam/utils/cmsis/sam4s/source/templates/gcc/startup_sam4s.o
_etext                                            src/ASF/sam/utils/cmsis/sam4s/source/templates/gcc/startup_sam4s.o
_exit                                             src/ASF/sam/utils/syscalls/gcc/syscalls.o